Component: ARM Compiler 5.05 update 1 (build 106) Tool: armlink [4d0efa]

==============================================================================

Section Cross References

    main.o(i.__sti___8_main_cpp_com) refers to usart.o(i._ZN5USARTC1Ehjbhhhhhttt) for USART::USART(unsigned char, unsigned, bool, unsigned char, unsigned char, unsigned char, unsigned char, unsigned char, unsigned short, unsigned short, unsigned short)
    main.o(i.__sti___8_main_cpp_com) refers to aeabi_atexit.o(i.__aeabi_atexit) for __aeabi_atexit
    main.o(i.__sti___8_main_cpp_com) refers to gpio.o(i._ZN4GPIOC1EP12GPIO_TypeDeft16GPIOMode_TypeDef17GPIOSpeed_TypeDef) for GPIO::GPIO(GPIO_TypeDef*, unsigned short, GPIOMode_TypeDef, GPIOSpeed_TypeDef)
    main.o(i.__sti___8_main_cpp_com) refers to memory.o(i._ZN6MemoryC1Ejb) for Memory::Memory(unsigned, bool)
    main.o(i.__sti___8_main_cpp_com) refers to wifi_memory.o(i._ZN10WifiMemoryC1ER6Memory) for WifiMemory::WifiMemory(Memory&)
    main.o(i.__sti___8_main_cpp_com) refers to hcho.o(i._ZN4HCHOC1ER5USART) for HCHO::HCHO(USART&)
    main.o(i.__sti___8_main_cpp_com) refers to esp8266.o(i._ZN7esp8266C1ER5USART) for esp8266::esp8266(USART&)
    main.o(i.__sti___8_main_cpp_com) refers to hint.o(i._ZN4hintC1E4GPIOS0_) for hint::hint(GPIO, GPIO)
    main.o(i.__sti___8_main_cpp_com) refers to main.o(.bss) for com
    main.o(i.__sti___8_main_cpp_com) refers to usart.o(i._ZN5USARTD1Ev) for USART::~USART()
    main.o(i.__sti___8_main_cpp_com) refers to main.o(.data) for InfoStore
    main.o(i.__sti___8_main_cpp_com) refers to hcho.o(i._ZN4HCHOD1Ev) for HCHO::~HCHO()
    main.o(i.main) refers to calloc.o(.text) for calloc
    main.o(i.main) refers to taskmanager.o(i._ZN11TaskManager6DelaySEt) for TaskManager::DelayS(unsigned short)
    main.o(i.main) refers to esp8266.o(i._ZN7esp826621ConnectNetwork_clientEPcS0_S0_s) for esp8266::ConnectNetwork_client(char*, char*, char*, short)
    main.o(i.main) refers to usart.o(i._ZN5USARTlsEPKc) for USART::operator <<(const char*)
    main.o(i.main) refers to esp8266.o(i._ZN7esp826621ConnectNetwork_serverEs) for esp8266::ConnectNetwork_server(short)
    main.o(i.main) refers to hint.o(i._ZN4hint13ledFlicker_2sEv) for hint::ledFlicker_2s()
    main.o(i.main) refers to gpio.o(i._ZN4GPIO8SetLevelEh) for GPIO::SetLevel(unsigned char)
    main.o(i.main) refers to transmission.o(i._ZN12Transmission13GetStateOrderER5USART) for Transmission::GetStateOrder(USART&)
    main.o(i.main) refers to taskmanager.o(i._ZN11TaskManager9ClockToolERdd) for TaskManager::ClockTool(double&, double)
    main.o(i.main) refers to hcho.o(i._ZN4HCHO6UpdataEv) for HCHO::Updata()
    main.o(i.main) refers to transmission.o(i._ZN12Transmission12ToServerPackEhhhh) for Transmission::ToServerPack(unsigned char, unsigned char, unsigned char, unsigned char)
    main.o(i.main) refers to esp8266.o(i._ZN7esp82664SendEiPh) for esp8266::Send(int, unsigned char*)
    main.o(i.main) refers to usart.o(i._ZN5USARTlsEi) for USART::operator <<(int)
    main.o(i.main) refers to transmission.o(i._ZN12Transmission12ToClientPackEhhhh) for Transmission::ToClientPack(unsigned char, unsigned char, unsigned char, unsigned char)
    main.o(i.main) refers to esp8266.o(i._ZN7esp82664SendEciPh) for esp8266::Send(char, int, unsigned char*)
    main.o(i.main) refers to wifi_memory.o(i._ZN10WifiMemory12ClearAllDataEv) for WifiMemory::ClearAllData()
    main.o(i.main) refers to taskmanager.o(i._ZN11TaskManager4TimeEv) for TaskManager::Time()
    main.o(i.main) refers to transmission.o(i._ZN12Transmission22GetWifiNameAndPasswordEPcS0_R5USART) for Transmission::GetWifiNameAndPassword(char*, char*, USART&)
    main.o(i.main) refers to wifi_memory.o(i._ZN10WifiMemory4SaveEPcS0_) for WifiMemory::Save(char*, char*)
    main.o(i.main) refers to usart.o(i._ZN5USART18ClearReceiveBufferEv) for USART::ClearReceiveBuffer()
    main.o(i.main) refers to transmission.o(i._ZN12Transmission9SendAliveER7esp8266hb) for Transmission::SendAlive(esp8266&, unsigned char, bool)
    main.o(i.main) refers to taskmanager.o(.data) for tskmgr
    main.o(i.main) refers to main.o(.bss) for wifi
    main.o(i.main) refers to transmission.o(.bss) for CMCT_Tool
    main.o(.ARM.exidx) refers to main.o(i.main) for i.main
    main.o(.ARM.exidx) refers to main.o(i.__sti___8_main_cpp_com) for i.__sti___8_main_cpp_com
    main.o(.init_array) refers to main.o(i.__sti___8_main_cpp_com) for __sti___8_main_cpp_com
    main.o(.init_array) refers to init_aeabi.o(.text) for __cpp_initialize__aeabi_
    hcho.o(i._ZN4HCHO6UpdataEv) refers to usart.o(i._ZN5USART8SendDataEPhj) for USART::SendData(unsigned char*, unsigned)
    hcho.o(i._ZN4HCHO6UpdataEv) refers to usart.o(i._ZN5USART17ReceiveBufferSizeEv) for USART::ReceiveBufferSize()
    hcho.o(i._ZN4HCHO6UpdataEv) refers to usart.o(i._ZN5USART15GetReceivedDataEPht) for USART::GetReceivedData(unsigned char*, unsigned short)
    hcho.o(i._ZN4HCHO6UpdataEv) refers to dflt_clz.o(x$fpl$dfltu) for __aeabi_ui2d
[...]
    usr\main.cpp                             0x00000000   Number         0  main.o ABSOLUTE
    usr\transmission.cpp                     0x00000000   Number         0  transmission.o ABSOLUTE
    RESET                                    0x08000000   Section      236  startup_stm32f10x_md.o(RESET)
    !!!main                                  0x080000ec   Section        8  __main.o(!!!main)
    !!!scatter                               0x080000f4   Section       52  __scatter.o(!!!scatter)
    !!handler_copy                           0x08000128   Section       26  __scatter_copy.o(!!handler_copy)
    !!handler_zi                             0x08000144   Section       28  __scatter_zi.o(!!handler_zi)
    .ARM.Collect$$libinit$$00000000          0x08000160   Section        2  libinit.o(.ARM.Collect$$libinit$$00000000)
    .ARM.Collect$$libinit$$00000002          0x08000162   Section        0  libinit2.o(.ARM.Collect$$libinit$$00000002)
    .ARM.Collect$$libinit$$00000004          0x08000162   Section        0  libinit2.o(.ARM.Collect$$libinit$$00000004)
    .ARM.Collect$$libinit$$00000005          0x08000162   Section        8  libinit2.o(.ARM.Collect$$libinit$$00000005)
    .ARM.Collect$$libinit$$0000000A          0x0800016a   Section        0  libinit2.o(.ARM.Collect$$libinit$$0000000A)
    .ARM.Collect$$libinit$$0000000C          0x0800016a   Section        0  libinit2.o(.ARM.Collect$$libinit$$0000000C)
    .ARM.Collect$$libinit$$0000000E          0x0800016a   Section        0  libinit2.o(.ARM.Collect$$libinit$$0000000E)
    .ARM.Collect$$libinit$$00000011          0x0800016a   Section        0  libinit2.o(.ARM.Collect$$libinit$$00000011)
    .ARM.Collect$$libinit$$00000013          0x0800016a   Section        0  libinit2.o(.ARM.Collect$$libinit$$00000013)
    .ARM.Collect$$libinit$$00000015          0x0800016a   Section        0  libinit2.o(.ARM.Collect$$libinit$$00000015)
    .ARM.Collect$$libinit$$00000017          0x0800016a   Section        0  libinit2.o(.ARM.Collect$$libinit$$00000017)
    .ARM.Collect$$libinit$$00000019          0x0800016a   Section        0  libinit2.o(.ARM.Collect$$libinit$$00000019)
    .ARM.Collect$$libinit$$0000001B          0x0800016a   Section        0  libinit2.o(.ARM.Collect$$libinit$$0000001B)
    .ARM.Collect$$libinit$$0000001D          0x0800016a   Section        0  libinit2.o(.ARM.Collect$$libinit$$0000001D)
    .ARM.Collect$$libinit$$0000001F          0x0800016a   Section        0  libinit2.o(.ARM.Collect$$libinit$$0000001F)
    .ARM.Collect$$libinit$$00000021          0x0800016a   Section        0  libinit2.o(.ARM.Collect$$libinit$$00000021)
    .ARM.Collect$$libinit$$00000023          0x0800016a   Section        0  libinit2.o(.ARM.Collect$$libinit$$00000023)
    .ARM.Collect$$libinit$$00000025          0x0800016a   Section        0  libinit2.o(.ARM.Collect$$libinit$$00000025)
    .ARM.Collect$$libinit$$0000002C          0x0800016a   Section        0  libinit2.o(.ARM.Collect$$libinit$$0000002C)
    .ARM.Collect$$libinit$$0000002E          0x0800016a   Section        0  libinit2.o(.ARM.Collect$$libinit$$0000002E)
    .ARM.Collect$$libinit$$00000030          0x0800016a   Section        0  libinit2.o(.ARM.Collect$$libinit$$00000030)
    .ARM.Collect$$libinit$$00000031          0x0800016a   Section        4  libinit2.o(.ARM.Collect$$libinit$$00000031)
    .ARM.Collect$$libinit$$00000032          0x0800016e   Section        0  libinit2.o(.ARM.Collect$$libinit$$00000032)
    .ARM.Collect$$libinit$$00000033          0x0800016e   Section        2  libinit2.o(.ARM.Collect$$libinit$$00000033)
    .ARM.Collect$$libshutdown$$00000000      0x08000170   Section        2  libshutdown.o(.ARM.Collect$$libshutdown$$00000000)
    .ARM.Collect$$libshutdown$$00000001      0x08000172   Section        6  libshutdown2.o(.ARM.Collect$$libshutdown$$00000001)
    .ARM.Collect$$libshutdown$$00000003      0x08000178   Section        0  libshutdown2.o(.ARM.Collect$$libshutdown$$00000003)
    .ARM.Collect$$libshutdown$$00000006      0x08000178   Section        0  libshutdown2.o(.ARM.Collect$$libshutdown$$00000006)
    .ARM.Collect$$libshutdown$$00000009      0x08000178   Section        0  libshutdown2.o(.ARM.Collect$$libshutdown$$00000009)
    .ARM.Collect$$libshutdown$$0000000B      0x08000178   Section        0  libshutdown2.o(.ARM.Collect$$libshutdown$$0000000B)
    .ARM.Collect$$libshutdown$$0000000E      0x08000178   Section        0  libshutdown2.o(.ARM.Collect$$libshutdown$$0000000E)
    .ARM.Collect$$libshutdown$$0000000F      0x08000178   Section        2  libshutdown2.o(.ARM.Collect$$libshutdown$$0000000F)
    .ARM.Collect$$rtentry$$00000000          0x0800017a   Section        0  __rtentry.o(.ARM.Collect$$rtentry$$00000000)
    .ARM.Collect$$rtentry$$00000002          0x0800017a   Section        0  __rtentry2.o(.ARM.Collect$$rtentry$$00000002)
    .ARM.Collect$$rtentry$$00000004          0x0800017a   Section        6  __rtentry4.o(.ARM.Collect$$rtentry$$00000004)
    .ARM.Collect$$rtentry$$00000009          0x08000180   Section        0  __rtentry2.o(.ARM.Collect$$rtentry$$00000009)
    .ARM.Collect$$rtentry$$0000000A          0x08000180   Section        4  __rtentry2.o(.ARM.Collect$$rtentry$$0000000A)
    .ARM.Collect$$rtentry$$0000000C          0x08000184   Section        0  __rtentry2.o(.ARM.Collect$$rtentry$$0000000C)
    .ARM.Collect$$rtentry$$0000000D          0x08000184   Section        8  __rtentry2.o(.ARM.Collect$$rtentry$$0000000D)
    .ARM.Collect$$rtexit$$00000000           0x0800018c   Section        2  rtexit.o(.ARM.Collect$$rtexit$$00000000)
    .ARM.Collect$$rtexit$$00000002           0x0800018e   Section        0  rtexit2.o(.ARM.Collect$$rtexit$$00000002)
    .ARM.Collect$$rtexit$$00000003           0x0800018e   Section        4  rtexit2.o(.ARM.Collect$$rtexit$$00000003)
    .ARM.Collect$$rtexit$$00000004           0x08000192   Section        6  rtexit2.o(.ARM.Collect$$rtexit$$00000004)
    .emb_text                                0x08000198   Section        0  maybetermalloc1.o(.emb_text)
    .text                                    0x08000198   Section       64  startup_stm32f10x_md.o(.text)
    .text                                    0x080001d8   Section        0  calloc.o(.text)
    .text                                    0x08000200   Section        0  strstr.o(.text)
    .text                                    0x08000224   Section        0  heapauxi.o(.text)
    .text                                    0x0800022c   Section        0  init_aeabi.o(.text)
    .text                                    0x08000250   Section        8  rt_ddtor_pointer_addr_intlibspace.o(.text)
    .text                                    0x08000258   Section        0  h1_alloc.o(.text)
    .text                                    0x080002b6   Section       68  rt_memclr.o(.text)
    .text                                    0x080002fc   Section        8  libspace.o(.text)
    .text                                    0x08000304   Section        8  rt_heap_descriptor_intlibspace.o(.text)
    .text                                    0x0800030c   Section        0  hguard.o(.text)
    .text                                    0x08000310   Section        0  init_alloc.o(.text)
    .text                                    0x0800039a   Section        0  h1_init.o(.text)
    .text                                    0x080003a8   Section        0  h1_free.o(.text)
    .text                                    0x080003f6   Section       78  rt_memclr_w.o(.text)
    .text                                    0x08000444   Section       74  sys_stackheap_outer.o(.text)
    .text                                    0x0800048e   Section        0  h1_extend.o(.text)
    .text                                    0x080004c2   Section        0  exit.o(.text)
    .text                                    0x080004ce   Section        0  defsig_rtmem_outer.o(.text)
    .text                                    0x080004dc   Section        2  use_no_semi.o(.text)
    .text                                    0x080004de   Section        0  indicate_semi.o(.text)
    .text                                    0x080004de   Section        0  defsig_exit.o(.text)
    .text                                    0x080004e8   Section        0  defsig_rtmem_inner.o(.text)
    .text                                    0x08000538   Section        0  sys_exit.o(.text)
    .text                                    0x08000544   Section        0  defsig_general.o(.text)
    .text                                    0x08000576   Section        0  sys_wrch.o(.text)
    i.DMA1_Channel2_IRQHandler               0x08000584   Section        0  interrupt.o(i.DMA1_Channel2_IRQHandler)
    i.DMA1_Channel4_IRQHandler               0x0800059c   Section        0  interrupt.o(i.DMA1_Channel4_IRQHandler)
    i.DMA1_Channel7_IRQHandler               0x080005b4   Section        0  interrupt.o(i.DMA1_Channel7_IRQHandler)
    i.DMA_ClearFlag                          0x080005cc   Section        0  stm32f10x_dma.o(i.DMA_ClearFlag)
    i.DMA_ClearITPendingBit                  0x080005e8   Section        0  stm32f10x_dma.o(i.DMA_ClearITPendingBit)
    i.DMA_Cmd                                0x08000604   Section        0  stm32f10x_dma.o(i.DMA_Cmd)
    i.DMA_GetFlagStatus                      0x0800061c   Section        0  stm32f10x_dma.o(i.DMA_GetFlagStatus)
    i.DMA_Init                               0x08000648   Section        0  stm32f10x_dma.o(i.DMA_Init)
    i.FLASH_ClearFlag                        0x08000684   Section        0  stm32f10x_flash.o(i.FLASH_ClearFlag)
    i.FLASH_ErasePage                        0x08000690   Section        0  stm32f10x_flash.o(i.FLASH_ErasePage)
    i.FLASH_GetBank1Status                   0x080006dc   Section        0  stm32f10x_flash.o(i.FLASH_GetBank1Status)
    i.FLASH_Lock                             0x08000710   Section        0  stm32f10x_flash.o(i.FLASH_Lock)
    i.FLASH_ProgramHalfWord                  0x08000724   Section        0  stm32f10x_flash.o(i.FLASH_ProgramHalfWord)
    i.FLASH_ProgramWord                      0x08000764   Section        0  stm32f10x_flash.o(i.FLASH_ProgramWord)
    i.FLASH_Unlock                           0x080007d0   Section        0  stm32f10x_flash.o(i.FLASH_Unlock)
    i.FLASH_WaitForLastOperation             0x080007e8   Section        0  stm32f10x_flash.o(i.FLASH_WaitForLastOperation)
    i.GPIO_Init                              0x0800080e   Section        0  stm32f10x_gpio.o(i.GPIO_Init)
    i.GPIO_PinRemapConfig                    0x08000924   Section        0  stm32f10x_gpio.o(i.GPIO_PinRemapConfig)
    i.GPIO_ResetBits                         0x080009b4   Section        0  stm32f10x_gpio.o(i.GPIO_ResetBits)
    i.GPIO_SetBits                           0x080009b8   Section        0  stm32f10x_gpio.o(i.GPIO_SetBits)
    i.NVIC_Init                              0x080009bc   Section        0  misc.o(i.NVIC_Init)
    i.NVIC_PriorityGroupConfig               0x08000a2c   Section        0  misc.o(i.NVIC_PriorityGroupConfig)
    i.RCC_AHBPeriphClockCmd                  0x08000a40   Section        0  stm32f10x_rcc.o(i.RCC_AHBPeriphClockCmd)
    i.RCC_APB1PeriphClockCmd                 0x08000a60   Section        0  stm32f10x_rcc.o(i.RCC_APB1PeriphClockCmd)
    i.RCC_APB2PeriphClockCmd                 0x08000a80   Section        0  stm32f10x_rcc.o(i.RCC_APB2PeriphClockCmd)
    i.RCC_GetClocksFreq                      0x08000aa0   Section        0  stm32f10x_rcc.o(i.RCC_GetClocksFreq)
    i.SetSysClock                            0x08000b74   Section        0  system_stm32f10x.o(i.SetSysClock)
    SetSysClock                              0x08000b75   Thumb Code     8  system_stm32f10x.o(i.SetSysClock)
    i.SetSysClockTo72                        0x08000b7c   Section        0  system_stm32f10x.o(i.SetSysClockTo72)
    SetSysClockTo72                          0x08000b7d   Thumb Code   214  system_stm32f10x.o(i.SetSysClockTo72)
    i.SysTick_Handler                        0x08000c5c   Section        0  taskmanager.o(i.SysTick_Handler)
    i.SystemInit                             0x08000c7c   Section        0  system_stm32f10x.o(i.SystemInit)
    i.USART1_IRQHandler                      0x08000cdc   Section        0  interrupt.o(i.USART1_IRQHandler)
    i.USART2_IRQHandler                      0x08000cf4   Section        0  interrupt.o(i.USART2_IRQHandler)
    i.USART3_IRQHandler                      0x08000d0c   Section        0  interrupt.o(i.USART3_IRQHandler)
    i.USART_ClearITPendingBit                0x08000d24   Section        0  stm32f10x_usart.o(i.USART_ClearITPendingBit)
    i.USART_Cmd                              0x08000d42   Section        0  stm32f10x_usart.o(i.USART_Cmd)
    i.USART_DMACmd                           0x08000d5a   Section        0  stm32f10x_usart.o(i.USART_DMACmd)
    i.USART_GetFlagStatus                    0x08000d6c   Section        0  stm32f10x_usart.o(i.USART_GetFlagStatus)
    i.USART_GetITStatus                      0x08000d86   Section        0  stm32f10x_usart.o(i.USART_GetITStatus)
    i.USART_ITConfig                         0x08000dda   Section        0  stm32f10x_usart.o(i.USART_ITConfig)
    i.USART_Init                             0x08000e24   Section        0  stm32f10x_usart.o(i.USART_Init)
    i.USART_ReceiveData                      0x08000efc   Section        0  stm32f10x_usart.o(i.USART_ReceiveData)
    i.USART_SendData                         0x08000f06   Section        0  stm32f10x_usart.o(i.USART_SendData)
    i._ZN10WifiMemory12ClearAllDataEv        0x08000f0e   Section        0  wifi_memory.o(i._ZN10WifiMemory12ClearAllDataEv)
    i._ZN10WifiMemory12LoadSaveInfoEv        0x08000f52   Section        0  wifi_memory.o(i._ZN10WifiMemory12LoadSaveInfoEv)
    i._ZN10WifiMemory14UpdataSaveInfoEv      0x08000fb6   Section        0  wifi_memory.o(i._ZN10WifiMemory14UpdataSaveInfoEv)
    i._ZN10WifiMemory4SaveEPcS0_             0x08000ff6   Section        0  wifi_memory.o(i._ZN10WifiMemory4SaveEPcS0_)
    i._ZN10WifiMemoryC1ER6Memory             0x080010fe   Section        0  wifi_memory.o(i._ZN10WifiMemoryC1ER6Memory)
    i._ZN11TaskManager4TimeEv                0x08001110   Section        0  taskmanager.o(i._ZN11TaskManager4TimeEv)
    i._ZN11TaskManager6DelaySEt              0x080011a0   Section        0  taskmanager.o(i._ZN11TaskManager6DelaySEt)
    i._ZN11TaskManager7DelayMsEt             0x080011dc   Section        0  taskmanager.o(i._ZN11TaskManager7DelayMsEt)
    i._ZN11TaskManager9ClockToolERdd         0x08001228   Section        0  taskmanager.o(i._ZN11TaskManager9ClockToolERdd)
    i._ZN11TaskManagerC1Ev                   0x08001268   Section        0  taskmanager.o(i._ZN11TaskManagerC1Ev)
    i._ZN12Transmission12ToClientPackEhhhh   0x0800128c   Section        0  transmission.o(i._ZN12Transmission12ToClientPackEhhhh)
    i._ZN12Transmission12ToServerPackEhhhh   0x080012c6   Section        0  transmission.o(i._ZN12Transmission12ToServerPackEhhhh)
    i._ZN12Transmission13GetStateOrderER5USART 0x0800130e   Section        0  transmission.o(i._ZN12Transmission13GetStateOrderER5USART)
    i._ZN12Transmission14CommandParsingEPh   0x0800138c   Section        0  transmission.o(i._ZN12Transmission14CommandParsingEPh)
    i._ZN12Transmission22GetWifiNameAndPasswordEPcS0_R5USART 0x080013dc   Section        0  transmission.o(i._ZN12Transmission22GetWifiNameAndPasswordEPcS0_R5USART)
    i._ZN12Transmission9SendAliveER7esp8266hb 0x08001488   Section        0  transmission.o(i._ZN12Transmission9SendAliveER7esp8266hb)
    i._ZN12TransmissionC1Ev                  0x080014d6   Section        0  transmission.o(i._ZN12TransmissionC1Ev)
    i._ZN4GPIO17RCC_ConfigurationEv          0x080014f4   Section        0  gpio.o(i._ZN4GPIO17RCC_ConfigurationEv)
    i._ZN4GPIO8SetLevelEh                    0x08001594   Section        0  gpio.o(i._ZN4GPIO8SetLevelEh)
    i._ZN4GPIOC1EP12GPIO_TypeDeft16GPIOMode_TypeDef17GPIOSpeed_TypeDef 0x080015c4   Section        0  gpio.o(i._ZN4GPIOC1EP12GPIO_TypeDeft16GPIOMode_TypeDef17GPIOSpeed_TypeDef)
    i._ZN4HCHO6UpdataEv                      0x08001608   Section        0  hcho.o(i._ZN4HCHO6UpdataEv)
    i._ZN4HCHOC1ER5USART                     0x0800173c   Section        0  hcho.o(i._ZN4HCHOC1ER5USART)
    i._ZN4HCHOD1Ev                           0x08001740   Section        0  hcho.o(i._ZN4HCHOD1Ev)
    i._ZN4hint13ledFlicker_2sEv              0x08001744   Section        0  hint.o(i._ZN4hint13ledFlicker_2sEv)
    i._ZN4hintC1E4GPIOS0_                    0x0800177c   Section        0  hint.o(i._ZN4hintC1E4GPIOS0_)
    i._ZN5USART15GetReceivedDataEPht         0x08001794   Section        0  usart.o(i._ZN5USART15GetReceivedDataEPht)
    i._ZN5USART17ReceiveBufferSizeEv         0x080017bc   Section        0  usart.o(i._ZN5USART17ReceiveBufferSizeEv)
    i._ZN5USART18ClearReceiveBufferEv        0x080017ca   Section        0  usart.o(i._ZN5USART18ClearReceiveBufferEv)
    i._ZN5USART3IrqEv                        0x080017d8   Section        0  usart.o(i._ZN5USART3IrqEv)
    i._ZN5USART6DmaIrqEv                     0x080018a8   Section        0  usart.o(i._ZN5USART6DmaIrqEv)
    i._ZN5USART8SendDataEPhj                 0x08001930   Section        0  usart.o(i._ZN5USART8SendDataEPhj)
    i._ZN5USARTC1Ehjbhhhhhttt                0x08001a04   Section        0  usart.o(i._ZN5USARTC1Ehjbhhhhhttt)
    i._ZN5USARTD1Ev                          0x08001d9c   Section        0  usart.o(i._ZN5USARTD1Ev)
    i._ZN5USARTlsEPKc                        0x08001dec   Section        0  usart.o(i._ZN5USARTlsEPKc)
    i._ZN5USARTlsEc                          0x08001e10   Section        0  usart.o(i._ZN5USARTlsEc)
    i._ZN5USARTlsEi                          0x08001e22   Section        0  usart.o(i._ZN5USARTlsEi)
    i._ZN6Memory4ReadEttPtt                  0x08001e80   Section        0  memory.o(i._ZN6Memory4ReadEttPtt)
    i._ZN6Memory5ClearEt                     0x08001ecc   Section        0  memory.o(i._ZN6Memory5ClearEt)
    i._ZN6Memory5WriteEttPc                  0x08001ef4   Section        0  memory.o(i._ZN6Memory5WriteEttPc)
    i._ZN6Memory5WriteEttPtt                 0x08001fb2   Section        0  memory.o(i._ZN6Memory5WriteEttPtt)
    i._ZN6MemoryC1Ejb                        0x0800205a   Section        0  memory.o(i._ZN6MemoryC1Ejb)
    i._ZN7esp826610SetTimeoutEi              0x08002070   Section        0  esp8266.o(i._ZN7esp826610SetTimeoutEi)
    i._ZN7esp826611ClearBufferEv             0x080020b4   Section        0  esp8266.o(i._ZN7esp826611ClearBufferEv)
    i._ZN7esp826614ReceiveAndWaitEPKcS1_h    0x080020cc   Section        0  esp8266.o(i._ZN7esp826614ReceiveAndWaitEPKcS1_h)
    i._ZN7esp826614ReceiveAndWaitEPKch       0x08002176   Section        0  esp8266.o(i._ZN7esp826614ReceiveAndWaitEPKch)
    i._ZN7esp826616CreateServerModeEs        0x08002220   Section        0  esp8266.o(i._ZN7esp826616CreateServerModeEs)
    i._ZN7esp826617CreateConnectModeEPcsa    0x08002268   Section        0  esp8266.o(i._ZN7esp826617CreateConnectModeEPcsa)
    i._ZN7esp826621ConnectNetwork_clientEPcS0_S0_s 0x08002358   Section        0  esp8266.o(i._ZN7esp826621ConnectNetwork_clientEPcS0_S0_s)
    i._ZN7esp826621ConnectNetwork_serverEs   0x080023b8   Section        0  esp8266.o(i._ZN7esp826621ConnectNetwork_serverEs)
    i._ZN7esp82664SendEciPh                  0x08002408   Section        0  esp8266.o(i._ZN7esp82664SendEciPh)
    i._ZN7esp82664SendEiPh                   0x08002470   Section        0  esp8266.o(i._ZN7esp82664SendEiPh)
    i._ZN7esp82664kickEv                     0x080024bc   Section        0  esp8266.o(i._ZN7esp82664kickEv)
    i._ZN7esp82666JoinAPEPcS0_               0x080024e0   Section        0  esp8266.o(i._ZN7esp82666JoinAPEPcS0_)
    i._ZN7esp82666SetMUXEb                   0x08002568   Section        0  esp8266.o(i._ZN7esp82666SetMUXEb)
    i._ZN7esp82667SetModeEi                  0x080025ac   Section        0  esp8266.o(i._ZN7esp82667SetModeEi)
    i._ZN7esp82667restartEv                  0x0800260c   Section        0  esp8266.o(i._ZN7esp82667restartEv)
    i._ZN7esp82668RecvFindEPKcS1_h           0x08002634   Section        0  esp8266.o(i._ZN7esp82668RecvFindEPKcS1_h)
    i._ZN7esp82668RecvFindEPKch              0x08002658   Section        0  esp8266.o(i._ZN7esp82668RecvFindEPKch)
    i._ZN7esp8266C1ER5USART                  0x08002674   Section        0  esp8266.o(i._ZN7esp8266C1ER5USART)
    i._ZSt6strstrPcPKc                       0x08002678   Section        0  esp8266.o(i._ZSt6strstrPcPKc)
    i.__aeabi_atexit                         0x08002688   Section        0  aeabi_atexit.o(i.__aeabi_atexit)
    i.__cxa_finalize                         0x080026ba   Section        0  cxa_finalize.o(i.__cxa_finalize)
    i.__sti___15_TaskManager_cpp_tskmgr      0x080026fc   Section        0  taskmanager.o(i.__sti___15_TaskManager_cpp_tskmgr)
    __sti___15_TaskManager_cpp_tskmgr        0x080026fd   Thumb Code    10  taskmanager.o(i.__sti___15_TaskManager_cpp_tskmgr)
    i.__sti___16_transmission_cpp_4ab4cfbc   0x0800270c   Section        0  transmission.o(i.__sti___16_transmission_cpp_4ab4cfbc)
    __sti___16_transmission_cpp_4ab4cfbc     0x0800270d   Thumb Code    10  transmission.o(i.__sti___16_transmission_cpp_4ab4cfbc)
    i.__sti___8_main_cpp_com                 0x0800271c   Section        0  main.o(i.__sti___8_main_cpp_com)
    __sti___8_main_cpp_com                   0x0800271d   Thumb Code   258  main.o(i.__sti___8_main_cpp_com)
    i.main                                   0x08002860   Section        0  main.o(i.main)
    t._ZN10FIFOBufferIhLt50EE3GetERh         0x08002b80   Section        0  usart.o(t._ZN10FIFOBufferIhLt50EE3GetERh)
    t._ZN10FIFOBufferIhLt50EE3PutERKh        0x08002bb0   Section        0  usart.o(t._ZN10FIFOBufferIhLt50EE3PutERKh)
    t._ZN10FIFOBufferIhLt50EE4GetsEPht       0x08002be4   Section        0  usart.o(t._ZN10FIFOBufferIhLt50EE4GetsEPht)
    t._ZN10FIFOBufferIhLt50EE4PutsEPht       0x08002c22   Section        0  usart.o(t._ZN10FIFOBufferIhLt50EE4PutsEPht)
    t._ZN10FIFOBufferIhLt50EE4SizeEv         0x08002c64   Section        0  usart.o(t._ZN10FIFOBufferIhLt50EE4SizeEv)
    t._ZN10FIFOBufferIhLt50EE5ClearEv        0x08002c6a   Section        0  usart.o(t._ZN10FIFOBufferIhLt50EE5ClearEv)
    t._ZN10FIFOBufferIhLt50EEC1Ev            0x08002c74   Section        0  usart.o(t._ZN10FIFOBufferIhLt50EEC1Ev)
    x$fpl$d2f                                0x08002c84   Section       98  d2f.o(x$fpl$d2f)
    x$fpl$dadd                               0x08002ce8   Section      336  daddsub_clz.o(x$fpl$dadd)
    _dadd1                                   0x08002cf9   Thumb Code     0  daddsub_clz.o(x$fpl$dadd)
    x$fpl$dcmpinf                            0x08002e38   Section       24  dcmpi.o(x$fpl$dcmpinf)
    x$fpl$ddiv                               0x08002e50   Section      688  ddiv.o(x$fpl$ddiv)
    ddiv_entry                               0x08002e57   Thumb Code     0  ddiv.o(x$fpl$ddiv)
    x$fpl$dfltu                              0x08003100   Section       38  dflt_clz.o(x$fpl$dfltu)
    x$fpl$dleqf                              0x08003128   Section      120  dleqf.o(x$fpl$dleqf)
    x$fpl$dnaninf                            0x080031a0   Section      156  dnaninf.o(x$fpl$dnaninf)
    x$fpl$dretinf                            0x0800323c   Section       12  dretinf.o(x$fpl$dretinf)
    x$fpl$drleqf                             0x08003248   Section      108  drleqf.o(x$fpl$drleqf)
    x$fpl$dsub                               0x080032b4   Section      468  daddsub_clz.o(x$fpl$dsub)
    _dsub1                                   0x080032c5   Thumb Code     0  daddsub_clz.o(x$fpl$dsub)
    x$fpl$ffixu                              0x08003488   Section       62  ffixu.o(x$fpl$ffixu)
    x$fpl$fmul                               0x080034c8   Section      258  fmul.o(x$fpl$fmul)
    x$fpl$fnaninf                            0x080035ca   Section      140  fnaninf.o(x$fpl$fnaninf)
    x$fpl$fretinf                            0x08003656   Section       10  fretinf.o(x$fpl$fretinf)
    .constdata                               0x08003660   Section       32  gpio.o(.constdata)
    x$fpl$usenofp                            0x08003660   Section        0  usenofp.o(x$fpl$usenofp)
    .init_array                              0x080036a0   Section        4  main.o(.init_array)
    .init_array                              0x080036a4   Section        4  transmission.o(.init_array)
    .init_array                              0x080036a8   Section        4  taskmanager.o(.init_array)
    .init_array                              0x080036ac   Section        0  init_aeabi.o(.init_array)
    .data                                    0x20000000   Section        8  main.o(.data)
    .data                                    0x20000008   Section       12  interrupt.o(.data)
    .data                                    0x20000018   Section       32  taskmanager.o(.data)
    .data                                    0x20000038   Section        3  usart.o(.data)
    dataToSend                               0x20000038   Data           1  usart.o(.data)
    dataToSend                               0x20000039   Data           1  usart.o(.data)
    dataToSend                               0x2000003a   Data           1  usart.o(.data)
    .data                                    0x2000003b   Section       20  stm32f10x_rcc.o(.data)
    APBAHBPrescTable                         0x2000003b   Data          16  stm32f10x_rcc.o(.data)
    ADCPrescTable                            0x2000004b   Data           4  stm32f10x_rcc.o(.data)
    .bss                                     0x20000050   Section     1572  main.o(.bss)
    .bss                                     0x20000674   Section       40  transmission.o(.bss)
    .bss                                     0x2000069c   Section       96  libspace.o(.bss)
    HEAP                                     0x20000700   Section      512  startup_stm32f10x_md.o(HEAP)
    Heap_Mem                                 0x20000700   Data         512  startup_stm32f10x_md.o(HEAP)
    STACK                                    0x20000900   Section     1024  startup_stm32f10x_md.o(STACK)
    Stack_Mem                                0x20000900   Data        1024  startup_stm32f10x_md.o(STACK)
    __initial_sp                             0x20000d00   Data           0  startup_stm32f10x_md.o(STACK)

    Global Symbols

    Symbol Name                              Value     Ov Type        Size  Object(Section)

    BuildAttributes$$THM_ISAv4$P$D$K$B$S$PE$A:L22UL41UL21$X:L11$S22US41US21$IEEE1$IW$USESV6$~STKCKD$USESV7$~SHL$OTIME$ROPI$EBA8$UX$STANDARDLIB$REQ8$PRES8$EABIv2 0x00000000   Number         0  anon$$obj.o ABSOLUTE
    __ARM_use_no_argv                        0x00000000   Number         0  main.o ABSOLUTE
    __ARM_exceptions_init                     - Undefined Weak Reference
    __alloca_initialize                       - Undefined Weak Reference
    __arm_preinit_                            - Undefined Weak Reference
    __rt_locale                               - Undefined Weak Reference
    __sigvec_lookup                           - Undefined Weak Reference
    __user_heap_extent                        - Undefined Weak Reference
    _atexit_init                              - Undefined Weak Reference
    _call_atexit_fns                          - Undefined Weak Reference
    _clock_init                               - Undefined Weak Reference
    _fp_trap_init                             - Undefined Weak Reference
    _fp_trap_shutdown                         - Undefined Weak Reference
    _get_lc_collate                           - Undefined Weak Reference
    _get_lc_ctype                             - Undefined Weak Reference
    _get_lc_monetary                          - Undefined Weak Reference
    _get_lc_numeric                           - Undefined Weak Reference
    _get_lc_time                              - Undefined Weak Reference
    _getenv_init                              - Undefined Weak Reference
    _handle_redirection                       - Undefined Weak Reference
    _initio                                   - Undefined Weak Reference
    _mutex_acquire                            - Undefined Weak Reference
    _mutex_free                               - Undefined Weak Reference
    _mutex_release                            - Undefined Weak Reference
    _rand_init                                - Undefined Weak Reference
    _signal_finish                            - Undefined Weak Reference
    _signal_init                              - Undefined Weak Reference
    _terminateio                              - Undefined Weak Reference
    __Vectors_Size                           0x000000ec   Number         0  startup_stm32f10x_md.o ABSOLUTE
    __Vectors                                0x08000000   Data           4  startup_stm32f10x_md.o(RESET)
    __dso_handle                             0x08000000   Number         0  startup_stm32f10x_md.o(RESET)
    __Vectors_End                            0x080000ec   Data           0  startup_stm32f10x_md.o(RESET)
    __main                                   0x080000ed   Thumb Code     8  __main.o(!!!main)
    __scatterload                            0x080000f5   Thumb Code     0  __scatter.o(!!!scatter)
    __scatterload_rt2                        0x080000f5   Thumb Code    44  __scatter.o(!!!scatter)
    __scatterload_rt2_thumb_only             0x080000f5   Thumb Code     0  __scatter.o(!!!scatter)
    __scatterload_null                       0x08000103   Thumb Code     0  __scatter.o(!!!scatter)
    __scatterload_copy                       0x08000129   Thumb Code    26  __scatter_copy.o(!!handler_copy)
    __scatterload_zeroinit                   0x08000145   Thumb Code    28  __scatter_zi.o(!!handler_zi)
    __rt_lib_init                            0x08000161   Thumb Code     0  libinit.o(.ARM.Collect$$libinit$$00000000)
    __rt_lib_init_fp_1                       0x08000163   Thumb Code     0  libinit2.o(.ARM.Collect$$libinit$$00000002)
    __rt_lib_init_heap_2                     0x08000163   Thumb Code     0  libinit2.o(.ARM.Collect$$libinit$$00000005)
    __rt_lib_init_preinit_1                  0x08000163   Thumb Code     0  libinit2.o(.ARM.Collect$$libinit$$00000004)
    __rt_lib_init_alloca_1                   0x0800016b   Thumb Code     0  libinit2.o(.ARM.Collect$$libinit$$0000002E)
    __rt_lib_init_argv_1                     0x0800016b   Thumb Code     0  libinit2.o(.ARM.Collect$$libinit$$0000002C)
    __rt_lib_init_atexit_1                   0x0800016b   Thumb Code     0  libinit2.o(.ARM.Collect$$libinit$$0000001B)
    __rt_lib_init_clock_1                    0x0800016b   Thumb Code     0  libinit2.o(.ARM.Collect$$libinit$$00000021)
    __rt_lib_init_cpp_2                      0x0800016b   Thumb Code     0  libinit2.o(.ARM.Collect$$libinit$$00000031)
    __rt_lib_init_exceptions_1               0x0800016b   Thumb Code     0  libinit2.o(.ARM.Collect$$libinit$$00000030)
    __rt_lib_init_fp_trap_1                  0x0800016b   Thumb Code     0  libinit2.o(.ARM.Collect$$libinit$$0000001F)
    __rt_lib_init_getenv_1                   0x0800016b   Thumb Code     0  libinit2.o(.ARM.Collect$$libinit$$00000023)
    __rt_lib_init_heap_1                     0x0800016b   Thumb Code     0  libinit2.o(.ARM.Collect$$libinit$$0000000A)
    __rt_lib_init_lc_collate_1               0x0800016b   Thumb Code     0  libinit2.o(.ARM.Collect$$libinit$$00000011)
    __rt_lib_init_lc_ctype_1                 0x0800016b   Thumb Code     0  libinit2.o(.ARM.Collect$$libinit$$00000013)
    __rt_lib_init_lc_monetary_1              0x0800016b   Thumb Code     0  libinit2.o(.ARM.Collect$$libinit$$00000015)
    __rt_lib_init_lc_numeric_1               0x0800016b   Thumb Code     0  libinit2.o(.ARM.Collect$$libinit$$00000017)
    __rt_lib_init_lc_time_1                  0x0800016b   Thumb Code     0  libinit2.o(.ARM.Collect$$libinit$$00000019)
    __rt_lib_init_rand_1                     0x0800016b   Thumb Code     0  libinit2.o(.ARM.Collect$$libinit$$0000000E)
    __rt_lib_init_signal_1                   0x0800016b   Thumb Code     0  libinit2.o(.ARM.Collect$$libinit$$0000001D)
    __rt_lib_init_stdio_1                    0x0800016b   Thumb Code     0  libinit2.o(.ARM.Collect$$libinit$$00000025)
    __rt_lib_init_user_alloc_1               0x0800016b   Thumb Code     0  libinit2.o(.ARM.Collect$$libinit$$0000000C)
    __rt_lib_init_cpp_1                      0x0800016f   Thumb Code     0  libinit2.o(.ARM.Collect$$libinit$$00000032)
    __rt_lib_init_return                     0x0800016f   Thumb Code     0  libinit2.o(.ARM.Collect$$libinit$$00000033)
    __rt_lib_shutdown                        0x08000171   Thumb Code     0  libshutdown.o(.ARM.Collect$$libshutdown$$00000000)
    __rt_lib_shutdown_cpp_1                  0x08000173   Thumb Code     0  libshutdown2.o(.ARM.Collect$$libshutdown$$00000001)
    __rt_lib_shutdown_fp_trap_1              0x08000179   Thumb Code     0  libshutdown2.o(.ARM.Collect$$libshutdown$$00000006)
    __rt_lib_shutdown_heap_1                 0x08000179   Thumb Code     0  libshutdown2.o(.ARM.Collect$$libshutdown$$0000000E)
    __rt_lib_shutdown_return                 0x08000179   Thumb Code     0  libshutdown2.o(.ARM.Collect$$libshutdown$$0000000F)
    __rt_lib_shutdown_signal_1               0x08000179   Thumb Code     0  libshutdown2.o(.ARM.Collect$$libshutdown$$00000009)
    __rt_lib_shutdown_stdio_1                0x08000179   Thumb Code     0  libshutdown2.o(.ARM.Collect$$libshutdown$$00000003)
    __rt_lib_shutdown_user_alloc_1           0x08000179   Thumb Code     0  libshutdown2.o(.ARM.Collect$$libshutdown$$0000000B)
    __rt_entry                               0x0800017b   Thumb Code     0  __rtentry.o(.ARM.Collect$$rtentry$$00000000)
    __rt_entry_presh_1                       0x0800017b   Thumb Code     0  __rtentry2.o(.ARM.Collect$$rtentry$$00000002)
    __rt_entry_sh                            0x0800017b   Thumb Code     0  __rtentry4.o(.ARM.Collect$$rtentry$$00000004)
    __rt_entry_li                            0x08000181   Thumb Code     0  __rtentry2.o(.ARM.Collect$$rtentry$$0000000A)
    __rt_entry_postsh_1                      0x08000181   Thumb Code     0  __rtentry2.o(.ARM.Collect$$rtentry$$00000009)
    __rt_entry_main                          0x08000185   Thumb Code     0  __rtentry2.o(.ARM.Collect$$rtentry$$0000000D)
    __rt_entry_postli_1                      0x08000185   Thumb Code     0  __rtentry2.o(.ARM.Collect$$rtentry$$0000000C)
    __rt_exit                                0x0800018d   Thumb Code     0  rtexit.o(.ARM.Collect$$rtexit$$00000000)
    __rt_exit_ls                             0x0800018f   Thumb Code     0  rtexit2.o(.ARM.Collect$$rtexit$$00000003)
    __rt_exit_prels_1                        0x0800018f   Thumb Code     0  rtexit2.o(.ARM.Collect$$rtexit$$00000002)
    __rt_exit_exit                           0x08000193   Thumb Code     0  rtexit2.o(.ARM.Collect$$rtexit$$00000004)
    Reset_Handler                            0x08000199   Thumb Code     8  startup_stm32f10x_md.o(.text)
    _maybe_terminate_alloc                   0x08000199   Thumb Code     0  maybetermalloc1.o(.emb_text)
    NMI_Handler                              0x080001a1   Thumb Code     2  startup_stm32f10x_md.o(.text)
    HardFault_Handler                        0x080001a3   Thumb Code     2  startup_stm32f10x_md.o(.text)
    MemManage_Handler                        0x080001a5   Thumb Code     2  startup_stm32f10x_md.o(.text)
    BusFault_Handler                         0x080001a7   Thumb Code     2  startup_stm32f10x_md.o(.text)
    UsageFault_Handler                       0x080001a9   Thumb Code     2  startup_stm32f10x_md.o(.text)
    SVC_Handler                              0x080001ab   Thumb Code     2  startup_stm32f10x_md.o(.text)
    DebugMon_Handler                         0x080001ad   Thumb Code     2  startup_stm32f10x_md.o(.text)
    PendSV_Handler                           0x080001af   Thumb Code     2  startup_stm32f10x_md.o(.text)
    ADC1_2_IRQHandler                        0x080001b3   Thumb Code     0  startup_stm32f10x_md.o(.text)
    CAN1_RX1_IRQHandler                      0x080001b3   Thumb Code     0  startup_stm32f10x_md.o(.text)
    CAN1_SCE_IRQHandler                      0x080001b3   Thumb Code     0  startup_stm32f10x_md.o(.text)
    DMA1_Channel1_IRQHandler                 0x080001b3   Thumb Code     0  startup_stm32f10x_md.o(.text)
    DMA1_Channel3_IRQHandler                 0x080001b3   Thumb Code     0  startup_stm32f10x_md.o(.text)
    DMA1_Channel5_IRQHandler                 0x080001b3   Thumb Code     0  startup_stm32f10x_md.o(.text)
    DMA1_Channel6_IRQHandler                 0x080001b3   Thumb Code     0  startup_stm32f10x_md.o(.text)
    EXTI0_IRQHandler                         0x080001b3   Thumb Code     0  startup_stm32f10x_md.o(.text)
    EXTI15_10_IRQHandler                     0x080001b3   Thumb Code     0  startup_stm32f10x_md.o(.text)
    EXTI1_IRQHandler                         0x080001b3   Thumb Code     0  startup_stm32f10x_md.o(.text)
    EXTI2_IRQHandler                         0x080001b3   Thumb Code     0  startup_stm32f10x_md.o(.text)
    EXTI3_IRQHandler                         0x080001b3   Thumb Code     0  startup_stm32f10x_md.o(.text)
    EXTI4_IRQHandler                         0x080001b3   Thumb Code     0  startup_stm32f10x_md.o(.text)
    EXTI9_5_IRQHandler                       0x080001b3   Thumb Code     0  startup_stm32f10x_md.o(.text)
    FLASH_IRQHandler                         0x080001b3   Thumb Code     0  startup_stm32f10x_md.o(.text)
    I2C1_ER_IRQHandler                       0x080001b3   Thumb Code     0  startup_stm32f10x_md.o(.text)
    I2C1_EV_IRQHandler                       0x080001b3   Thumb Code     0  startup_stm32f10x_md.o(.text)
    I2C2_ER_IRQHandler                       0x080001b3   Thumb Code     0  startup_stm32f10x_md.o(.text)
    I2C2_EV_IRQHandler                       0x080001b3   Thumb Code     0  startup_stm32f10x_md.o(.text)
    PVD_IRQHandler                           0x080001b3   Thumb Code     0  startup_stm32f10x_md.o(.text)
    RCC_IRQHandler                           0x080001b3   Thumb Code     0  startup_stm32f10x_md.o(.text)
    RTCAlarm_IRQHandler                      0x080001b3   Thumb Code     0  startup_stm32f10x_md.o(.text)
    RTC_IRQHandler                           0x080001b3   Thumb Code     0  startup_stm32f10x_md.o(.text)
    SPI1_IRQHandler                          0x080001b3   Thumb Code     0  startup_stm32f10x_md.o(.text)
    SPI2_IRQHandler                          0x080001b3   Thumb Code     0  startup_stm32f10x_md.o(.text)
    TAMPER_IRQHandler                        0x080001b3   Thumb Code     0  startup_stm32f10x_md.o(.text)
    TIM1_BRK_IRQHandler                      0x080001b3   Thumb Code     0  startup_stm32f10x_md.o(.text)
    TIM1_CC_IRQHandler                       0x080001b3   Thumb Code     0  startup_stm32f10x_md.o(.text)
    TIM1_TRG_COM_IRQHandler                  0x080001b3   Thumb Code     0  startup_stm32f10x_md.o(.text)
    TIM1_UP_IRQHandler                       0x080001b3   Thumb Code     0  startup_stm32f10x_md.o(.text)
    TIM2_IRQHandler                          0x080001b3   Thumb Code     0  startup_stm32f10x_md.o(.text)
    TIM3_IRQHandler                          0x080001b3   Thumb Code     0  startup_stm32f10x_md.o(.text)
    TIM4_IRQHandler                          0x080001b3   Thumb Code     0  startup_stm32f10x_md.o(.text)
    USBWakeUp_IRQHandler                     0x080001b3   Thumb Code     0  startup_stm32f10x_md.o(.text)
    USB_HP_CAN1_TX_IRQHandler                0x080001b3   Thumb Code     0  startup_stm32f10x_md.o(.text)
    USB_LP_CAN1_RX0_IRQHandler               0x080001b3   Thumb Code     0  startup_stm32f10x_md.o(.text)
    WWDG_IRQHandler                          0x080001b3   Thumb Code     0  startup_stm32f10x_md.o(.text)
    __user_initial_stackheap                 0x080001b5   Thumb Code     0  startup_stm32f10x_md.o(.text)
    calloc                                   0x080001d9   Thumb Code    40  calloc.o(.text)
    strstr                                   0x08000201   Thumb Code    36  strstr.o(.text)
    __use_two_region_memory                  0x08000225   Thumb Code     2  heapauxi.o(.text)
    __rt_heap_escrow                         0x08000227   Thumb Code     2  heapauxi.o(.text)
    __rt_heap_expand                         0x08000229   Thumb Code     2  heapauxi.o(.text)
    __cpp_initialize__aeabi_                 0x0800022d   Thumb Code    26  init_aeabi.o(.text)
    __rt_ddtor_pointer_addr                  0x08000251   Thumb Code     8  rt_ddtor_pointer_addr_intlibspace.o(.text)
    malloc                                   0x08000259   Thumb Code    94  h1_alloc.o(.text)
    __aeabi_memclr                           0x080002b7   Thumb Code     0  rt_memclr.o(.text)
    __rt_memclr                              0x080002b7   Thumb Code    68  rt_memclr.o(.text)
    _memset                                  0x080002bb   Thumb Code     0  rt_memclr.o(.text)
    __user_libspace                          0x080002fd   Thumb Code     8  libspace.o(.text)
    __user_perproc_libspace                  0x080002fd   Thumb Code     0  libspace.o(.text)
    __user_perthread_libspace                0x080002fd   Thumb Code     0  libspace.o(.text)
    __rt_heap_descriptor                     0x08000305   Thumb Code     8  rt_heap_descriptor_intlibspace.o(.text)
    __use_no_heap                            0x0800030d   Thumb Code     2  hguard.o(.text)
    __heap$guard                             0x0800030f   Thumb Code     2  hguard.o(.text)
    _terminate_user_alloc                    0x08000311   Thumb Code     2  init_alloc.o(.text)
    _init_user_alloc                         0x08000313   Thumb Code     2  init_alloc.o(.text)
    __Heap_Full                              0x08000315   Thumb Code    34  init_alloc.o(.text)
    __Heap_Broken                            0x08000337   Thumb Code     6  init_alloc.o(.text)
    _init_alloc                              0x0800033d   Thumb Code    94  init_alloc.o(.text)
    __Heap_Initialize                        0x0800039b   Thumb Code    10  h1_init.o(.text)
    __Heap_DescSize                          0x080003a5   Thumb Code     4  h1_init.o(.text)
    free                                     0x080003a9   Thumb Code    78  h1_free.o(.text)
    __aeabi_memclr4                          0x080003f7   Thumb Code     0  rt_memclr_w.o(.text)
    __aeabi_memclr8                          0x080003f7   Thumb Code     0  rt_memclr_w.o(.text)
    __rt_memclr_w                            0x080003f7   Thumb Code    78  rt_memclr_w.o(.text)
    _memset_w                                0x080003fb   Thumb Code     0  rt_memclr_w.o(.text)
    __user_setup_stackheap                   0x08000445   Thumb Code    74  sys_stackheap_outer.o(.text)
    __Heap_ProvideMemory                     0x0800048f   Thumb Code    52  h1_extend.o(.text)
    exit                                     0x080004c3   Thumb Code    12  exit.o(.text)
    __rt_SIGRTMEM                            0x080004cf   Thumb Code    14  defsig_rtmem_outer.o(.text)
    __I$use$semihosting                      0x080004dd   Thumb Code     0  use_no_semi.o(.text)
    __use_no_semihosting_swi                 0x080004dd   Thumb Code     2  use_no_semi.o(.text)
    __semihosting_library_function           0x080004df   Thumb Code     0  indicate_semi.o(.text)
    __sig_exit                               0x080004df   Thumb Code    10  defsig_exit.o(.text)
    __rt_SIGRTMEM_inner                      0x080004e9   Thumb Code    22  defsig_rtmem_inner.o(.text)
    _sys_exit                                0x08000539   Thumb Code     8  sys_exit.o(.text)
    __default_signal_display                 0x08000545   Thumb Code    50  defsig_general.o(.text)
    _ttywrch                                 0x08000577   Thumb Code    14  sys_wrch.o(.text)
    DMA1_Channel2_IRQHandler                 0x08000585   Thumb Code    18  interrupt.o(i.DMA1_Channel2_IRQHandler)
    DMA1_Channel4_IRQHandler                 0x0800059d   Thumb Code    18  interrupt.o(i.DMA1_Channel4_IRQHandler)
    DMA1_Channel7_IRQHandler                 0x080005b5   Thumb Code    18  interrupt.o(i.DMA1_Channel7_IRQHandler)
    DMA_ClearFlag                            0x080005cd   Thumb Code    18  stm32f10x_dma.o(i.DMA_ClearFlag)
    DMA_ClearITPendingBit                    0x080005e9   Thumb Code    18  stm32f10x_dma.o(i.DMA_ClearITPendingBit)
    DMA_Cmd                                  0x08000605   Thumb Code    24  stm32f10x_dma.o(i.DMA_Cmd)
    DMA_GetFlagStatus                        0x0800061d   Thumb Code    36  stm32f10x_dma.o(i.DMA_GetFlagStatus)
    DMA_Init                                 0x08000649   Thumb Code    60  stm32f10x_dma.o(i.DMA_Init)
    FLASH_ClearFlag                          0x08000685   Thumb Code     6  stm32f10x_flash.o(i.FLASH_ClearFlag)
    FLASH_ErasePage                          0x08000691   Thumb Code    72  stm32f10x_flash.o(i.FLASH_ErasePage)
    FLASH_GetBank1Status                     0x080006dd   Thumb Code    48  stm32f10x_flash.o(i.FLASH_GetBank1Status)
    FLASH_Lock                               0x08000711   Thumb Code    14  stm32f10x_flash.o(i.FLASH_Lock)
    FLASH_ProgramHalfWord                    0x08000725   Thumb Code    60  stm32f10x_flash.o(i.FLASH_ProgramHalfWord)
    FLASH_ProgramWord                        0x08000765   Thumb Code   102  stm32f10x_flash.o(i.FLASH_ProgramWord)
    FLASH_Unlock                             0x080007d1   Thumb Code    12  stm32f10x_flash.o(i.FLASH_Unlock)
    FLASH_WaitForLastOperation               0x080007e9   Thumb Code    38  stm32f10x_flash.o(i.FLASH_WaitForLastOperation)
    GPIO_Init                                0x0800080f   Thumb Code   278  stm32f10x_gpio.o(i.GPIO_Init)
    GPIO_PinRemapConfig                      0x08000925   Thumb Code   138  stm32f10x_gpio.o(i.GPIO_PinRemapConfig)
    GPIO_ResetBits                           0x080009b5   Thumb Code     4  stm32f10x_gpio.o(i.GPIO_ResetBits)
    GPIO_SetBits                             0x080009b9   Thumb Code     4  stm32f10x_gpio.o(i.GPIO_SetBits)
    NVIC_Init                                0x080009bd   Thumb Code   100  misc.o(i.NVIC_Init)
    NVIC_PriorityGroupConfig                 0x08000a2d   Thumb Code    10  misc.o(i.NVIC_PriorityGroupConfig)
    RCC_AHBPeriphClockCmd                    0x08000a41   Thumb Code    26  stm32f10x_rcc.o(i.RCC_AHBPeriphClockCmd)
    RCC_APB1PeriphClockCmd                   0x08000a61   Thumb Code    26  stm32f10x_rcc.o(i.RCC_APB1PeriphClockCmd)
    RCC_APB2PeriphClockCmd                   0x08000a81   Thumb Code    26  stm32f10x_rcc.o(i.RCC_APB2PeriphClockCmd)
    RCC_GetClocksFreq                        0x08000aa1   Thumb Code   192  stm32f10x_rcc.o(i.RCC_GetClocksFreq)
    SysTick_Handler                          0x08000c5d   Thumb Code    20  taskmanager.o(i.SysTick_Handler)
    SystemInit                               0x08000c7d   Thumb Code    78  system_stm32f10x.o(i.SystemInit)
    USART1_IRQHandler                        0x08000cdd   Thumb Code    18  interrupt.o(i.USART1_IRQHandler)
    USART2_IRQHandler                        0x08000cf5   Thumb Code    18  interrupt.o(i.USART2_IRQHandler)
    USART3_IRQHandler                        0x08000d0d   Thumb Code    18  interrupt.o(i.USART3_IRQHandler)
    USART_ClearITPendingBit                  0x08000d25   Thumb Code    30  stm32f10x_usart.o(i.USART_ClearITPendingBit)
    USART_Cmd                                0x08000d43   Thumb Code    24  stm32f10x_usart.o(i.USART_Cmd)
    USART_DMACmd                             0x08000d5b   Thumb Code    18  stm32f10x_usart.o(i.USART_DMACmd)
    USART_GetFlagStatus                      0x08000d6d   Thumb Code    26  stm32f10x_usart.o(i.USART_GetFlagStatus)
    USART_GetITStatus                        0x08000d87   Thumb Code    84  stm32f10x_usart.o(i.USART_GetITStatus)
    USART_ITConfig                           0x08000ddb   Thumb Code    74  stm32f10x_usart.o(i.USART_ITConfig)
    USART_Init                               0x08000e25   Thumb Code   210  stm32f10x_usart.o(i.USART_Init)
    USART_ReceiveData                        0x08000efd   Thumb Code    10  stm32f10x_usart.o(i.USART_ReceiveData)
    USART_SendData                           0x08000f07   Thumb Code     8  stm32f10x_usart.o(i.USART_SendData)
    WifiMemory::ClearAllData()               0x08000f0f   Thumb Code    68  wifi_memory.o(i._ZN10WifiMemory12ClearAllDataEv)
    WifiMemory::LoadSaveInfo()               0x08000f53   Thumb Code   100  wifi_memory.o(i._ZN10WifiMemory12LoadSaveInfoEv)
    WifiMemory::UpdataSaveInfo()             0x08000fb7   Thumb Code    64  wifi_memory.o(i._ZN10WifiMemory14UpdataSaveInfoEv)
    WifiMemory::Save(char*, char*)           0x08000ff7   Thumb Code   264  wifi_memory.o(i._ZN10WifiMemory4SaveEPcS0_)
    WifiMemory::WifiMemory(Memory&)          0x080010ff   Thumb Code    18  wifi_memory.o(i._ZN10WifiMemoryC1ER6Memory)
    WifiMemory::WifiMemory__sub_object(Memory&) 0x080010ff   Thumb Code     0  wifi_memory.o(i._ZN10WifiMemoryC1ER6Memory)
    TaskManager::Time()                      0x08001111   Thumb Code   110  taskmanager.o(i._ZN11TaskManager4TimeEv)
    TaskManager::DelayS(unsigned short)      0x080011a1   Thumb Code    60  taskmanager.o(i._ZN11TaskManager6DelaySEt)
    TaskManager::DelayMs(unsigned short)     0x080011dd   Thumb Code    70  taskmanager.o(i._ZN11TaskManager7DelayMsEt)
    TaskManager::ClockTool(double&, double)  0x08001229   Thumb Code    62  taskmanager.o(i._ZN11TaskManager9ClockToolERdd)
    TaskManager::TaskManager()               0x08001269   Thumb Code    32  taskmanager.o(i._ZN11TaskManagerC1Ev)
    TaskManager::TaskManager__sub_object()   0x08001269   Thumb Code     0  taskmanager.o(i._ZN11TaskManagerC1Ev)
    Transmission::ToClientPack(unsigned char, unsigned char, unsigned char, unsigned char) 0x0800128d   Thumb Code    58  transmission.o(i._ZN12Transmission12ToClientPackEhhhh)
    Transmission::ToServerPack(unsigned char, unsigned char, unsigned char, unsigned char) 0x080012c7   Thumb Code    72  transmission.o(i._ZN12Transmission12ToServerPackEhhhh)
    Transmission::GetStateOrder(USART&)      0x0800130f   Thumb Code   126  transmission.o(i._ZN12Transmission13GetStateOrderER5USART)
    Transmission::CommandParsing(unsigned char*) 0x0800138d   Thumb Code    78  transmission.o(i._ZN12Transmission14CommandParsingEPh)
    Transmission::GetWifiNameAndPassword(char*, char*, USART&) 0x080013dd   Thumb Code   166  transmission.o(i._ZN12Transmission22GetWifiNameAndPasswordEPcS0_R5USART)
    Transmission::SendAlive(esp8266&, unsigned char, bool) 0x08001489   Thumb Code    78  transmission.o(i._ZN12Transmission9SendAliveER7esp8266hb)
    Transmission::Transmission()             0x080014d7   Thumb Code    28  transmission.o(i._ZN12TransmissionC1Ev)
    Transmission::Transmission__sub_object() 0x080014d7   Thumb Code     0  transmission.o(i._ZN12TransmissionC1Ev)
    GPIO::RCC_Configuration()                0x080014f5   Thumb Code   130  gpio.o(i._ZN4GPIO17RCC_ConfigurationEv)
    GPIO::SetLevel(unsigned char)            0x08001595   Thumb Code    42  gpio.o(i._ZN4GPIO8SetLevelEh)
    GPIO::GPIO(GPIO_TypeDef*, unsigned short, GPIOMode_TypeDef, GPIOSpeed_TypeDef) 0x080015c5   Thumb Code    64  gpio.o(i._ZN4GPIOC1EP12GPIO_TypeDeft16GPIOMode_TypeDef17GPIOSpeed_TypeDef)
    GPIO::GPIO__sub_object(GPIO_TypeDef*, unsigned short, GPIOMode_TypeDef, GPIOSpeed_TypeDef) 0x080015c5   Thumb Code     0  gpio.o(i._ZN4GPIOC1EP12GPIO_TypeDeft16GPIOMode_TypeDef17GPIOSpeed_TypeDef)
    HCHO::Updata()                           0x08001609   Thumb Code   280  hcho.o(i._ZN4HCHO6UpdataEv)
    HCHO::HCHO(USART&)                       0x0800173d   Thumb Code     4  hcho.o(i._ZN4HCHOC1ER5USART)
    HCHO::HCHO__sub_object(USART&)           0x0800173d   Thumb Code     0  hcho.o(i._ZN4HCHOC1ER5USART)
    HCHO::~HCHO()                            0x08001741   Thumb Code     2  hcho.o(i._ZN4HCHOD1Ev)
    HCHO::~HCHO__sub_object()                0x08001741   Thumb Code     0  hcho.o(i._ZN4HCHOD1Ev)
    hint::ledFlicker_2s()                    0x08001745   Thumb Code    52  hint.o(i._ZN4hint13ledFlicker_2sEv)
    hint::hint(GPIO, GPIO)                   0x0800177d   Thumb Code    24  hint.o(i._ZN4hintC1E4GPIOS0_)
    hint::hint__sub_object(GPIO, GPIO)       0x0800177d   Thumb Code     0  hint.o(i._ZN4hintC1E4GPIOS0_)
    USART::GetReceivedData(unsigned char*, unsigned short) 0x08001795   Thumb Code    40  usart.o(i._ZN5USART15GetReceivedDataEPht)
    USART::ReceiveBufferSize()               0x080017bd   Thumb Code    14  usart.o(i._ZN5USART17ReceiveBufferSizeEv)
    USART::ClearReceiveBuffer()              0x080017cb   Thumb Code    14  usart.o(i._ZN5USART18ClearReceiveBufferEv)
    USART::Irq()                             0x080017d9   Thumb Code   200  usart.o(i._ZN5USART3IrqEv)
    USART::DmaIrq()                          0x080018a9   Thumb Code   134  usart.o(i._ZN5USART6DmaIrqEv)
    USART::SendData(unsigned char*, unsigned) 0x08001931   Thumb Code   208  usart.o(i._ZN5USART8SendDataEPhj)
    USART::USART(unsigned char, unsigned, bool, unsigned char, unsigned char, unsigned char, unsigned char, unsigned char, unsigned short, unsigned short, unsigned short) 0x08001a05   Thumb Code   870  usart.o(i._ZN5USARTC1Ehjbhhhhhttt)
    USART::USART__sub_object(unsigned char, unsigned, bool, unsigned char, unsigned char, unsigned char, unsigned char, unsigned char, unsigned short, unsigned short, unsigned short) 0x08001a05   Thumb Code     0  usart.o(i._ZN5USARTC1Ehjbhhhhhttt)
    USART::~USART()                          0x08001d9d   Thumb Code    54  usart.o(i._ZN5USARTD1Ev)
    USART::~USART__sub_object()              0x08001d9d   Thumb Code     0  usart.o(i._ZN5USARTD1Ev)
    USART::operator <<(const char*)          0x08001ded   Thumb Code    36  usart.o(i._ZN5USARTlsEPKc)
    USART::operator <<(char)                 0x08001e11   Thumb Code    18  usart.o(i._ZN5USARTlsEc)
    USART::operator <<(int)                  0x08001e23   Thumb Code    94  usart.o(i._ZN5USARTlsEi)
    Memory::Read(unsigned short, unsigned short, unsigned short*, unsigned short) 0x08001e81   Thumb Code    76  memory.o(i._ZN6Memory4ReadEttPtt)
    Memory::Clear(unsigned short)            0x08001ecd   Thumb Code    40  memory.o(i._ZN6Memory5ClearEt)
    Memory::Write(unsigned short, unsigned short, char*) 0x08001ef5   Thumb Code   190  memory.o(i._ZN6Memory5WriteEttPc)
    Memory::Write(unsigned short, unsigned short, unsigned short*, unsigned short) 0x08001fb3   Thumb Code   168  memory.o(i._ZN6Memory5WriteEttPtt)
    Memory::Memory(unsigned, bool)           0x0800205b   Thumb Code    22  memory.o(i._ZN6MemoryC1Ejb)
    Memory::Memory__sub_object(unsigned, bool) 0x0800205b   Thumb Code     0  memory.o(i._ZN6MemoryC1Ejb)
    esp8266::SetTimeout(int)                 0x08002071   Thumb Code    46  esp8266.o(i._ZN7esp826610SetTimeoutEi)
    esp8266::ClearBuffer()                   0x080020b5   Thumb Code    24  esp8266.o(i._ZN7esp826611ClearBufferEv)
    esp8266::ReceiveAndWait(const char*, const char*, unsigned char) 0x080020cd   Thumb Code   170  esp8266.o(i._ZN7esp826614ReceiveAndWaitEPKcS1_h)
    esp8266::ReceiveAndWait(const char*, unsigned char) 0x08002177   Thumb Code   168  esp8266.o(i._ZN7esp826614ReceiveAndWaitEPKch)
    esp8266::CreateServerMode(short)         0x08002221   Thumb Code    46  esp8266.o(i._ZN7esp826616CreateServerModeEs)
    esp8266::CreateConnectMode(char*, short, signed char) 0x08002269   Thumb Code   178  esp8266.o(i._ZN7esp826617CreateConnectModeEPcsa)
    esp8266::ConnectNetwork_client(char*, char*, char*, short) 0x08002359   Thumb Code    92  esp8266.o(i._ZN7esp826621ConnectNetwork_clientEPcS0_S0_s)
    esp8266::ConnectNetwork_server(short)    0x080023b9   Thumb Code    74  esp8266.o(i._ZN7esp826621ConnectNetwork_serverEs)
    esp8266::Send(char, int, unsigned char*) 0x08002409   Thumb Code    80  esp8266.o(i._ZN7esp82664SendEciPh)
    esp8266::Send(int, unsigned char*)       0x08002471   Thumb Code    56  esp8266.o(i._ZN7esp82664SendEiPh)
    esp8266::kick()                          0x080024bd   Thumb Code    24  esp8266.o(i._ZN7esp82664kickEv)
    esp8266::JoinAP(char*, char*)            0x080024e1   Thumb Code    98  esp8266.o(i._ZN7esp82666JoinAPEPcS0_)
    esp8266::SetMUX(bool)                    0x08002569   Thumb Code    46  esp8266.o(i._ZN7esp82666SetMUXEb)
    esp8266::SetMode(int)                    0x080025ad   Thumb Code    68  esp8266.o(i._ZN7esp82667SetModeEi)
    esp8266::restart()                       0x0800260d   Thumb Code    24  esp8266.o(i._ZN7esp82667restartEv)
    esp8266::RecvFind(const char*, const char*, unsigned char) 0x08002635   Thumb Code    36  esp8266.o(i._ZN7esp82668RecvFindEPKcS1_h)
    esp8266::RecvFind(const char*, unsigned char) 0x08002659   Thumb Code    28  esp8266.o(i._ZN7esp82668RecvFindEPKch)
    esp8266::esp8266(USART&)                 0x08002675   Thumb Code     4  esp8266.o(i._ZN7esp8266C1ER5USART)
    esp8266::esp8266__sub_object(USART&)     0x08002675   Thumb Code     0  esp8266.o(i._ZN7esp8266C1ER5USART)
    std::strstr(char*, const char*)          0x08002679   Thumb Code    16  esp8266.o(i._ZSt6strstrPcPKc)
    __aeabi_atexit                           0x08002689   Thumb Code    50  aeabi_atexit.o(i.__aeabi_atexit)
    __cxa_finalize                           0x080026bb   Thumb Code    66  cxa_finalize.o(i.__cxa_finalize)
    main                                     0x08002861   Thumb Code   614  main.o(i.main)
    FIFOBuffer<unsigned char, (unsigned short)50>::Get(unsigned char&) 0x08002b81   Thumb Code    48  usart.o(t._ZN10FIFOBufferIhLt50EE3GetERh)
    FIFOBuffer<unsigned char, (unsigned short)50>::Put(const unsigned char&) 0x08002bb1   Thumb Code    52  usart.o(t._ZN10FIFOBufferIhLt50EE3PutERKh)
    FIFOBuffer<unsigned char, (unsigned short)50>::Gets(unsigned char*, unsigned short) 0x08002be5   Thumb Code    62  usart.o(t._ZN10FIFOBufferIhLt50EE4GetsEPht)
    FIFOBuffer<unsigned char, (unsigned short)50>::Puts(unsigned char*, unsigned short) 0x08002c23   Thumb Code    66  usart.o(t._ZN10FIFOBufferIhLt50EE4PutsEPht)
    FIFOBuffer<unsigned char, (unsigned short)50>::Size() 0x08002c65   Thumb Code     6  usart.o(t._ZN10FIFOBufferIhLt50EE4SizeEv)
    FIFOBuffer<unsigned char, (unsigned short)50>::Clear() 0x08002c6b   Thumb Code    10  usart.o(t._ZN10FIFOBufferIhLt50EE5ClearEv)
    FIFOBuffer<unsigned char, (unsigned short)50>::FIFOBuffer() 0x08002c75   Thumb Code    14  usart.o(t._ZN10FIFOBufferIhLt50EEC1Ev)
    FIFOBuffer<unsigned char, (unsigned short)50>::FIFOBuffer__sub_object() 0x08002c75   Thumb Code     0  usart.o(t._ZN10FIFOBufferIhLt50EEC1Ev)
    __aeabi_d2f                              0x08002c85   Thumb Code     0  d2f.o(x$fpl$d2f)
    _d2f                                     0x08002c85   Thumb Code    98  d2f.o(x$fpl$d2f)
    __aeabi_dadd                             0x08002ce9   Thumb Code     0  daddsub_clz.o(x$fpl$dadd)
    _dadd                                    0x08002ce9   Thumb Code   332  daddsub_clz.o(x$fpl$dadd)
    __fpl_dcmp_Inf                           0x08002e39   Thumb Code    24  dcmpi.o(x$fpl$dcmpinf)
    __aeabi_ddiv                             0x08002e51   Thumb Code     0  ddiv.o(x$fpl$ddiv)
    _ddiv                                    0x08002e51   Thumb Code   552  ddiv.o(x$fpl$ddiv)
    __aeabi_ui2d                             0x08003101   Thumb Code     0  dflt_clz.o(x$fpl$dfltu)
    _dfltu                                   0x08003101   Thumb Code    38  dflt_clz.o(x$fpl$dfltu)
    __aeabi_cdcmple                          0x08003129   Thumb Code     0  dleqf.o(x$fpl$dleqf)
    _dcmple                                  0x08003129   Thumb Code   120  dleqf.o(x$fpl$dleqf)
    __fpl_dcmple_InfNaN                      0x0800318b   Thumb Code     0  dleqf.o(x$fpl$dleqf)
    __fpl_dnaninf                            0x080031a1   Thumb Code   156  dnaninf.o(x$fpl$dnaninf)
    __fpl_dretinf                            0x0800323d   Thumb Code    12  dretinf.o(x$fpl$dretinf)
    __aeabi_cdrcmple                         0x08003249   Thumb Code     0  drleqf.o(x$fpl$drleqf)
    _drcmple                                 0x08003249   Thumb Code   108  drleqf.o(x$fpl$drleqf)
    __aeabi_dsub                             0x080032b5   Thumb Code     0  daddsub_clz.o(x$fpl$dsub)
    _dsub                                    0x080032b5   Thumb Code   464  daddsub_clz.o(x$fpl$dsub)
    __aeabi_f2uiz                            0x08003489   Thumb Code     0  ffixu.o(x$fpl$ffixu)
    _ffixu                                   0x08003489   Thumb Code    62  ffixu.o(x$fpl$ffixu)
    __aeabi_fmul                             0x080034c9   Thumb Code     0  fmul.o(x$fpl$fmul)
    _fmul                                    0x080034c9   Thumb Code   258  fmul.o(x$fpl$fmul)
    __fpl_fnaninf                            0x080035cb   Thumb Code   140  fnaninf.o(x$fpl$fnaninf)
    __fpl_fretinf                            0x08003657   Thumb Code    10  fretinf.o(x$fpl$fretinf)
    GPIO::mPin                               0x08003660   Data          32  gpio.o(.constdata)
    __I$use$fp                               0x08003660   Number         0  usenofp.o(x$fpl$usenofp)
    Region$$Table$$Base                      0x08003680   Number         0  anon$$obj.o(Region$$Table)
    Region$$Table$$Limit                     0x080036a0   Number         0  anon$$obj.o(Region$$Table)
    SHT$$INIT_ARRAY$$Base                    0x080036a0   Number         0  main.o(.init_array)
    SHT$$INIT_ARRAY$$Limit                   0x080036ac   Number         0  init_aeabi.o(.init_array)
    InfoStore                                0x20000000   Data           8  main.o(.data)
    pUSART1                                  0x20000008   Data           4  interrupt.o(.data)
    pUSART2                                  0x2000000c   Data           4  interrupt.o(.data)
    pUSART3                                  0x20000010   Data           4  interrupt.o(.data)
    tskmgr                                   0x20000018   Data           1  taskmanager.o(.data)
    TaskManager::_new_time                   0x20000020   Data           8  taskmanager.o(.data)
    TaskManager::_old_time                   0x20000028   Data           8  taskmanager.o(.data)
    TaskManager::_it_time                    0x20000030   Data           8  taskmanager.o(.data)
    com                                      0x20000050   Data         156  main.o(.bss)
    WIFI                                     0x200000ec   Data         156  main.o(.bss)
    senser                                   0x20000188   Data         156  main.o(.bss)
    Beep                                     0x20000224   Data          12  main.o(.bss)
    Led                                      0x20000230   Data          12  main.o(.bss)
    wifimemory                               0x2000023c   Data          16  main.o(.bss)
    Hcho                                     0x2000024c   Data          32  main.o(.bss)
    wifi                                     0x2000026c   Data        1008  main.o(.bss)
    Hint                                     0x2000065c   Data          24  main.o(.bss)
    CMCT_Tool                                0x20000674   Data          40  transmission.o(.bss)
    __libspace_start                         0x2000069c   Data          96  libspace.o(.bss)
    __temporary_stack_top$libspace           0x200006fc   Data           0  libspace.o(.bss)



==============================================================================

Memory Map of the image

  Image Entry point : 0x080000ed

  Load Region LR_IROM1 (Base: 0x08000000, Size: 0x000036fc, Max: 0x00010000, ABSOLUTE)

    Execution Region ER_IROM1 (Base: 0x08000000, Size: 0x000036ac, Max: 0x00010000, ABSOLUTE)

    Base Addr    Size         Type   Attr      Idx    E Section Name        Object

    0x08000000   0x000000ec   Data   RO         2733    RESET               startup_stm32f10x_md.o
    0x080000ec   0x00000008   Code   RO         2799  * !!!main             c_w.l(__main.o)
    0x080000f4   0x00000034   Code   RO         3132    !!!scatter          c_w.l(__scatter.o)
    0x08000128   0x0000001a   Code   RO         3134    !!handler_copy      c_w.l(__scatter_copy.o)
    0x08000142   0x00000002   PAD
    0x08000144   0x0000001c   Code   RO         3136    !!handler_zi        c_w.l(__scatter_zi.o)
    0x08000160   0x00000002   Code   RO         3076    .ARM.Collect$$libinit$$00000000  c_w.l(libinit.o)
    0x08000162   0x00000000   Code   RO         2909    .ARM.Collect$$libinit$$00000002  c_w.l(libinit2.o)
    0x08000162   0x00000000   Code   RO         2911    .ARM.Collect$$libinit$$00000004  c_w.l(libinit2.o)
    0x08000162   0x00000008   Code   RO         2912    .ARM.Collect$$libinit$$00000005  c_w.l(libinit2.o)
    0x0800016a   0x00000000   Code   RO         2914    .ARM.Collect$$libinit$$0000000A  c_w.l(libinit2.o)
    0x0800016a   0x00000000   Code   RO         2916    .ARM.Collect$$libinit$$0000000C  c_w.l(libinit2.o)
    0x0800016a   0x00000000   Code   RO         2918    .ARM.Collect$$libinit$$0000000E  c_w.l(libinit2.o)
    0x0800016a   0x00000000   Code   RO         2921    .ARM.Collect$$libinit$$00000011  c_w.l(libinit2.o)
    0x0800016a   0x00000000   Code   RO         2923    .ARM.Collect$$libinit$$00000013  c_w.l(libinit2.o)
    0x0800016a   0x00000000   Code   RO         2925    .ARM.Collect$$libinit$$00000015  c_w.l(libinit2.o)
    0x0800016a   0x00000000   Code   RO         2927    .ARM.Collect$$libinit$$00000017  c_w.l(libinit2.o)
    0x0800016a   0x00000000   Code   RO         2929    .ARM.Collect$$libinit$$00000019  c_w.l(libinit2.o)
    0x0800016a   0x00000000   Code   RO         2931    .ARM.Collect$$libinit$$0000001B  c_w.l(libinit2.o)
    0x0800016a   0x00000000   Code   RO         2933    .ARM.Collect$$libinit$$0000001D  c_w.l(libinit2.o)
    0x0800016a   0x00000000   Code   RO         2935    .ARM.Collect$$libinit$$0000001F  c_w.l(libinit2.o)
    0x0800016a   0x00000000   Code   RO         2937    .ARM.Collect$$libinit$$00000021  c_w.l(libinit2.o)
    0x0800016a   0x00000000   Code   RO         2939    .ARM.Collect$$libinit$$00000023  c_w.l(libinit2.o)
    0x0800016a   0x00000000   Code   RO         2941    .ARM.Collect$$libinit$$00000025  c_w.l(libinit2.o)
    0x0800016a   0x00000000   Code   RO         2945    .ARM.Collect$$libinit$$0000002C  c_w.l(libinit2.o)
    0x0800016a   0x00000000   Code   RO         2947    .ARM.Collect$$libinit$$0000002E  c_w.l(libinit2.o)
    0x0800016a   0x00000000   Code   RO         2949    .ARM.Collect$$libinit$$00000030  c_w.l(libinit2.o)
    0x0800016a   0x00000004   Code   RO         2950    .ARM.Collect$$libinit$$00000031  c_w.l(libinit2.o)
    0x0800016e   0x00000000   Code   RO         2951    .ARM.Collect$$libinit$$00000032  c_w.l(libinit2.o)
    0x0800016e   0x00000002   Code   RO         2952    .ARM.Collect$$libinit$$00000033  c_w.l(libinit2.o)
    0x08000170   0x00000002   Code   RO         3113    .ARM.Collect$$libshutdown$$00000000  c_w.l(libshutdown.o)
    0x08000172   0x00000006   Code   RO         2953    .ARM.Collect$$libshutdown$$00000001  c_w.l(libshutdown2.o)
    0x08000178   0x00000000   Code   RO         2955    .ARM.Collect$$libshutdown$$00000003  c_w.l(libshutdown2.o)
    0x08000178   0x00000000   Code   RO         2958    .ARM.Collect$$libshutdown$$00000006  c_w.l(libshutdown2.o)
    0x08000178   0x00000000   Code   RO         2961    .ARM.Collect$$libshutdown$$00000009  c_w.l(libshutdown2.o)
    0x08000178   0x00000000   Code   RO         2963    .ARM.Collect$$libshutdown$$0000000B  c_w.l(libshutdown2.o)
    0x08000178   0x00000000   Code   RO         2966    .ARM.Collect$$libshutdown$$0000000E  c_w.l(libshutdown2.o)
    0x08000178   0x00000002   Code   RO         2967    .ARM.Collect$$libshutdown$$0000000F  c_w.l(libshutdown2.o)
    0x0800017a   0x00000000   Code   RO         2844    .ARM.Collect$$rtentry$$00000000  c_w.l(__rtentry.o)
    0x0800017a   0x00000000   Code   RO         2991    .ARM.Collect$$rtentry$$00000002  c_w.l(__rtentry2.o)
    0x0800017a   0x00000006   Code   RO         3003    .ARM.Collect$$rtentry$$00000004  c_w.l(__rtentry4.o)
    0x08000180   0x00000000   Code   RO         2993    .ARM.Collect$$rtentry$$00000009  c_w.l(__rtentry2.o)
    0x08000180   0x00000004   Code   RO         2994    .ARM.Collect$$rtentry$$0000000A  c_w.l(__rtentry2.o)
    0x08000184   0x00000000   Code   RO         2996    .ARM.Collect$$rtentry$$0000000C  c_w.l(__rtentry2.o)
    0x08000184   0x00000008   Code   RO         2997    .ARM.Collect$$rtentry$$0000000D  c_w.l(__rtentry2.o)
    0x0800018c   0x00000002   Code   RO         3080    .ARM.Collect$$rtexit$$00000000  c_w.l(rtexit.o)
    0x0800018e   0x00000000   Code   RO         3093    .ARM.Collect$$rtexit$$00000002  c_w.l(rtexit2.o)
    0x0800018e   0x00000004   Code   RO         3094    .ARM.Collect$$rtexit$$00000003  c_w.l(rtexit2.o)
    0x08000192   0x00000006   Code   RO         3095    .ARM.Collect$$rtexit$$00000004  c_w.l(rtexit2.o)
    0x08000198   0x00000000   Code   RO         3052    .emb_text           c_w.l(maybetermalloc1.o)
    0x08000198   0x00000040   Code   RO         2734    .text               startup_stm32f10x_md.o
    0x080001d8   0x00000028   Code   RO         2786    .text               c_w.l(calloc.o)
    0x08000200   0x00000024   Code   RO         2791    .text               c_w.l(strstr.o)
    0x08000224   0x00000006   Code   RO         2797    .text               c_w.l(heapauxi.o)
    0x0800022a   0x00000002   PAD
    0x0800022c   0x00000024   Code   RO         2804    .text               c_w.l(init_aeabi.o)
    0x08000250   0x00000008   Code   RO         2848    .text               c_w.l(rt_ddtor_pointer_addr_intlibspace.o)
    0x08000258   0x0000005e   Code   RO         2852    .text               c_w.l(h1_alloc.o)
    0x080002b6   0x00000044   Code   RO         2906    .text               c_w.l(rt_memclr.o)
    0x080002fa   0x00000002   PAD
    0x080002fc   0x00000008   Code   RO         2985    .text               c_w.l(libspace.o)
    0x08000304   0x00000008   Code   RO         3008    .text               c_w.l(rt_heap_descriptor_intlibspace.o)
    0x0800030c   0x00000004   Code   RO         3010    .text               c_w.l(hguard.o)
    0x08000310   0x0000008a   Code   RO         3012    .text               c_w.l(init_alloc.o)
    0x0800039a   0x0000000e   Code   RO         3018    .text               c_w.l(h1_init.o)
    0x080003a8   0x0000004e   Code   RO         3020    .text               c_w.l(h1_free.o)
    0x080003f6   0x0000004e   Code   RO         3038    .text               c_w.l(rt_memclr_w.o)
    0x08000444   0x0000004a   Code   RO         3048    .text               c_w.l(sys_stackheap_outer.o)
    0x0800048e   0x00000034   Code   RO         3054    .text               c_w.l(h1_extend.o)
    0x080004c2   0x0000000c   Code   RO         3058    .text               c_w.l(exit.o)
    0x080004ce   0x0000000e   Code   RO         3060    .text               c_w.l(defsig_rtmem_outer.o)
    0x080004dc   0x00000002   Code   RO         3077    .text               c_w.l(use_no_semi.o)
    0x080004de   0x00000000   Code   RO         3079    .text               c_w.l(indicate_semi.o)
    0x080004de   0x0000000a   Code   RO         3086    .text               c_w.l(defsig_exit.o)
    0x080004e8   0x00000050   Code   RO         3088    .text               c_w.l(defsig_rtmem_inner.o)
    0x08000538   0x0000000c   Code   RO         3090    .text               c_w.l(sys_exit.o)
    0x08000544   0x00000032   Code   RO         3105    .text               c_w.l(defsig_general.o)
    0x08000576   0x0000000e   Code   RO         3107    .text               c_w.l(sys_wrch.o)
    0x08000584   0x00000018   Code   RO          658    i.DMA1_Channel2_IRQHandler  interrupt.o
    0x0800059c   0x00000018   Code   RO          659    i.DMA1_Channel4_IRQHandler  interrupt.o
    0x080005b4   0x00000018   Code   RO          660    i.DMA1_Channel7_IRQHandler  interrupt.o
    0x080005cc   0x0000001c   Code   RO         1374    i.DMA_ClearFlag     stm32f10x_dma.o
    0x080005e8   0x0000001c   Code   RO         1375    i.DMA_ClearITPendingBit  stm32f10x_dma.o
    0x08000604   0x00000018   Code   RO         1376    i.DMA_Cmd           stm32f10x_dma.o
    0x0800061c   0x0000002c   Code   RO         1379    i.DMA_GetFlagStatus  stm32f10x_dma.o
    0x08000648   0x0000003c   Code   RO         1382    i.DMA_Init          stm32f10x_dma.o
    0x08000684   0x0000000c   Code   RO         1458    i.FLASH_ClearFlag   stm32f10x_flash.o
    0x08000690   0x0000004c   Code   RO         1463    i.FLASH_ErasePage   stm32f10x_flash.o
    0x080006dc   0x00000034   Code   RO         1464    i.FLASH_GetBank1Status  stm32f10x_flash.o
    0x08000710   0x00000014   Code   RO         1473    i.FLASH_Lock        stm32f10x_flash.o
    0x08000724   0x00000040   Code   RO         1476    i.FLASH_ProgramHalfWord  stm32f10x_flash.o
    0x08000764   0x0000006c   Code   RO         1478    i.FLASH_ProgramWord  stm32f10x_flash.o
    0x080007d0   0x00000018   Code   RO         1481    i.FLASH_Unlock      stm32f10x_flash.o
    0x080007e8   0x00000026   Code   RO         1485    i.FLASH_WaitForLastOperation  stm32f10x_flash.o
    0x0800080e   0x00000116   Code   RO         1650    i.GPIO_Init         stm32f10x_gpio.o
    0x08000924   0x00000090   Code   RO         1652    i.GPIO_PinRemapConfig  stm32f10x_gpio.o
    0x080009b4   0x00000004   Code   RO         1657    i.GPIO_ResetBits    stm32f10x_gpio.o
    0x080009b8   0x00000004   Code   RO         1658    i.GPIO_SetBits      stm32f10x_gpio.o
    0x080009bc   0x00000070   Code   RO         1041    i.NVIC_Init         misc.o
    0x08000a2c   0x00000014   Code   RO         1042    i.NVIC_PriorityGroupConfig  misc.o
    0x08000a40   0x00000020   Code   RO         1771    i.RCC_AHBPeriphClockCmd  stm32f10x_rcc.o
    0x08000a60   0x00000020   Code   RO         1772    i.RCC_APB1PeriphClockCmd  stm32f10x_rcc.o
    0x08000a80   0x00000020   Code   RO         1774    i.RCC_APB2PeriphClockCmd  stm32f10x_rcc.o
    0x08000aa0   0x000000d4   Code   RO         1782    i.RCC_GetClocksFreq  stm32f10x_rcc.o
    0x08000b74   0x00000008   Code   RO         2741    i.SetSysClock       system_stm32f10x.o
    0x08000b7c   0x000000e0   Code   RO         2742    i.SetSysClockTo72   system_stm32f10x.o
    0x08000c5c   0x00000020   Code   RO          799    i.SysTick_Handler   taskmanager.o
    0x08000c7c   0x00000060   Code   RO         2744    i.SystemInit        system_stm32f10x.o
    0x08000cdc   0x00000018   Code   RO          661    i.USART1_IRQHandler  interrupt.o
    0x08000cf4   0x00000018   Code   RO          662    i.USART2_IRQHandler  interrupt.o
    0x08000d0c   0x00000018   Code   RO          663    i.USART3_IRQHandler  interrupt.o
    0x08000d24   0x0000001e   Code   RO         2543    i.USART_ClearITPendingBit  stm32f10x_usart.o
    0x08000d42   0x00000018   Code   RO         2546    i.USART_Cmd         stm32f10x_usart.o
    0x08000d5a   0x00000012   Code   RO         2547    i.USART_DMACmd      stm32f10x_usart.o
    0x08000d6c   0x0000001a   Code   RO         2549    i.USART_GetFlagStatus  stm32f10x_usart.o
    0x08000d86   0x00000054   Code   RO         2550    i.USART_GetITStatus  stm32f10x_usart.o
    0x08000dda   0x0000004a   Code   RO         2552    i.USART_ITConfig    stm32f10x_usart.o
    0x08000e24   0x000000d8   Code   RO         2553    i.USART_Init        stm32f10x_usart.o
    0x08000efc   0x0000000a   Code   RO         2560    i.USART_ReceiveData  stm32f10x_usart.o
    0x08000f06   0x00000008   Code   RO         2563    i.USART_SendData    stm32f10x_usart.o
    0x08000f0e   0x00000044   Code   RO          264    i._ZN10WifiMemory12ClearAllDataEv  wifi_memory.o
    0x08000f52   0x00000064   Code   RO          265    i._ZN10WifiMemory12LoadSaveInfoEv  wifi_memory.o
    0x08000fb6   0x00000040   Code   RO          266    i._ZN10WifiMemory14UpdataSaveInfoEv  wifi_memory.o
    0x08000ff6   0x00000108   Code   RO          268    i._ZN10WifiMemory4SaveEPcS0_  wifi_memory.o
    0x080010fe   0x00000012   Code   RO          269    i._ZN10WifiMemoryC1ER6Memory  wifi_memory.o
    0x08001110   0x00000090   Code   RO          800    i._ZN11TaskManager4TimeEv  taskmanager.o
    0x080011a0   0x0000003c   Code   RO          801    i._ZN11TaskManager6DelaySEt  taskmanager.o
    0x080011dc   0x0000004c   Code   RO          802    i._ZN11TaskManager7DelayMsEt  taskmanager.o
    0x08001228   0x0000003e   Code   RO          804    i._ZN11TaskManager9ClockToolERdd  taskmanager.o
    0x08001266   0x00000002   PAD
    0x08001268   0x00000024   Code   RO          805    i._ZN11TaskManagerC1Ev  taskmanager.o
    0x0800128c   0x0000003a   Code   RO          189    i._ZN12Transmission12ToClientPackEhhhh  transmission.o
    0x080012c6   0x00000048   Code   RO          190    i._ZN12Transmission12ToServerPackEhhhh  transmission.o
    0x0800130e   0x0000007e   Code   RO          191    i._ZN12Transmission13GetStateOrderER5USART  transmission.o
    0x0800138c   0x0000004e   Code   RO          192    i._ZN12Transmission14CommandParsingEPh  transmission.o
    0x080013da   0x00000002   PAD
    0x080013dc   0x000000ac   Code   RO          193    i._ZN12Transmission22GetWifiNameAndPasswordEPcS0_R5USART  transmission.o
    0x08001488   0x0000004e   Code   RO          194    i._ZN12Transmission9SendAliveER7esp8266hb  transmission.o
    0x080014d6   0x0000001c   Code   RO          195    i._ZN12TransmissionC1Ev  transmission.o
    0x080014f2   0x00000002   PAD
    0x080014f4   0x000000a0   Code   RO          555    i._ZN4GPIO17RCC_ConfigurationEv  gpio.o
    0x08001594   0x00000030   Code   RO          558    i._ZN4GPIO8SetLevelEh  gpio.o
    0x080015c4   0x00000044   Code   RO          559    i._ZN4GPIOC1EP12GPIO_TypeDeft16GPIOMode_TypeDef17GPIOSpeed_TypeDef  gpio.o
    0x08001608   0x00000134   Code   RO          142    i._ZN4HCHO6UpdataEv  hcho.o
    0x0800173c   0x00000004   Code   RO          144    i._ZN4HCHOC1ER5USART  hcho.o
    0x08001740   0x00000002   Code   RO          145    i._ZN4HCHOD1Ev      hcho.o
    0x08001742   0x00000002   PAD
    0x08001744   0x00000038   Code   RO          613    i._ZN4hint13ledFlicker_2sEv  hint.o
    0x0800177c   0x00000018   Code   RO          616    i._ZN4hintC1E4GPIOS0_  hint.o
    0x08001794   0x00000028   Code   RO          874    i._ZN5USART15GetReceivedDataEPht  usart.o
    0x080017bc   0x0000000e   Code   RO          875    i._ZN5USART17ReceiveBufferSizeEv  usart.o
    0x080017ca   0x0000000e   Code   RO          876    i._ZN5USART18ClearReceiveBufferEv  usart.o
    0x080017d8   0x000000d0   Code   RO          877    i._ZN5USART3IrqEv   usart.o
    0x080018a8   0x00000086   Code   RO          878    i._ZN5USART6DmaIrqEv  usart.o
    0x0800192e   0x00000002   PAD
    0x08001930   0x000000d4   Code   RO          880    i._ZN5USART8SendDataEPhj  usart.o
    0x08001a04   0x00000398   Code   RO          881    i._ZN5USARTC1Ehjbhhhhhttt  usart.o
    0x08001d9c   0x00000050   Code   RO          882    i._ZN5USARTD1Ev     usart.o
    0x08001dec   0x00000024   Code   RO          883    i._ZN5USARTlsEPKc   usart.o
    0x08001e10   0x00000012   Code   RO          884    i._ZN5USARTlsEc     usart.o
    0x08001e22   0x0000005e   Code   RO          886    i._ZN5USARTlsEi     usart.o
    0x08001e80   0x0000004c   Code   RO          726    i._ZN6Memory4ReadEttPtt  memory.o
    0x08001ecc   0x00000028   Code   RO          727    i._ZN6Memory5ClearEt  memory.o
    0x08001ef4   0x000000be   Code   RO          730    i._ZN6Memory5WriteEttPc  memory.o
    0x08001fb2   0x000000a8   Code   RO          731    i._ZN6Memory5WriteEttPtt  memory.o
    0x0800205a   0x00000016   Code   RO          732    i._ZN6MemoryC1Ejb   memory.o
    0x08002070   0x00000044   Code   RO          359    i._ZN7esp826610SetTimeoutEi  esp8266.o
    0x080020b4   0x00000018   Code   RO          360    i._ZN7esp826611ClearBufferEv  esp8266.o
    0x080020cc   0x000000aa   Code   RO          362    i._ZN7esp826614ReceiveAndWaitEPKcS1_h  esp8266.o
    0x08002176   0x000000a8   Code   RO          363    i._ZN7esp826614ReceiveAndWaitEPKch  esp8266.o
    0x0800221e   0x00000002   PAD
    0x08002220   0x00000048   Code   RO          364    i._ZN7esp826616CreateServerModeEs  esp8266.o
    0x08002268   0x000000f0   Code   RO          365    i._ZN7esp826617CreateConnectModeEPcsa  esp8266.o
    0x08002358   0x00000060   Code   RO          367    i._ZN7esp826621ConnectNetwork_clientEPcS0_S0_s  esp8266.o
    0x080023b8   0x00000050   Code   RO          368    i._ZN7esp826621ConnectNetwork_serverEs  esp8266.o
    0x08002408   0x00000068   Code   RO          371    i._ZN7esp82664SendEciPh  esp8266.o
    0x08002470   0x0000004c   Code   RO          372    i._ZN7esp82664SendEiPh  esp8266.o
    0x080024bc   0x00000024   Code   RO          373    i._ZN7esp82664kickEv  esp8266.o
    0x080024e0   0x00000088   Code   RO          374    i._ZN7esp82666JoinAPEPcS0_  esp8266.o
    0x08002568   0x00000044   Code   RO          375    i._ZN7esp82666SetMUXEb  esp8266.o
    0x080025ac   0x00000060   Code   RO          376    i._ZN7esp82667SetModeEi  esp8266.o
    0x0800260c   0x00000028   Code   RO          377    i._ZN7esp82667restartEv  esp8266.o
    0x08002634   0x00000024   Code   RO          380    i._ZN7esp82668RecvFindEPKcS1_h  esp8266.o
    0x08002658   0x0000001c   Code   RO          381    i._ZN7esp82668RecvFindEPKch  esp8266.o
    0x08002674   0x00000004   Code   RO          383    i._ZN7esp8266C1ER5USART  esp8266.o
    0x08002678   0x00000010   Code   RO          521    i._ZSt6strstrPcPKc  esp8266.o
    0x08002688   0x00000032   Code   RO         2807    i.__aeabi_atexit    cpprt_w.l(aeabi_atexit.o)
    0x080026ba   0x00000042   Code   RO         2971    i.__cxa_finalize    cpprt_w.l(cxa_finalize.o)
    0x080026fc   0x00000010   Code   RO          806    i.__sti___15_TaskManager_cpp_tskmgr  taskmanager.o
    0x0800270c   0x00000010   Code   RO          196    i.__sti___16_transmission_cpp_4ab4cfbc  transmission.o
    0x0800271c   0x00000144   Code   RO            4    i.__sti___8_main_cpp_com  main.o
    0x08002860   0x00000320   Code   RO            5    i.main              main.o
    0x08002b80   0x00000030   Code   RO          998    t._ZN10FIFOBufferIhLt50EE3GetERh  usart.o
    0x08002bb0   0x00000034   Code   RO          992    t._ZN10FIFOBufferIhLt50EE3PutERKh  usart.o
    0x08002be4   0x0000003e   Code   RO         1010    t._ZN10FIFOBufferIhLt50EE4GetsEPht  usart.o
    0x08002c22   0x00000042   Code   RO         1004    t._ZN10FIFOBufferIhLt50EE4PutsEPht  usart.o
    0x08002c64   0x00000006   Code   RO         1016    t._ZN10FIFOBufferIhLt50EE4SizeEv  usart.o
    0x08002c6a   0x0000000a   Code   RO         1022    t._ZN10FIFOBufferIhLt50EE5ClearEv  usart.o
    0x08002c74   0x0000000e   Code   RO          986    t._ZN10FIFOBufferIhLt50EEC1Ev  usart.o
    0x08002c82   0x00000002   PAD
    0x08002c84   0x00000062   Code   RO         2810    x$fpl$d2f           fz_ws.l(d2f.o)
    0x08002ce6   0x00000002   PAD
    0x08002ce8   0x00000150   Code   RO         2812    x$fpl$dadd          fz_ws.l(daddsub_clz.o)
    0x08002e38   0x00000018   Code   RO         2974    x$fpl$dcmpinf       fz_ws.l(dcmpi.o)
    0x08002e50   0x000002b0   Code   RO         2819    x$fpl$ddiv          fz_ws.l(ddiv.o)
    0x08003100   0x00000026   Code   RO         2826    x$fpl$dfltu         fz_ws.l(dflt_clz.o)
    0x08003126   0x00000002   PAD
    0x08003128   0x00000078   Code   RO         2832    x$fpl$dleqf         fz_ws.l(dleqf.o)
    0x080031a0   0x0000009c   Code   RO         2976    x$fpl$dnaninf       fz_ws.l(dnaninf.o)
    0x0800323c   0x0000000c   Code   RO         2978    x$fpl$dretinf       fz_ws.l(dretinf.o)
    0x08003248   0x0000006c   Code   RO         2836    x$fpl$drleqf        fz_ws.l(drleqf.o)
    0x080032b4   0x000001d4   Code   RO         2814    x$fpl$dsub          fz_ws.l(daddsub_clz.o)
    0x08003488   0x0000003e   Code   RO         2838    x$fpl$ffixu         fz_ws.l(ffixu.o)
    0x080034c6   0x00000002   PAD
    0x080034c8   0x00000102   Code   RO         2842    x$fpl$fmul          fz_ws.l(fmul.o)
    0x080035ca   0x0000008c   Code   RO         2980    x$fpl$fnaninf       fz_ws.l(fnaninf.o)
    0x08003656   0x0000000a   Code   RO         2982    x$fpl$fretinf       fz_ws.l(fretinf.o)
    0x08003660   0x00000000   Code   RO         2984    x$fpl$usenofp       fz_ws.l(usenofp.o)
    0x08003660   0x00000020   Data   RO          566    .constdata          gpio.o
    0x08003680   0x00000020   Data   RO         3130    Region$$Table       anon$$obj.o
    0x080036a0   0x00000004   Data   RO           10    .init_array         main.o
    0x080036a4   0x00000004   Data   RO          206    .init_array         transmission.o
    0x080036a8   0x00000004   Data   RO          816    .init_array         taskmanager.o
    0x080036ac   0x00000000   Data   RO         2802    .init_array         c_w.l(init_aeabi.o)


    Execution Region RW_IRAM1 (Base: 0x20000000, Size: 0x00000d00, Max: 0x00005000, ABSOLUTE)

    Base Addr    Size         Type   Attr      Idx    E Section Name        Object

    0x20000000   0x00000008   Data   RW            9    .data               main.o
    0x20000008   0x0000000c   Data   RW          670    .data               interrupt.o
    0x20000014   0x00000004   PAD
    0x20000018   0x00000020   Data   RW          815    .data               taskmanager.o
    0x20000038   0x00000003   Data   RW          904    .data               usart.o
    0x2000003b   0x00000014   Data   RW         1802    .data               stm32f10x_rcc.o
    0x2000004f   0x00000001   PAD
    0x20000050   0x00000624   Zero   RW            8    .bss                main.o
    0x20000674   0x00000028   Zero   RW          205    .bss                transmission.o
    0x2000069c   0x00000060   Zero   RW         2986    .bss                c_w.l(libspace.o)
    0x200006fc   0x00000004   PAD
    0x20000700   0x00000200   Zero   RW         2732    HEAP                startup_stm32f10x_md.o
    0x20000900   0x00000400   Zero   RW         2731    STACK               startup_stm32f10x_md.o


==============================================================================

Image component sizes


      Code (inc. data)   RO Data    RW Data    ZI Data      Debug   Object Name

      1558        280          0          0          0      15769   esp8266.o
       276         40         32          0          0       2948   gpio.o
       314         28          0          0          0       1624   hcho.o
        80          4          0          0          0       1460   hint.o
       144         36          0         12          0       3359   interrupt.o
      1124        252          4          8       1572     242010   main.o
       496          0          0          0          0       4836   memory.o
       132         22          0          0          0     249471   misc.o
        64         26        236          0       1536        824   startup_stm32f10x_md.o
       184         28          0          0          0       4601   stm32f10x_dma.o
       394         42          0          0          0       6244   stm32f10x_flash.o
       430          6          0          0          0       4010   stm32f10x_gpio.o
       308         38          0         20          0       5142   stm32f10x_rcc.o
       490          6          0          0          0       7630   stm32f10x_usart.o
       328         28          0          0          0       2029   system_stm32f10x.o
       426         62          4         32          0       4083   taskmanager.o
       628         12          4          0         40       6268   transmission.o
      2028         88          0          3          0      11568   usart.o
       514          0          0          0          0       3172   wifi_memory.o

    ----------------------------------------------------------------------
      9932        998        312         80       3148     577048   Object Totals
         0          0         32          0          0          0   (incl. Generated)
        14          0          0          5          0          0   (incl. Padding)

    ----------------------------------------------------------------------

      Code (inc. data)   RO Data    RW Data    ZI Data      Debug   Library Member Name

         8          0          0          0          0         68   __main.o
         0          0          0          0          0          0   __rtentry.o
        12          0          0          0          0          0   __rtentry2.o
         6          0          0          0          0          0   __rtentry4.o
        52          8          0          0          0          0   __scatter.o
        26          0          0          0          0          0   __scatter_copy.o
        28          0          0          0          0          0   __scatter_zi.o
        40          0          0          0          0         80   calloc.o
        10          0          0          0          0         68   defsig_exit.o
        50          0          0          0          0         88   defsig_general.o
        80         58          0          0          0         76   defsig_rtmem_inner.o
        14          0          0          0          0         80   defsig_rtmem_outer.o
        12          0          0          0          0         72   exit.o
        94          0          0          0          0         80   h1_alloc.o
        52          0          0          0          0         68   h1_extend.o
        78          0          0          0          0         80   h1_free.o
        14          0          0          0          0         84   h1_init.o
         6          0          0          0          0        152   heapauxi.o
         4          0          0          0          0        136   hguard.o
         0          0          0          0          0          0   indicate_semi.o
        36         10          0          0          0         80   init_aeabi.o
       138          0          0          0          0        168   init_alloc.o
         2          0          0          0          0          0   libinit.o
        14          0          0          0          0          0   libinit2.o
         2          0          0          0          0          0   libshutdown.o
         8          0          0          0          0          0   libshutdown2.o
         8          4          0          0         96         68   libspace.o
         0          0          0          0          0          0   maybetermalloc1.o
         8          4          0          0          0         68   rt_ddtor_pointer_addr_intlibspace.o
         8          4          0          0          0         68   rt_heap_descriptor_intlibspace.o
        68          0          0          0          0         68   rt_memclr.o
        78          0          0          0          0         80   rt_memclr_w.o
         2          0          0          0          0          0   rtexit.o
        10          0          0          0          0          0   rtexit2.o
        36          0          0          0          0         80   strstr.o
        12          4          0          0          0         68   sys_exit.o
        74          0          0          0          0         80   sys_stackheap_outer.o
        14          0          0          0          0         76   sys_wrch.o
         2          0          0          0          0         68   use_no_semi.o
        50          0          0          0          0         84   aeabi_atexit.o
        66          0          0          0          0         84   cxa_finalize.o
        98          4          0          0          0         92   d2f.o
       804         16          0          0          0        272   daddsub_clz.o
        24          0          0          0          0         68   dcmpi.o
       688        140          0          0          0        208   ddiv.o
        38          0          0          0          0         68   dflt_clz.o
       120          4          0          0          0         92   dleqf.o
       156          4          0          0          0         92   dnaninf.o
        12          0          0          0          0         68   dretinf.o
       108          0          0          0          0         80   drleqf.o
        62          4          0          0          0         84   ffixu.o
       258          4          0          0          0         84   fmul.o
       140          4          0          0          0         84   fnaninf.o
        10          0          0          0          0         68   fretinf.o
         0          0          0          0          0          0   usenofp.o

    ----------------------------------------------------------------------
      3752        272          0          0        100       3632   Library Totals
        12          0          0          0          4          0   (incl. Padding)

    ----------------------------------------------------------------------

      Code (inc. data)   RO Data    RW Data    ZI Data      Debug   Library Name

      1106         92          0          0         96       2104   c_w.l
       116          0          0          0          0        168   cpprt_w.l
      2518        180          0          0          0       1360   fz_ws.l

    ----------------------------------------------------------------------
      3752        272          0          0        100       3632   Library Totals

    ----------------------------------------------------------------------

==============================================================================


      Code (inc. data)   RO Data    RW Data    ZI Data      Debug   

     13684       1270        312         80       3248     573032   Grand Totals
     13684       1270        312         80       3248     573032   ELF Image Totals
     13684       1270        312         80          0          0   ROM Totals

==============================================================================

    Total RO  Size (Code + RO Data)                13996 (  13.67kB)
    Total RW  Size (RW Data + ZI Data)              3328 (   3.25kB)
    Total ROM Size (Code + RO Data + RW Data)      14076 (  13.75kB)

==============================================================================

