<!doctype html public "-//w3c//dtd html 4.0 transitional//en">
<html><head>
<title>Static Call Graph - [.\Objects\demo.axf]</title></head>
<body><HR>
<H1>Static Call Graph for image .\Objects\demo.axf</H1><HR>
<BR><P>#&#060CALLGRAPH&#062# ARM Linker, 5050106: Last Updated: Thu Aug 18 09:52:28 2016
<BR><P>
<H3>Maximum Stack Usage =        336 bytes + Unknown(Cycles, Untraceable Function Pointers)</H3><H3>
Call chain for Maximum Stack Depth:</H3>
main &rArr; esp8266::ConnectNetwork_client(char*, char*, char*, short) &rArr; esp8266::CreateConnectMode(char*, short, signed char) &rArr; esp8266::RecvFind(const char*, const char*, unsigned char) &rArr; esp8266::ReceiveAndWait(const char*, const char*, unsigned char) &rArr; TaskManager::Time() &rArr; __aeabi_dsub &rArr; __aeabi_dadd &rArr; _double_epilogue &rArr; _double_round
<P>
<H3>
Mutually Recursive functions
</H3> <LI><a href="#[2]">NMI_Handler</a>&nbsp;&nbsp;&nbsp;&rArr;&nbsp;&nbsp;&nbsp;<a href="#[2]">NMI_Handler</a><BR>
 <LI><a href="#[3]">HardFault_Handler</a>&nbsp;&nbsp;&nbsp;&rArr;&nbsp;&nbsp;&nbsp;<a href="#[3]">HardFault_Handler</a><BR>
 <LI><a href="#[4]">MemManage_Handler</a>&nbsp;&nbsp;&nbsp;&rArr;&nbsp;&nbsp;&nbsp;<a href="#[4]">MemManage_Handler</a><BR>
 <LI><a href="#[5]">BusFault_Handler</a>&nbsp;&nbsp;&nbsp;&rArr;&nbsp;&nbsp;&nbsp;<a href="#[5]">BusFault_Handler</a><BR>
 <LI><a href="#[6]">UsageFault_Handler</a>&nbsp;&nbsp;&nbsp;&rArr;&nbsp;&nbsp;&nbsp;<a href="#[6]">UsageFault_Handler</a><BR>
 <LI><a href="#[7]">SVC_Handler</a>&nbsp;&nbsp;&nbsp;&rArr;&nbsp;&nbsp;&nbsp;<a href="#[7]">SVC_Handler</a><BR>
 <LI><a href="#[8]">DebugMon_Handler</a>&nbsp;&nbsp;&nbsp;&rArr;&nbsp;&nbsp;&nbsp;<a href="#[8]">DebugMon_Handler</a><BR>
 <LI><a href="#[9]">PendSV_Handler</a>&nbsp;&nbsp;&nbsp;&rArr;&nbsp;&nbsp;&nbsp;<a href="#[9]">PendSV_Handler</a><BR>
 <LI><a href="#[1d]">ADC1_2_IRQHandler</a>&nbsp;&nbsp;&nbsp;&rArr;&nbsp;&nbsp;&nbsp;<a href="#[1d]">ADC1_2_IRQHandler</a><BR>
</UL>
<P>
<H3>
Function Pointers
</H3><UL>
 <LI><a href="#[1d]">ADC1_2_IRQHandler</a> from startup_stm32f10x_md.o(.text) referenced from startup_stm32f10x_md.o(RESET)
 <LI><a href="#[5]">BusFault_Handler</a> from startup_stm32f10x_md.o(.text) referenced from startup_stm32f10x_md.o(RESET)
 <LI><a href="#[20]">CAN1_RX1_IRQHandler</a> from startup_stm32f10x_md.o(.text) referenced from startup_stm32f10x_md.o(RESET)
 <LI><a href="#[21]">CAN1_SCE_IRQHandler</a> from startup_stm32f10x_md.o(.text) referenced from startup_stm32f10x_md.o(RESET)
 <LI><a href="#[16]">DMA1_Channel1_IRQHandler</a> from startup_stm32f10x_md.o(.text) referenced from startup_stm32f10x_md.o(RESET)
 <LI><a href="#[17]">DMA1_Channel2_IRQHandler</a> from interrupt.o(i.DMA1_Channel2_IRQHandler) referenced from startup_stm32f10x_md.o(RESET)
 <LI><a href="#[18]">DMA1_Channel3_IRQHandler</a> from startup_stm32f10x_md.o(.text) referenced from startup_stm32f10x_md.o(RESET)
 <LI><a href="#[19]">DMA1_Channel4_IRQHandler</a> from interrupt.o(i.DMA1_Channel4_IRQHandler) referenced from startup_stm32f10x_md.o(RESET)
 <LI><a href="#[1a]">DMA1_Channel5_IRQHandler</a> from interrupt.o(i.DMA1_Channel5_IRQHandler) referenced from startup_stm32f10x_md.o(RESET)
 <LI><a href="#[1b]">DMA1_Channel6_IRQHandler</a> from interrupt.o(i.DMA1_Channel6_IRQHandler) referenced from startup_stm32f10x_md.o(RESET)
 <LI><a href="#[1c]">DMA1_Channel7_IRQHandler</a> from interrupt.o(i.DMA1_Channel7_IRQHandler) referenced from startup_stm32f10x_md.o(RESET)
 <LI><a href="#[8]">DebugMon_Handler</a> from startup_stm32f10x_md.o(.text) referenced from startup_stm32f10x_md.o(RESET)
 <LI><a href="#[11]">EXTI0_IRQHandler</a> from interrupt.o(i.EXTI0_IRQHandler) referenced from startup_stm32f10x_md.o(RESET)
 <LI><a href="#[33]">EXTI15_10_IRQHandler</a> from interrupt.o(i.EXTI15_10_IRQHandler) referenced from startup_stm32f10x_md.o(RESET)
 <LI><a href="#[12]">EXTI1_IRQHandler</a> from interrupt.o(i.EXTI1_IRQHandler) referenced from startup_stm32f10x_md.o(RESET)
 <LI><a href="#[13]">EXTI2_IRQHandler</a> from interrupt.o(i.EXTI2_IRQHandler) referenced from startup_stm32f10x_md.o(RESET)
 <LI><a href="#[14]">EXTI3_IRQHandler</a> from interrupt.o(i.EXTI3_IRQHandler) referenced from startup_stm32f10x_md.o(RESET)
 <LI><a href="#[15]">EXTI4_IRQHandler</a> from interrupt.o(i.EXTI4_IRQHandler) referenced from startup_stm32f10x_md.o(RESET)
 <LI><a href="#[22]">EXTI9_5_IRQHandler</a> from interrupt.o(i.EXTI9_5_IRQHandler) referenced from startup_stm32f10x_md.o(RESET)
 <LI><a href="#[f]">FLASH_IRQHandler</a> from startup_stm32f10x_md.o(.text) referenced from startup_stm32f10x_md.o(RESET)
 <LI><a href="#[3]">HardFault_Handler</a> from startup_stm32f10x_md.o(.text) referenced from startup_stm32f10x_md.o(RESET)
 <LI><a href="#[2b]">I2C1_ER_IRQHandler</a> from interrupt.o(i.I2C1_ER_IRQHandler) referenced from startup_stm32f10x_md.o(RESET)
 <LI><a href="#[2a]">I2C1_EV_IRQHandler</a> from interrupt.o(i.I2C1_EV_IRQHandler) referenced from startup_stm32f10x_md.o(RESET)
 <LI><a href="#[2d]">I2C2_ER_IRQHandler</a> from interrupt.o(i.I2C2_ER_IRQHandler) referenced from startup_stm32f10x_md.o(RESET)
 <LI><a href="#[2c]">I2C2_EV_IRQHandler</a> from interrupt.o(i.I2C2_EV_IRQHandler) referenced from startup_stm32f10x_md.o(RESET)
 <LI><a href="#[4]">MemManage_Handler</a> from startup_stm32f10x_md.o(.text) referenced from startup_stm32f10x_md.o(RESET)
 <LI><a href="#[2]">NMI_Handler</a> from startup_stm32f10x_md.o(.text) referenced from startup_stm32f10x_md.o(RESET)
 <LI><a href="#[c]">PVD_IRQHandler</a> from startup_stm32f10x_md.o(.text) referenced from startup_stm32f10x_md.o(RESET)
 <LI><a href="#[9]">PendSV_Handler</a> from startup_stm32f10x_md.o(.text) referenced from startup_stm32f10x_md.o(RESET)
 <LI><a href="#[10]">RCC_IRQHandler</a> from startup_stm32f10x_md.o(.text) referenced from startup_stm32f10x_md.o(RESET)
 <LI><a href="#[34]">RTCAlarm_IRQHandler</a> from startup_stm32f10x_md.o(.text) referenced from startup_stm32f10x_md.o(RESET)
 <LI><a href="#[e]">RTC_IRQHandler</a> from startup_stm32f10x_md.o(.text) referenced from startup_stm32f10x_md.o(RESET)
 <LI><a href="#[1]">Reset_Handler</a> from startup_stm32f10x_md.o(.text) referenced from startup_stm32f10x_md.o(RESET)
 <LI><a href="#[2e]">SPI1_IRQHandler</a> from startup_stm32f10x_md.o(.text) referenced from startup_stm32f10x_md.o(RESET)
 <LI><a href="#[2f]">SPI2_IRQHandler</a> from startup_stm32f10x_md.o(.text) referenced from startup_stm32f10x_md.o(RESET)
 <LI><a href="#[7]">SVC_Handler</a> from startup_stm32f10x_md.o(.text) referenced from startup_stm32f10x_md.o(RESET)
 <LI><a href="#[a]">SysTick_Handler</a> from taskmanager.o(i.SysTick_Handler) referenced from startup_stm32f10x_md.o(RESET)
 <LI><a href="#[37]">SystemInit</a> from system_stm32f10x.o(i.SystemInit) referenced from startup_stm32f10x_md.o(.text)
 <LI><a href="#[d]">TAMPER_IRQHandler</a> from startup_stm32f10x_md.o(.text) referenced from startup_stm32f10x_md.o(RESET)
 <LI><a href="#[23]">TIM1_BRK_IRQHandler</a> from startup_stm32f10x_md.o(.text) referenced from startup_stm32f10x_md.o(RESET)
 <LI><a href="#[26]">TIM1_CC_IRQHandler</a> from startup_stm32f10x_md.o(.text) referenced from startup_stm32f10x_md.o(RESET)
 <LI><a href="#[25]">TIM1_TRG_COM_IRQHandler</a> from startup_stm32f10x_md.o(.text) referenced from startup_stm32f10x_md.o(RESET)
 <LI><a href="#[24]">TIM1_UP_IRQHandler</a> from interrupt.o(i.TIM1_UP_IRQHandler) referenced from startup_stm32f10x_md.o(RESET)
 <LI><a href="#[27]">TIM2_IRQHandler</a> from interrupt.o(i.TIM2_IRQHandler) referenced from startup_stm32f10x_md.o(RESET)
 <LI><a href="#[28]">TIM3_IRQHandler</a> from interrupt.o(i.TIM3_IRQHandler) referenced from startup_stm32f10x_md.o(RESET)
 <LI><a href="#[29]">TIM4_IRQHandler</a> from interrupt.o(i.TIM4_IRQHandler) referenced from startup_stm32f10x_md.o(RESET)
 <LI><a href="#[30]">USART1_IRQHandler</a> from interrupt.o(i.USART1_IRQHandler) referenced from startup_stm32f10x_md.o(RESET)
 <LI><a href="#[31]">USART2_IRQHandler</a> from interrupt.o(i.USART2_IRQHandler) referenced from startup_stm32f10x_md.o(RESET)
 <LI><a href="#[32]">USART3_IRQHandler</a> from interrupt.o(i.USART3_IRQHandler) referenced from startup_stm32f10x_md.o(RESET)
 <LI><a href="#[35]">USBWakeUp_IRQHandler</a> from startup_stm32f10x_md.o(.text) referenced from startup_stm32f10x_md.o(RESET)
 <LI><a href="#[1e]">USB_HP_CAN1_TX_IRQHandler</a> from startup_stm32f10x_md.o(.text) referenced from startup_stm32f10x_md.o(RESET)
 <LI><a href="#[1f]">USB_LP_CAN1_RX0_IRQHandler</a> from startup_stm32f10x_md.o(.text) referenced from startup_stm32f10x_md.o(RESET)
 <LI><a href="#[6]">UsageFault_Handler</a> from startup_stm32f10x_md.o(.text) referenced from startup_stm32f10x_md.o(RESET)
 <LI><a href="#[b]">WWDG_IRQHandler</a> from startup_stm32f10x_md.o(.text) referenced from startup_stm32f10x_md.o(RESET)
 <LI><a href="#[39]">USART::~USART()</a> from usart.o(i._ZN5USARTD1Ev) referenced from main.o(i.__sti___8_Main_cpp_com)
 <LI><a href="#[38]">__main</a> from entry.o(.ARM.Collect$$$$00000000) referenced from startup_stm32f10x_md.o(.text)
 <LI><a href="#[3a]">__sti___15_TaskManager_cpp_tskmgr</a> from taskmanager.o(i.__sti___15_TaskManager_cpp_tskmgr) referenced from taskmanager.o(.init_array)
 <LI><a href="#[3b]">__sti___8_Main_cpp_com</a> from main.o(i.__sti___8_Main_cpp_com) referenced from main.o(.init_array)
 <LI><a href="#[36]">main</a> from main.o(i.main) referenced from entry9a.o(.ARM.Collect$$$$0000000B)
</UL>
<P>
<H3>
Global Symbols
</H3>
<P><STRONG><a name="[38]"></a>__main</STRONG> (Thumb, 0 bytes, Stack size unknown bytes, entry.o(.ARM.Collect$$$$00000000))
<BR>[Address Reference Count : 1]<UL><LI> startup_stm32f10x_md.o(.text)
</UL>
<P><STRONG><a name="[9d]"></a>_main_stk</STRONG> (Thumb, 0 bytes, Stack size unknown bytes, entry2.o(.ARM.Collect$$$$00000001))

<P><STRONG><a name="[3d]"></a>_main_scatterload</STRONG> (Thumb, 0 bytes, Stack size unknown bytes, entry5.o(.ARM.Collect$$$$00000004))
<BR><BR>[Calls]<UL><LI><a href="#[3e]">&gt;&gt;</a>&nbsp;&nbsp;&nbsp;__scatterload
</UL>

<P><STRONG><a name="[4a]"></a>__main_after_scatterload</STRONG> (Thumb, 0 bytes, Stack size unknown bytes, entry5.o(.ARM.Collect$$$$00000004))
<BR><BR>[Called By]<UL><LI><a href="#[3e]">&gt;&gt;</a>&nbsp;&nbsp;&nbsp;__scatterload
</UL>

<P><STRONG><a name="[9e]"></a>_main_clock</STRONG> (Thumb, 0 bytes, Stack size unknown bytes, entry7b.o(.ARM.Collect$$$$00000008))

<P><STRONG><a name="[3f]"></a>_main_cpp_init$empty</STRONG> (Thumb, 0 bytes, Stack size unknown bytes, entry8a.o(.ARM.Collect$$$$00000009))
<BR><BR>[Stack]<UL><LI>Max Depth = 16 + Unknown Stack Size
<LI>Call Chain = _main_cpp_init$empty &rArr; __cpp_initialize__aeabi_
</UL>
<BR>[Calls]<UL><LI><a href="#[3c]">&gt;&gt;</a>&nbsp;&nbsp;&nbsp;__cpp_initialize__aeabi_
</UL>

<P><STRONG><a name="[9f]"></a>_main_cpp_init</STRONG> (Thumb, 0 bytes, Stack size unknown bytes, entry8b.o(.ARM.Collect$$$$0000000A))

<P><STRONG><a name="[a0]"></a>_main_init</STRONG> (Thumb, 0 bytes, Stack size unknown bytes, entry9a.o(.ARM.Collect$$$$0000000B))

<P><STRONG><a name="[a1]"></a>__rt_final_cpp</STRONG> (Thumb, 0 bytes, Stack size unknown bytes, entry10a.o(.ARM.Collect$$$$0000000D))

<P><STRONG><a name="[a2]"></a>__rt_final_exit</STRONG> (Thumb, 0 bytes, Stack size unknown bytes, entry11a.o(.ARM.Collect$$$$0000000F))

<P><STRONG><a name="[1]"></a>Reset_Handler</STRONG> (Thumb, 8 bytes, Stack size 0 bytes, startup_stm32f10x_md.o(.text))
<BR>[Address Reference Count : 1]<UL><LI> startup_stm32f10x_md.o(RESET)
</UL>
<P><STRONG><a name="[2]"></a>NMI_Handler</STRONG> (Thumb, 2 bytes, Stack size 0 bytes, startup_stm32f10x_md.o(.text))
<BR><BR>[Calls]<UL><LI><a href="#[2]">&gt;&gt;</a>&nbsp;&nbsp;&nbsp;NMI_Handler
</UL>
<BR>[Called By]<UL><LI><a href="#[2]">&gt;&gt;</a>&nbsp;&nbsp;&nbsp;NMI_Handler
</UL>
<BR>[Address Reference Count : 1]<UL><LI> startup_stm32f10x_md.o(RESET)
</UL>
<P><STRONG><a name="[3]"></a>HardFault_Handler</STRONG> (Thumb, 2 bytes, Stack size 0 bytes, startup_stm32f10x_md.o(.text))
<BR><BR>[Calls]<UL><LI><a href="#[3]">&gt;&gt;</a>&nbsp;&nbsp;&nbsp;HardFault_Handler
</UL>
<BR>[Called By]<UL><LI><a href="#[3]">&gt;&gt;</a>&nbsp;&nbsp;&nbsp;HardFault_Handler
</UL>
<BR>[Address Reference Count : 1]<UL><LI> startup_stm32f10x_md.o(RESET)
</UL>
<P><STRONG><a name="[4]"></a>MemManage_Handler</STRONG> (Thumb, 2 bytes, Stack size 0 bytes, startup_stm32f10x_md.o(.text))
<BR><BR>[Calls]<UL><LI><a href="#[4]">&gt;&gt;</a>&nbsp;&nbsp;&nbsp;MemManage_Handler
</UL>
<BR>[Called By]<UL><LI><a href="#[4]">&gt;&gt;</a>&nbsp;&nbsp;&nbsp;MemManage_Handler
</UL>
<BR>[Address Reference Count : 1]<UL><LI> startup_stm32f10x_md.o(RESET)
</UL>
<P><STRONG><a name="[5]"></a>BusFault_Handler</STRONG> (Thumb, 2 bytes, Stack size 0 bytes, startup_stm32f10x_md.o(.text))
<BR><BR>[Calls]<UL><LI><a href="#[5]">&gt;&gt;</a>&nbsp;&nbsp;&nbsp;BusFault_Handler
</UL>
<BR>[Called By]<UL><LI><a href="#[5]">&gt;&gt;</a>&nbsp;&nbsp;&nbsp;BusFault_Handler
</UL>
<BR>[Address Reference Count : 1]<UL><LI> startup_stm32f10x_md.o(RESET)
</UL>
<P><STRONG><a name="[6]"></a>UsageFault_Handler</STRONG> (Thumb, 2 bytes, Stack size 0 bytes, startup_stm32f10x_md.o(.text))
<BR><BR>[Calls]<UL><LI><a href="#[6]">&gt;&gt;</a>&nbsp;&nbsp;&nbsp;UsageFault_Handler
</UL>
<BR>[Called By]<UL><LI><a href="#[6]">&gt;&gt;</a>&nbsp;&nbsp;&nbsp;UsageFault_Handler
</UL>
<BR>[Address Reference Count : 1]<UL><LI> startup_stm32f10x_md.o(RESET)
</UL>
<P><STRONG><a name="[7]"></a>SVC_Handler</STRONG> (Thumb, 2 bytes, Stack size 0 bytes, startup_stm32f10x_md.o(.text))
<BR><BR>[Calls]<UL><LI><a href="#[7]">&gt;&gt;</a>&nbsp;&nbsp;&nbsp;SVC_Handler
</UL>
<BR>[Called By]<UL><LI><a href="#[7]">&gt;&gt;</a>&nbsp;&nbsp;&nbsp;SVC_Handler
</UL>
<BR>[Address Reference Count : 1]<UL><LI> startup_stm32f10x_md.o(RESET)
</UL>
<P><STRONG><a name="[8]"></a>DebugMon_Handler</STRONG> (Thumb, 2 bytes, Stack size 0 bytes, startup_stm32f10x_md.o(.text))
<BR><BR>[Calls]<UL><LI><a href="#[8]">&gt;&gt;</a>&nbsp;&nbsp;&nbsp;DebugMon_Handler
</UL>
<BR>[Called By]<UL><LI><a href="#[8]">&gt;&gt;</a>&nbsp;&nbsp;&nbsp;DebugMon_Handler
</UL>
<BR>[Address Reference Count : 1]<UL><LI> startup_stm32f10x_md.o(RESET)
</UL>
<P><STRONG><a name="[9]"></a>PendSV_Handler</STRONG> (Thumb, 2 bytes, Stack size 0 bytes, startup_stm32f10x_md.o(.text))
<BR><BR>[Calls]<UL><LI><a href="#[9]">&gt;&gt;</a>&nbsp;&nbsp;&nbsp;PendSV_Handler
</UL>
<BR>[Called By]<UL><LI><a href="#[9]">&gt;&gt;</a>&nbsp;&nbsp;&nbsp;PendSV_Handler
</UL>
<BR>[Address Reference Count : 1]<UL><LI> startup_stm32f10x_md.o(RESET)
</UL>
<P><STRONG><a name="[1d]"></a>ADC1_2_IRQHandler</STRONG> (Thumb, 0 bytes, Stack size 0 bytes, startup_stm32f10x_md.o(.text))
<BR><BR>[Calls]<UL><LI><a href="#[1d]">&gt;&gt;</a>&nbsp;&nbsp;&nbsp;ADC1_2_IRQHandler
</UL>
<BR>[Called By]<UL><LI><a href="#[1d]">&gt;&gt;</a>&nbsp;&nbsp;&nbsp;ADC1_2_IRQHandler
</UL>
<BR>[Address Reference Count : 1]<UL><LI> startup_stm32f10x_md.o(RESET)
</UL>
<P><STRONG><a name="[20]"></a>CAN1_RX1_IRQHandler</STRONG> (Thumb, 0 bytes, Stack size 0 bytes, startup_stm32f10x_md.o(.text))
<BR>[Address Reference Count : 1]<UL><LI> startup_stm32f10x_md.o(RESET)
</UL>
<P><STRONG><a name="[21]"></a>CAN1_SCE_IRQHandler</STRONG> (Thumb, 0 bytes, Stack size 0 bytes, startup_stm32f10x_md.o(.text))
<BR>[Address Reference Count : 1]<UL><LI> startup_stm32f10x_md.o(RESET)
</UL>
<P><STRONG><a name="[16]"></a>DMA1_Channel1_IRQHandler</STRONG> (Thumb, 0 bytes, Stack size 0 bytes, startup_stm32f10x_md.o(.text))
<BR>[Address Reference Count : 1]<UL><LI> startup_stm32f10x_md.o(RESET)
</UL>
<P><STRONG><a name="[18]"></a>DMA1_Channel3_IRQHandler</STRONG> (Thumb, 0 bytes, Stack size 0 bytes, startup_stm32f10x_md.o(.text))
<BR>[Address Reference Count : 1]<UL><LI> startup_stm32f10x_md.o(RESET)
</UL>
<P><STRONG><a name="[f]"></a>FLASH_IRQHandler</STRONG> (Thumb, 0 bytes, Stack size 0 bytes, startup_stm32f10x_md.o(.text))
<BR>[Address Reference Count : 1]<UL><LI> startup_stm32f10x_md.o(RESET)
</UL>
<P><STRONG><a name="[c]"></a>PVD_IRQHandler</STRONG> (Thumb, 0 bytes, Stack size 0 bytes, startup_stm32f10x_md.o(.text))
<BR>[Address Reference Count : 1]<UL><LI> startup_stm32f10x_md.o(RESET)
</UL>
<P><STRONG><a name="[10]"></a>RCC_IRQHandler</STRONG> (Thumb, 0 bytes, Stack size 0 bytes, startup_stm32f10x_md.o(.text))
<BR>[Address Reference Count : 1]<UL><LI> startup_stm32f10x_md.o(RESET)
</UL>
<P><STRONG><a name="[34]"></a>RTCAlarm_IRQHandler</STRONG> (Thumb, 0 bytes, Stack size 0 bytes, startup_stm32f10x_md.o(.text))
<BR>[Address Reference Count : 1]<UL><LI> startup_stm32f10x_md.o(RESET)
</UL>
<P><STRONG><a name="[e]"></a>RTC_IRQHandler</STRONG> (Thumb, 0 bytes, Stack size 0 bytes, startup_stm32f10x_md.o(.text))
<BR>[Address Reference Count : 1]<UL><LI> startup_stm32f10x_md.o(RESET)
</UL>
<P><STRONG><a name="[2e]"></a>SPI1_IRQHandler</STRONG> (Thumb, 0 bytes, Stack size 0 bytes, startup_stm32f10x_md.o(.text))
<BR>[Address Reference Count : 1]<UL><LI> startup_stm32f10x_md.o(RESET)
</UL>
<P><STRONG><a name="[2f]"></a>SPI2_IRQHandler</STRONG> (Thumb, 0 bytes, Stack size 0 bytes, startup_stm32f10x_md.o(.text))
<BR>[Address Reference Count : 1]<UL><LI> startup_stm32f10x_md.o(RESET)
</UL>
<P><STRONG><a name="[d]"></a>TAMPER_IRQHandler</STRONG> (Thumb, 0 bytes, Stack size 0 bytes, startup_stm32f10x_md.o(.text))
<BR>[Address Reference Count : 1]<UL><LI> startup_stm32f10x_md.o(RESET)
</UL>
<P><STRONG><a name="[23]"></a>TIM1_BRK_IRQHandler</STRONG> (Thumb, 0 bytes, Stack size 0 bytes, startup_stm32f10x_md.o(.text))
<BR>[Address Reference Count : 1]<UL><LI> startup_stm32f10x_md.o(RESET)
</UL>
<P><STRONG><a name="[26]"></a>TIM1_CC_IRQHandler</STRONG> (Thumb, 0 bytes, Stack size 0 bytes, startup_stm32f10x_md.o(.text))
<BR>[Address Reference Count : 1]<UL><LI> startup_stm32f10x_md.o(RESET)
</UL>
<P><STRONG><a name="[25]"></a>TIM1_TRG_COM_IRQHandler</STRONG> (Thumb, 0 bytes, Stack size 0 bytes, startup_stm32f10x_md.o(.text))
<BR>[Address Reference Count : 1]<UL><LI> startup_stm32f10x_md.o(RESET)
</UL>
<P><STRONG><a name="[35]"></a>USBWakeUp_IRQHandler</STRONG> (Thumb, 0 bytes, Stack size 0 bytes, startup_stm32f10x_md.o(.text))
<BR>[Address Reference Count : 1]<UL><LI> startup_stm32f10x_md.o(RESET)
</UL>
<P><STRONG><a name="[1e]"></a>USB_HP_CAN1_TX_IRQHandler</STRONG> (Thumb, 0 bytes, Stack size 0 bytes, startup_stm32f10x_md.o(.text))
<BR>[Address Reference Count : 1]<UL><LI> startup_stm32f10x_md.o(RESET)
</UL>
<P><STRONG><a name="[1f]"></a>USB_LP_CAN1_RX0_IRQHandler</STRONG> (Thumb, 0 bytes, Stack size 0 bytes, startup_stm32f10x_md.o(.text))
<BR>[Address Reference Count : 1]<UL><LI> startup_stm32f10x_md.o(RESET)
</UL>
<P><STRONG><a name="[b]"></a>WWDG_IRQHandler</STRONG> (Thumb, 0 bytes, Stack size 0 bytes, startup_stm32f10x_md.o(.text))
<BR>[Address Reference Count : 1]<UL><LI> startup_stm32f10x_md.o(RESET)
</UL>
<P><STRONG><a name="[a3]"></a>__aeabi_memcpy</STRONG> (Thumb, 36 bytes, Stack size 0 bytes, memcpya.o(.text), UNUSED)

<P><STRONG><a name="[7f]"></a>__aeabi_memcpy4</STRONG> (Thumb, 0 bytes, Stack size 0 bytes, memcpya.o(.text))
<BR><BR>[Called By]<UL><LI><a href="#[7b]">&gt;&gt;</a>&nbsp;&nbsp;&nbsp;USART::USART(unsigned char, unsigned, bool, unsigned char, unsigned char, unsigned char, unsigned char, unsigned char, unsigned short, unsigned short, unsigned short)
</UL>

<P><STRONG><a name="[a4]"></a>__aeabi_memcpy8</STRONG> (Thumb, 0 bytes, Stack size 0 bytes, memcpya.o(.text), UNUSED)

<P><STRONG><a name="[95]"></a>strstr</STRONG> (Thumb, 36 bytes, Stack size 12 bytes, strstr.o(.text))
<BR><BR>[Stack]<UL><LI>Max Depth = 12<LI>Call Chain = strstr
</UL>
<BR>[Called By]<UL><LI><a href="#[8a]">&gt;&gt;</a>&nbsp;&nbsp;&nbsp;std::strstr(char*, const char*)
</UL>

<P><STRONG><a name="[3c]"></a>__cpp_initialize__aeabi_</STRONG> (Thumb, 22 bytes, Stack size 16 bytes, cpp_init.o(.text))
<BR><BR>[Stack]<UL><LI>Max Depth = 16<LI>Call Chain = __cpp_initialize__aeabi_
</UL>
<BR>[Called By]<UL><LI><a href="#[3f]">&gt;&gt;</a>&nbsp;&nbsp;&nbsp;_main_cpp_init$empty
</UL>

<P><STRONG><a name="[40]"></a>__aeabi_dadd</STRONG> (Thumb, 322 bytes, Stack size 48 bytes, dadd.o(.text))
<BR><BR>[Stack]<UL><LI>Max Depth = 88<LI>Call Chain = __aeabi_dadd &rArr; _double_epilogue &rArr; _double_round
</UL>
<BR>[Calls]<UL><LI><a href="#[42]">&gt;&gt;</a>&nbsp;&nbsp;&nbsp;__aeabi_lasr
<LI><a href="#[41]">&gt;&gt;</a>&nbsp;&nbsp;&nbsp;__aeabi_llsl
<LI><a href="#[44]">&gt;&gt;</a>&nbsp;&nbsp;&nbsp;_double_round
<LI><a href="#[43]">&gt;&gt;</a>&nbsp;&nbsp;&nbsp;_double_epilogue
</UL>
<BR>[Called By]<UL><LI><a href="#[53]">&gt;&gt;</a>&nbsp;&nbsp;&nbsp;TaskManager::Time()
<LI><a href="#[45]">&gt;&gt;</a>&nbsp;&nbsp;&nbsp;__aeabi_dsub
<LI><a href="#[a]">&gt;&gt;</a>&nbsp;&nbsp;&nbsp;SysTick_Handler
<LI><a href="#[46]">&gt;&gt;</a>&nbsp;&nbsp;&nbsp;__aeabi_drsub
</UL>

<P><STRONG><a name="[45]"></a>__aeabi_dsub</STRONG> (Thumb, 6 bytes, Stack size 0 bytes, dadd.o(.text))
<BR><BR>[Stack]<UL><LI>Max Depth = 88<LI>Call Chain = __aeabi_dsub &rArr; __aeabi_dadd &rArr; _double_epilogue &rArr; _double_round
</UL>
<BR>[Calls]<UL><LI><a href="#[40]">&gt;&gt;</a>&nbsp;&nbsp;&nbsp;__aeabi_dadd
</UL>
<BR>[Called By]<UL><LI><a href="#[53]">&gt;&gt;</a>&nbsp;&nbsp;&nbsp;TaskManager::Time()
<LI><a href="#[8b]">&gt;&gt;</a>&nbsp;&nbsp;&nbsp;esp8266::ReceiveAndWait(const char*, unsigned char)
<LI><a href="#[88]">&gt;&gt;</a>&nbsp;&nbsp;&nbsp;esp8266::ReceiveAndWait(const char*, const char*, unsigned char)
<LI><a href="#[5c]">&gt;&gt;</a>&nbsp;&nbsp;&nbsp;LED::Blink(unsigned short, float, bool)
<LI><a href="#[58]">&gt;&gt;</a>&nbsp;&nbsp;&nbsp;TaskManager::TimeSlice(double&, double)
<LI><a href="#[57]">&gt;&gt;</a>&nbsp;&nbsp;&nbsp;TaskManager::DelayMs(unsigned short)
<LI><a href="#[55]">&gt;&gt;</a>&nbsp;&nbsp;&nbsp;TaskManager::DelayS(unsigned short)
</UL>

<P><STRONG><a name="[46]"></a>__aeabi_drsub</STRONG> (Thumb, 6 bytes, Stack size 0 bytes, dadd.o(.text), UNUSED)
<BR><BR>[Calls]<UL><LI><a href="#[40]">&gt;&gt;</a>&nbsp;&nbsp;&nbsp;__aeabi_dadd
</UL>

<P><STRONG><a name="[47]"></a>__aeabi_ddiv</STRONG> (Thumb, 222 bytes, Stack size 32 bytes, ddiv.o(.text))
<BR><BR>[Stack]<UL><LI>Max Depth = 40<LI>Call Chain = __aeabi_ddiv &rArr; _double_round
</UL>
<BR>[Calls]<UL><LI><a href="#[44]">&gt;&gt;</a>&nbsp;&nbsp;&nbsp;_double_round
</UL>
<BR>[Called By]<UL><LI><a href="#[53]">&gt;&gt;</a>&nbsp;&nbsp;&nbsp;TaskManager::Time()
<LI><a href="#[57]">&gt;&gt;</a>&nbsp;&nbsp;&nbsp;TaskManager::DelayMs(unsigned short)
</UL>

<P><STRONG><a name="[48]"></a>__aeabi_ui2d</STRONG> (Thumb, 26 bytes, Stack size 16 bytes, dfltui.o(.text))
<BR><BR>[Stack]<UL><LI>Max Depth = 56<LI>Call Chain = __aeabi_ui2d &rArr; _double_epilogue &rArr; _double_round
</UL>
<BR>[Calls]<UL><LI><a href="#[43]">&gt;&gt;</a>&nbsp;&nbsp;&nbsp;_double_epilogue
</UL>
<BR>[Called By]<UL><LI><a href="#[53]">&gt;&gt;</a>&nbsp;&nbsp;&nbsp;TaskManager::Time()
<LI><a href="#[8b]">&gt;&gt;</a>&nbsp;&nbsp;&nbsp;esp8266::ReceiveAndWait(const char*, unsigned char)
<LI><a href="#[88]">&gt;&gt;</a>&nbsp;&nbsp;&nbsp;esp8266::ReceiveAndWait(const char*, const char*, unsigned char)
<LI><a href="#[57]">&gt;&gt;</a>&nbsp;&nbsp;&nbsp;TaskManager::DelayMs(unsigned short)
<LI><a href="#[55]">&gt;&gt;</a>&nbsp;&nbsp;&nbsp;TaskManager::DelayS(unsigned short)
</UL>

<P><STRONG><a name="[5d]"></a>__aeabi_f2uiz</STRONG> (Thumb, 40 bytes, Stack size 0 bytes, ffixui.o(.text))
<BR><BR>[Called By]<UL><LI><a href="#[5c]">&gt;&gt;</a>&nbsp;&nbsp;&nbsp;LED::Blink(unsigned short, float, bool)
</UL>

<P><STRONG><a name="[5e]"></a>__aeabi_f2d</STRONG> (Thumb, 38 bytes, Stack size 0 bytes, f2d.o(.text))
<BR><BR>[Called By]<UL><LI><a href="#[5c]">&gt;&gt;</a>&nbsp;&nbsp;&nbsp;LED::Blink(unsigned short, float, bool)
</UL>

<P><STRONG><a name="[a5]"></a>__aeabi_cdcmpeq</STRONG> (Thumb, 0 bytes, Stack size 0 bytes, cdcmple.o(.text), UNUSED)

<P><STRONG><a name="[56]"></a>__aeabi_cdcmple</STRONG> (Thumb, 48 bytes, Stack size 0 bytes, cdcmple.o(.text))
<BR><BR>[Called By]<UL><LI><a href="#[8b]">&gt;&gt;</a>&nbsp;&nbsp;&nbsp;esp8266::ReceiveAndWait(const char*, unsigned char)
<LI><a href="#[88]">&gt;&gt;</a>&nbsp;&nbsp;&nbsp;esp8266::ReceiveAndWait(const char*, const char*, unsigned char)
<LI><a href="#[57]">&gt;&gt;</a>&nbsp;&nbsp;&nbsp;TaskManager::DelayMs(unsigned short)
<LI><a href="#[55]">&gt;&gt;</a>&nbsp;&nbsp;&nbsp;TaskManager::DelayS(unsigned short)
</UL>

<P><STRONG><a name="[54]"></a>__aeabi_cdrcmple</STRONG> (Thumb, 48 bytes, Stack size 0 bytes, cdrcmple.o(.text))
<BR><BR>[Called By]<UL><LI><a href="#[53]">&gt;&gt;</a>&nbsp;&nbsp;&nbsp;TaskManager::Time()
<LI><a href="#[5c]">&gt;&gt;</a>&nbsp;&nbsp;&nbsp;LED::Blink(unsigned short, float, bool)
<LI><a href="#[58]">&gt;&gt;</a>&nbsp;&nbsp;&nbsp;TaskManager::TimeSlice(double&, double)
</UL>

<P><STRONG><a name="[41]"></a>__aeabi_llsl</STRONG> (Thumb, 30 bytes, Stack size 0 bytes, llshl.o(.text))
<BR><BR>[Called By]<UL><LI><a href="#[40]">&gt;&gt;</a>&nbsp;&nbsp;&nbsp;__aeabi_dadd
<LI><a href="#[43]">&gt;&gt;</a>&nbsp;&nbsp;&nbsp;_double_epilogue
</UL>

<P><STRONG><a name="[a6]"></a>_ll_shift_l</STRONG> (Thumb, 0 bytes, Stack size 0 bytes, llshl.o(.text), UNUSED)

<P><STRONG><a name="[49]"></a>__aeabi_llsr</STRONG> (Thumb, 32 bytes, Stack size 0 bytes, llushr.o(.text))
<BR><BR>[Called By]<UL><LI><a href="#[43]">&gt;&gt;</a>&nbsp;&nbsp;&nbsp;_double_epilogue
</UL>

<P><STRONG><a name="[a7]"></a>_ll_ushift_r</STRONG> (Thumb, 0 bytes, Stack size 0 bytes, llushr.o(.text), UNUSED)

<P><STRONG><a name="[42]"></a>__aeabi_lasr</STRONG> (Thumb, 36 bytes, Stack size 0 bytes, llsshr.o(.text))
<BR><BR>[Called By]<UL><LI><a href="#[40]">&gt;&gt;</a>&nbsp;&nbsp;&nbsp;__aeabi_dadd
</UL>

<P><STRONG><a name="[a8]"></a>_ll_sshift_r</STRONG> (Thumb, 0 bytes, Stack size 0 bytes, llsshr.o(.text), UNUSED)

<P><STRONG><a name="[a9]"></a>__I$use$fp</STRONG> (Thumb, 0 bytes, Stack size unknown bytes, iusefp.o(.text), UNUSED)

<P><STRONG><a name="[98]"></a>__rt_ddtor_pointer_addr</STRONG> (Thumb, 4 bytes, Stack size 0 bytes, cpp_dtor.o(.text))
<BR><BR>[Called By]<UL><LI><a href="#[99]">&gt;&gt;</a>&nbsp;&nbsp;&nbsp;__cxa_finalize
<LI><a href="#[96]">&gt;&gt;</a>&nbsp;&nbsp;&nbsp;__aeabi_atexit
</UL>

<P><STRONG><a name="[aa]"></a>__rt_lib_shutdown_cpp_1</STRONG> (Thumb, 2 bytes, Stack size 0 bytes, cpp_final.o(.text), UNUSED)

<P><STRONG><a name="[44]"></a>_double_round</STRONG> (Thumb, 30 bytes, Stack size 8 bytes, depilogue.o(.text))
<BR><BR>[Stack]<UL><LI>Max Depth = 8<LI>Call Chain = _double_round
</UL>
<BR>[Called By]<UL><LI><a href="#[47]">&gt;&gt;</a>&nbsp;&nbsp;&nbsp;__aeabi_ddiv
<LI><a href="#[40]">&gt;&gt;</a>&nbsp;&nbsp;&nbsp;__aeabi_dadd
<LI><a href="#[43]">&gt;&gt;</a>&nbsp;&nbsp;&nbsp;_double_epilogue
</UL>

<P><STRONG><a name="[43]"></a>_double_epilogue</STRONG> (Thumb, 156 bytes, Stack size 32 bytes, depilogue.o(.text))
<BR><BR>[Stack]<UL><LI>Max Depth = 40<LI>Call Chain = _double_epilogue &rArr; _double_round
</UL>
<BR>[Calls]<UL><LI><a href="#[49]">&gt;&gt;</a>&nbsp;&nbsp;&nbsp;__aeabi_llsr
<LI><a href="#[41]">&gt;&gt;</a>&nbsp;&nbsp;&nbsp;__aeabi_llsl
<LI><a href="#[44]">&gt;&gt;</a>&nbsp;&nbsp;&nbsp;_double_round
</UL>
<BR>[Called By]<UL><LI><a href="#[48]">&gt;&gt;</a>&nbsp;&nbsp;&nbsp;__aeabi_ui2d
<LI><a href="#[40]">&gt;&gt;</a>&nbsp;&nbsp;&nbsp;__aeabi_dadd
</UL>

<P><STRONG><a name="[3e]"></a>__scatterload</STRONG> (Thumb, 28 bytes, Stack size 0 bytes, init.o(.text))
<BR><BR>[Calls]<UL><LI><a href="#[4a]">&gt;&gt;</a>&nbsp;&nbsp;&nbsp;__main_after_scatterload
</UL>
<BR>[Called By]<UL><LI><a href="#[3d]">&gt;&gt;</a>&nbsp;&nbsp;&nbsp;_main_scatterload
</UL>

<P><STRONG><a name="[ab]"></a>__scatterload_rt2</STRONG> (Thumb, 0 bytes, Stack size 0 bytes, init.o(.text), UNUSED)

<P><STRONG><a name="[17]"></a>DMA1_Channel2_IRQHandler</STRONG> (Thumb, 18 bytes, Stack size 8 bytes, interrupt.o(i.DMA1_Channel2_IRQHandler))
<BR><BR>[Stack]<UL><LI>Max Depth = 40<LI>Call Chain = DMA1_Channel2_IRQHandler &rArr; USART::DmaIrq() &rArr; FIFOBuffer&lang;unsigned char, (unsigned short)256&rang;::Gets(unsigned char*, unsigned short)
</UL>
<BR>[Calls]<UL><LI><a href="#[4b]">&gt;&gt;</a>&nbsp;&nbsp;&nbsp;USART::DmaIrq()
</UL>
<BR>[Address Reference Count : 1]<UL><LI> startup_stm32f10x_md.o(RESET)
</UL>
<P><STRONG><a name="[19]"></a>DMA1_Channel4_IRQHandler</STRONG> (Thumb, 18 bytes, Stack size 8 bytes, interrupt.o(i.DMA1_Channel4_IRQHandler))
<BR><BR>[Stack]<UL><LI>Max Depth = 40<LI>Call Chain = DMA1_Channel4_IRQHandler &rArr; USART::DmaIrq() &rArr; FIFOBuffer&lang;unsigned char, (unsigned short)256&rang;::Gets(unsigned char*, unsigned short)
</UL>
<BR>[Calls]<UL><LI><a href="#[4b]">&gt;&gt;</a>&nbsp;&nbsp;&nbsp;USART::DmaIrq()
</UL>
<BR>[Address Reference Count : 1]<UL><LI> startup_stm32f10x_md.o(RESET)
</UL>
<P><STRONG><a name="[1a]"></a>DMA1_Channel5_IRQHandler</STRONG> (Thumb, 2 bytes, Stack size 0 bytes, interrupt.o(i.DMA1_Channel5_IRQHandler))
<BR>[Address Reference Count : 1]<UL><LI> startup_stm32f10x_md.o(RESET)
</UL>
<P><STRONG><a name="[1b]"></a>DMA1_Channel6_IRQHandler</STRONG> (Thumb, 2 bytes, Stack size 0 bytes, interrupt.o(i.DMA1_Channel6_IRQHandler))
<BR>[Address Reference Count : 1]<UL><LI> startup_stm32f10x_md.o(RESET)
</UL>
<P><STRONG><a name="[1c]"></a>DMA1_Channel7_IRQHandler</STRONG> (Thumb, 18 bytes, Stack size 8 bytes, interrupt.o(i.DMA1_Channel7_IRQHandler))
<BR><BR>[Stack]<UL><LI>Max Depth = 40<LI>Call Chain = DMA1_Channel7_IRQHandler &rArr; USART::DmaIrq() &rArr; FIFOBuffer&lang;unsigned char, (unsigned short)256&rang;::Gets(unsigned char*, unsigned short)
</UL>
<BR>[Calls]<UL><LI><a href="#[4b]">&gt;&gt;</a>&nbsp;&nbsp;&nbsp;USART::DmaIrq()
</UL>
<BR>[Address Reference Count : 1]<UL><LI> startup_stm32f10x_md.o(RESET)
</UL>
<P><STRONG><a name="[76]"></a>DMA_ClearFlag</STRONG> (Thumb, 18 bytes, Stack size 0 bytes, stm32f10x_dma.o(i.DMA_ClearFlag))
<BR><BR>[Called By]<UL><LI><a href="#[4b]">&gt;&gt;</a>&nbsp;&nbsp;&nbsp;USART::DmaIrq()
</UL>

<P><STRONG><a name="[75]"></a>DMA_ClearITPendingBit</STRONG> (Thumb, 18 bytes, Stack size 0 bytes, stm32f10x_dma.o(i.DMA_ClearITPendingBit))
<BR><BR>[Called By]<UL><LI><a href="#[4b]">&gt;&gt;</a>&nbsp;&nbsp;&nbsp;USART::DmaIrq()
</UL>

<P><STRONG><a name="[77]"></a>DMA_Cmd</STRONG> (Thumb, 24 bytes, Stack size 0 bytes, stm32f10x_dma.o(i.DMA_Cmd))
<BR><BR>[Called By]<UL><LI><a href="#[4b]">&gt;&gt;</a>&nbsp;&nbsp;&nbsp;USART::DmaIrq()
<LI><a href="#[7b]">&gt;&gt;</a>&nbsp;&nbsp;&nbsp;USART::USART(unsigned char, unsigned, bool, unsigned char, unsigned char, unsigned char, unsigned char, unsigned char, unsigned short, unsigned short, unsigned short)
<LI><a href="#[78]">&gt;&gt;</a>&nbsp;&nbsp;&nbsp;USART::SendData(unsigned char*, unsigned)
</UL>

<P><STRONG><a name="[74]"></a>DMA_GetFlagStatus</STRONG> (Thumb, 36 bytes, Stack size 0 bytes, stm32f10x_dma.o(i.DMA_GetFlagStatus))
<BR><BR>[Called By]<UL><LI><a href="#[4b]">&gt;&gt;</a>&nbsp;&nbsp;&nbsp;USART::DmaIrq()
</UL>

<P><STRONG><a name="[83]"></a>DMA_Init</STRONG> (Thumb, 60 bytes, Stack size 8 bytes, stm32f10x_dma.o(i.DMA_Init))
<BR><BR>[Stack]<UL><LI>Max Depth = 8<LI>Call Chain = DMA_Init
</UL>
<BR>[Called By]<UL><LI><a href="#[7b]">&gt;&gt;</a>&nbsp;&nbsp;&nbsp;USART::USART(unsigned char, unsigned, bool, unsigned char, unsigned char, unsigned char, unsigned char, unsigned char, unsigned short, unsigned short, unsigned short)
</UL>

<P><STRONG><a name="[11]"></a>EXTI0_IRQHandler</STRONG> (Thumb, 10 bytes, Stack size 8 bytes, interrupt.o(i.EXTI0_IRQHandler))
<BR><BR>[Stack]<UL><LI>Max Depth = 8<LI>Call Chain = EXTI0_IRQHandler
</UL>
<BR>[Calls]<UL><LI><a href="#[4c]">&gt;&gt;</a>&nbsp;&nbsp;&nbsp;EXTI_ClearITPendingBit
</UL>
<BR>[Address Reference Count : 1]<UL><LI> startup_stm32f10x_md.o(RESET)
</UL>
<P><STRONG><a name="[33]"></a>EXTI15_10_IRQHandler</STRONG> (Thumb, 112 bytes, Stack size 8 bytes, interrupt.o(i.EXTI15_10_IRQHandler))
<BR><BR>[Stack]<UL><LI>Max Depth = 8<LI>Call Chain = EXTI15_10_IRQHandler
</UL>
<BR>[Calls]<UL><LI><a href="#[4d]">&gt;&gt;</a>&nbsp;&nbsp;&nbsp;EXTI_GetITStatus
<LI><a href="#[4c]">&gt;&gt;</a>&nbsp;&nbsp;&nbsp;EXTI_ClearITPendingBit
</UL>
<BR>[Address Reference Count : 1]<UL><LI> startup_stm32f10x_md.o(RESET)
</UL>
<P><STRONG><a name="[12]"></a>EXTI1_IRQHandler</STRONG> (Thumb, 10 bytes, Stack size 8 bytes, interrupt.o(i.EXTI1_IRQHandler))
<BR><BR>[Stack]<UL><LI>Max Depth = 8<LI>Call Chain = EXTI1_IRQHandler
</UL>
<BR>[Calls]<UL><LI><a href="#[4c]">&gt;&gt;</a>&nbsp;&nbsp;&nbsp;EXTI_ClearITPendingBit
</UL>
<BR>[Address Reference Count : 1]<UL><LI> startup_stm32f10x_md.o(RESET)
</UL>
<P><STRONG><a name="[13]"></a>EXTI2_IRQHandler</STRONG> (Thumb, 10 bytes, Stack size 8 bytes, interrupt.o(i.EXTI2_IRQHandler))
<BR><BR>[Stack]<UL><LI>Max Depth = 8<LI>Call Chain = EXTI2_IRQHandler
</UL>
<BR>[Calls]<UL><LI><a href="#[4c]">&gt;&gt;</a>&nbsp;&nbsp;&nbsp;EXTI_ClearITPendingBit
</UL>
<BR>[Address Reference Count : 1]<UL><LI> startup_stm32f10x_md.o(RESET)
</UL>
<P><STRONG><a name="[14]"></a>EXTI3_IRQHandler</STRONG> (Thumb, 10 bytes, Stack size 8 bytes, interrupt.o(i.EXTI3_IRQHandler))
<BR><BR>[Stack]<UL><LI>Max Depth = 8<LI>Call Chain = EXTI3_IRQHandler
</UL>
<BR>[Calls]<UL><LI><a href="#[4c]">&gt;&gt;</a>&nbsp;&nbsp;&nbsp;EXTI_ClearITPendingBit
</UL>
<BR>[Address Reference Count : 1]<UL><LI> startup_stm32f10x_md.o(RESET)
</UL>
<P><STRONG><a name="[15]"></a>EXTI4_IRQHandler</STRONG> (Thumb, 10 bytes, Stack size 8 bytes, interrupt.o(i.EXTI4_IRQHandler))
<BR><BR>[Stack]<UL><LI>Max Depth = 8<LI>Call Chain = EXTI4_IRQHandler
</UL>
<BR>[Calls]<UL><LI><a href="#[4c]">&gt;&gt;</a>&nbsp;&nbsp;&nbsp;EXTI_ClearITPendingBit
</UL>
<BR>[Address Reference Count : 1]<UL><LI> startup_stm32f10x_md.o(RESET)
</UL>
<P><STRONG><a name="[22]"></a>EXTI9_5_IRQHandler</STRONG> (Thumb, 82 bytes, Stack size 8 bytes, interrupt.o(i.EXTI9_5_IRQHandler))
<BR><BR>[Stack]<UL><LI>Max Depth = 8<LI>Call Chain = EXTI9_5_IRQHandler
</UL>
<BR>[Calls]<UL><LI><a href="#[4d]">&gt;&gt;</a>&nbsp;&nbsp;&nbsp;EXTI_GetITStatus
<LI><a href="#[4c]">&gt;&gt;</a>&nbsp;&nbsp;&nbsp;EXTI_ClearITPendingBit
</UL>
<BR>[Address Reference Count : 1]<UL><LI> startup_stm32f10x_md.o(RESET)
</UL>
<P><STRONG><a name="[4c]"></a>EXTI_ClearITPendingBit</STRONG> (Thumb, 6 bytes, Stack size 0 bytes, stm32f10x_exti.o(i.EXTI_ClearITPendingBit))
<BR><BR>[Called By]<UL><LI><a href="#[22]">&gt;&gt;</a>&nbsp;&nbsp;&nbsp;EXTI9_5_IRQHandler
<LI><a href="#[15]">&gt;&gt;</a>&nbsp;&nbsp;&nbsp;EXTI4_IRQHandler
<LI><a href="#[14]">&gt;&gt;</a>&nbsp;&nbsp;&nbsp;EXTI3_IRQHandler
<LI><a href="#[13]">&gt;&gt;</a>&nbsp;&nbsp;&nbsp;EXTI2_IRQHandler
<LI><a href="#[12]">&gt;&gt;</a>&nbsp;&nbsp;&nbsp;EXTI1_IRQHandler
<LI><a href="#[33]">&gt;&gt;</a>&nbsp;&nbsp;&nbsp;EXTI15_10_IRQHandler
<LI><a href="#[11]">&gt;&gt;</a>&nbsp;&nbsp;&nbsp;EXTI0_IRQHandler
</UL>

<P><STRONG><a name="[4d]"></a>EXTI_GetITStatus</STRONG> (Thumb, 34 bytes, Stack size 0 bytes, stm32f10x_exti.o(i.EXTI_GetITStatus))
<BR><BR>[Called By]<UL><LI><a href="#[22]">&gt;&gt;</a>&nbsp;&nbsp;&nbsp;EXTI9_5_IRQHandler
<LI><a href="#[33]">&gt;&gt;</a>&nbsp;&nbsp;&nbsp;EXTI15_10_IRQHandler
</UL>

<P><STRONG><a name="[68]"></a>GPIO_Init</STRONG> (Thumb, 278 bytes, Stack size 24 bytes, stm32f10x_gpio.o(i.GPIO_Init))
<BR><BR>[Stack]<UL><LI>Max Depth = 24<LI>Call Chain = GPIO_Init
</UL>
<BR>[Called By]<UL><LI><a href="#[67]">&gt;&gt;</a>&nbsp;&nbsp;&nbsp;GPIO::GPIO(GPIO_TypeDef*, unsigned short, GPIOMode_TypeDef, GPIOSpeed_TypeDef)
</UL>

<P><STRONG><a name="[7d]"></a>GPIO_PinRemapConfig</STRONG> (Thumb, 138 bytes, Stack size 20 bytes, stm32f10x_gpio.o(i.GPIO_PinRemapConfig))
<BR><BR>[Stack]<UL><LI>Max Depth = 20<LI>Call Chain = GPIO_PinRemapConfig
</UL>
<BR>[Called By]<UL><LI><a href="#[7b]">&gt;&gt;</a>&nbsp;&nbsp;&nbsp;USART::USART(unsigned char, unsigned, bool, unsigned char, unsigned char, unsigned char, unsigned char, unsigned char, unsigned short, unsigned short, unsigned short)
</UL>

<P><STRONG><a name="[64]"></a>GPIO_ReadInputDataBit</STRONG> (Thumb, 18 bytes, Stack size 0 bytes, stm32f10x_gpio.o(i.GPIO_ReadInputDataBit))
<BR><BR>[Called By]<UL><LI><a href="#[60]">&gt;&gt;</a>&nbsp;&nbsp;&nbsp;GPIO::GetLevel()
</UL>

<P><STRONG><a name="[66]"></a>GPIO_ResetBits</STRONG> (Thumb, 4 bytes, Stack size 0 bytes, stm32f10x_gpio.o(i.GPIO_ResetBits))
<BR><BR>[Called By]<UL><LI><a href="#[5a]">&gt;&gt;</a>&nbsp;&nbsp;&nbsp;GPIO::SetLevel(unsigned char)
</UL>

<P><STRONG><a name="[65]"></a>GPIO_SetBits</STRONG> (Thumb, 4 bytes, Stack size 0 bytes, stm32f10x_gpio.o(i.GPIO_SetBits))
<BR><BR>[Called By]<UL><LI><a href="#[5a]">&gt;&gt;</a>&nbsp;&nbsp;&nbsp;GPIO::SetLevel(unsigned char)
</UL>

<P><STRONG><a name="[2b]"></a>I2C1_ER_IRQHandler</STRONG> (Thumb, 2 bytes, Stack size 0 bytes, interrupt.o(i.I2C1_ER_IRQHandler))
<BR>[Address Reference Count : 1]<UL><LI> startup_stm32f10x_md.o(RESET)
</UL>
<P><STRONG><a name="[2a]"></a>I2C1_EV_IRQHandler</STRONG> (Thumb, 2 bytes, Stack size 0 bytes, interrupt.o(i.I2C1_EV_IRQHandler))
<BR>[Address Reference Count : 1]<UL><LI> startup_stm32f10x_md.o(RESET)
</UL>
<P><STRONG><a name="[2d]"></a>I2C2_ER_IRQHandler</STRONG> (Thumb, 2 bytes, Stack size 0 bytes, interrupt.o(i.I2C2_ER_IRQHandler))
<BR>[Address Reference Count : 1]<UL><LI> startup_stm32f10x_md.o(RESET)
</UL>
<P><STRONG><a name="[2c]"></a>I2C2_EV_IRQHandler</STRONG> (Thumb, 2 bytes, Stack size 0 bytes, interrupt.o(i.I2C2_EV_IRQHandler))
<BR>[Address Reference Count : 1]<UL><LI> startup_stm32f10x_md.o(RESET)
</UL>
<P><STRONG><a name="[85]"></a>NVIC_Init</STRONG> (Thumb, 100 bytes, Stack size 16 bytes, misc.o(i.NVIC_Init))
<BR><BR>[Stack]<UL><LI>Max Depth = 16<LI>Call Chain = NVIC_Init
</UL>
<BR>[Called By]<UL><LI><a href="#[7b]">&gt;&gt;</a>&nbsp;&nbsp;&nbsp;USART::USART(unsigned char, unsigned, bool, unsigned char, unsigned char, unsigned char, unsigned char, unsigned char, unsigned short, unsigned short, unsigned short)
</UL>

<P><STRONG><a name="[84]"></a>NVIC_PriorityGroupConfig</STRONG> (Thumb, 10 bytes, Stack size 0 bytes, misc.o(i.NVIC_PriorityGroupConfig))
<BR><BR>[Called By]<UL><LI><a href="#[7b]">&gt;&gt;</a>&nbsp;&nbsp;&nbsp;USART::USART(unsigned char, unsigned, bool, unsigned char, unsigned char, unsigned char, unsigned char, unsigned char, unsigned short, unsigned short, unsigned short)
</UL>

<P><STRONG><a name="[82]"></a>RCC_AHBPeriphClockCmd</STRONG> (Thumb, 26 bytes, Stack size 0 bytes, stm32f10x_rcc.o(i.RCC_AHBPeriphClockCmd))
<BR><BR>[Called By]<UL><LI><a href="#[7b]">&gt;&gt;</a>&nbsp;&nbsp;&nbsp;USART::USART(unsigned char, unsigned, bool, unsigned char, unsigned char, unsigned char, unsigned char, unsigned char, unsigned short, unsigned short, unsigned short)
</UL>

<P><STRONG><a name="[7e]"></a>RCC_APB1PeriphClockCmd</STRONG> (Thumb, 26 bytes, Stack size 0 bytes, stm32f10x_rcc.o(i.RCC_APB1PeriphClockCmd))
<BR><BR>[Called By]<UL><LI><a href="#[7b]">&gt;&gt;</a>&nbsp;&nbsp;&nbsp;USART::USART(unsigned char, unsigned, bool, unsigned char, unsigned char, unsigned char, unsigned char, unsigned char, unsigned short, unsigned short, unsigned short)
</UL>

<P><STRONG><a name="[63]"></a>RCC_APB2PeriphClockCmd</STRONG> (Thumb, 26 bytes, Stack size 0 bytes, stm32f10x_rcc.o(i.RCC_APB2PeriphClockCmd))
<BR><BR>[Called By]<UL><LI><a href="#[62]">&gt;&gt;</a>&nbsp;&nbsp;&nbsp;GPIO::RCC_Configuration()
<LI><a href="#[7b]">&gt;&gt;</a>&nbsp;&nbsp;&nbsp;USART::USART(unsigned char, unsigned, bool, unsigned char, unsigned char, unsigned char, unsigned char, unsigned char, unsigned short, unsigned short, unsigned short)
</UL>

<P><STRONG><a name="[52]"></a>RCC_GetClocksFreq</STRONG> (Thumb, 192 bytes, Stack size 12 bytes, stm32f10x_rcc.o(i.RCC_GetClocksFreq))
<BR><BR>[Stack]<UL><LI>Max Depth = 12<LI>Call Chain = RCC_GetClocksFreq
</UL>
<BR>[Called By]<UL><LI><a href="#[51]">&gt;&gt;</a>&nbsp;&nbsp;&nbsp;USART_Init
</UL>

<P><STRONG><a name="[a]"></a>SysTick_Handler</STRONG> (Thumb, 20 bytes, Stack size 8 bytes, taskmanager.o(i.SysTick_Handler))
<BR><BR>[Stack]<UL><LI>Max Depth = 96<LI>Call Chain = SysTick_Handler &rArr; __aeabi_dadd &rArr; _double_epilogue &rArr; _double_round
</UL>
<BR>[Calls]<UL><LI><a href="#[40]">&gt;&gt;</a>&nbsp;&nbsp;&nbsp;__aeabi_dadd
</UL>
<BR>[Address Reference Count : 1]<UL><LI> startup_stm32f10x_md.o(RESET)
</UL>
<P><STRONG><a name="[37]"></a>SystemInit</STRONG> (Thumb, 78 bytes, Stack size 8 bytes, system_stm32f10x.o(i.SystemInit))
<BR><BR>[Stack]<UL><LI>Max Depth = 28<LI>Call Chain = SystemInit &rArr; SetSysClock &rArr; SetSysClockTo72
</UL>
<BR>[Calls]<UL><LI><a href="#[4e]">&gt;&gt;</a>&nbsp;&nbsp;&nbsp;SetSysClock
</UL>
<BR>[Address Reference Count : 1]<UL><LI> startup_stm32f10x_md.o(.text)
</UL>
<P><STRONG><a name="[24]"></a>TIM1_UP_IRQHandler</STRONG> (Thumb, 2 bytes, Stack size 0 bytes, interrupt.o(i.TIM1_UP_IRQHandler))
<BR>[Address Reference Count : 1]<UL><LI> startup_stm32f10x_md.o(RESET)
</UL>
<P><STRONG><a name="[27]"></a>TIM2_IRQHandler</STRONG> (Thumb, 2 bytes, Stack size 0 bytes, interrupt.o(i.TIM2_IRQHandler))
<BR>[Address Reference Count : 1]<UL><LI> startup_stm32f10x_md.o(RESET)
</UL>
<P><STRONG><a name="[28]"></a>TIM3_IRQHandler</STRONG> (Thumb, 2 bytes, Stack size 0 bytes, interrupt.o(i.TIM3_IRQHandler))
<BR>[Address Reference Count : 1]<UL><LI> startup_stm32f10x_md.o(RESET)
</UL>
<P><STRONG><a name="[29]"></a>TIM4_IRQHandler</STRONG> (Thumb, 2 bytes, Stack size 0 bytes, interrupt.o(i.TIM4_IRQHandler))
<BR>[Address Reference Count : 1]<UL><LI> startup_stm32f10x_md.o(RESET)
</UL>
<P><STRONG><a name="[30]"></a>USART1_IRQHandler</STRONG> (Thumb, 12 bytes, Stack size 8 bytes, interrupt.o(i.USART1_IRQHandler))
<BR><BR>[Stack]<UL><LI>Max Depth = 44<LI>Call Chain = USART1_IRQHandler &rArr; USART::Irq() &rArr; USART_ITConfig
</UL>
<BR>[Calls]<UL><LI><a href="#[50]">&gt;&gt;</a>&nbsp;&nbsp;&nbsp;USART::Irq()
</UL>
<BR>[Address Reference Count : 1]<UL><LI> startup_stm32f10x_md.o(RESET)
</UL>
<P><STRONG><a name="[31]"></a>USART2_IRQHandler</STRONG> (Thumb, 12 bytes, Stack size 8 bytes, interrupt.o(i.USART2_IRQHandler))
<BR><BR>[Stack]<UL><LI>Max Depth = 44<LI>Call Chain = USART2_IRQHandler &rArr; USART::Irq() &rArr; USART_ITConfig
</UL>
<BR>[Calls]<UL><LI><a href="#[50]">&gt;&gt;</a>&nbsp;&nbsp;&nbsp;USART::Irq()
</UL>
<BR>[Address Reference Count : 1]<UL><LI> startup_stm32f10x_md.o(RESET)
</UL>
<P><STRONG><a name="[32]"></a>USART3_IRQHandler</STRONG> (Thumb, 12 bytes, Stack size 8 bytes, interrupt.o(i.USART3_IRQHandler))
<BR><BR>[Stack]<UL><LI>Max Depth = 44<LI>Call Chain = USART3_IRQHandler &rArr; USART::Irq() &rArr; USART_ITConfig
</UL>
<BR>[Calls]<UL><LI><a href="#[50]">&gt;&gt;</a>&nbsp;&nbsp;&nbsp;USART::Irq()
</UL>
<BR>[Address Reference Count : 1]<UL><LI> startup_stm32f10x_md.o(RESET)
</UL>
<P><STRONG><a name="[70]"></a>USART_ClearITPendingBit</STRONG> (Thumb, 30 bytes, Stack size 8 bytes, stm32f10x_usart.o(i.USART_ClearITPendingBit))
<BR><BR>[Stack]<UL><LI>Max Depth = 8<LI>Call Chain = USART_ClearITPendingBit
</UL>
<BR>[Called By]<UL><LI><a href="#[50]">&gt;&gt;</a>&nbsp;&nbsp;&nbsp;USART::Irq()
<LI><a href="#[78]">&gt;&gt;</a>&nbsp;&nbsp;&nbsp;USART::SendData(unsigned char*, unsigned)
</UL>

<P><STRONG><a name="[80]"></a>USART_Cmd</STRONG> (Thumb, 24 bytes, Stack size 0 bytes, stm32f10x_usart.o(i.USART_Cmd))
<BR><BR>[Called By]<UL><LI><a href="#[7b]">&gt;&gt;</a>&nbsp;&nbsp;&nbsp;USART::USART(unsigned char, unsigned, bool, unsigned char, unsigned char, unsigned char, unsigned char, unsigned char, unsigned short, unsigned short, unsigned short)
</UL>

<P><STRONG><a name="[81]"></a>USART_DMACmd</STRONG> (Thumb, 18 bytes, Stack size 0 bytes, stm32f10x_usart.o(i.USART_DMACmd))
<BR><BR>[Called By]<UL><LI><a href="#[7b]">&gt;&gt;</a>&nbsp;&nbsp;&nbsp;USART::USART(unsigned char, unsigned, bool, unsigned char, unsigned char, unsigned char, unsigned char, unsigned char, unsigned short, unsigned short, unsigned short)
</UL>

<P><STRONG><a name="[7a]"></a>USART_GetFlagStatus</STRONG> (Thumb, 26 bytes, Stack size 0 bytes, stm32f10x_usart.o(i.USART_GetFlagStatus))
<BR><BR>[Called By]<UL><LI><a href="#[78]">&gt;&gt;</a>&nbsp;&nbsp;&nbsp;USART::SendData(unsigned char*, unsigned)
</UL>

<P><STRONG><a name="[6d]"></a>USART_GetITStatus</STRONG> (Thumb, 84 bytes, Stack size 16 bytes, stm32f10x_usart.o(i.USART_GetITStatus))
<BR><BR>[Stack]<UL><LI>Max Depth = 16<LI>Call Chain = USART_GetITStatus
</UL>
<BR>[Called By]<UL><LI><a href="#[50]">&gt;&gt;</a>&nbsp;&nbsp;&nbsp;USART::Irq()
</UL>

<P><STRONG><a name="[73]"></a>USART_ITConfig</STRONG> (Thumb, 74 bytes, Stack size 20 bytes, stm32f10x_usart.o(i.USART_ITConfig))
<BR><BR>[Stack]<UL><LI>Max Depth = 20<LI>Call Chain = USART_ITConfig
</UL>
<BR>[Called By]<UL><LI><a href="#[50]">&gt;&gt;</a>&nbsp;&nbsp;&nbsp;USART::Irq()
<LI><a href="#[7b]">&gt;&gt;</a>&nbsp;&nbsp;&nbsp;USART::USART(unsigned char, unsigned, bool, unsigned char, unsigned char, unsigned char, unsigned char, unsigned char, unsigned short, unsigned short, unsigned short)
<LI><a href="#[78]">&gt;&gt;</a>&nbsp;&nbsp;&nbsp;USART::SendData(unsigned char*, unsigned)
</UL>

<P><STRONG><a name="[51]"></a>USART_Init</STRONG> (Thumb, 210 bytes, Stack size 56 bytes, stm32f10x_usart.o(i.USART_Init))
<BR><BR>[Stack]<UL><LI>Max Depth = 68<LI>Call Chain = USART_Init &rArr; RCC_GetClocksFreq
</UL>
<BR>[Calls]<UL><LI><a href="#[52]">&gt;&gt;</a>&nbsp;&nbsp;&nbsp;RCC_GetClocksFreq
</UL>
<BR>[Called By]<UL><LI><a href="#[7b]">&gt;&gt;</a>&nbsp;&nbsp;&nbsp;USART::USART(unsigned char, unsigned, bool, unsigned char, unsigned char, unsigned char, unsigned char, unsigned char, unsigned short, unsigned short, unsigned short)
</UL>

<P><STRONG><a name="[6e]"></a>USART_ReceiveData</STRONG> (Thumb, 10 bytes, Stack size 0 bytes, stm32f10x_usart.o(i.USART_ReceiveData))
<BR><BR>[Called By]<UL><LI><a href="#[50]">&gt;&gt;</a>&nbsp;&nbsp;&nbsp;USART::Irq()
</UL>

<P><STRONG><a name="[72]"></a>USART_SendData</STRONG> (Thumb, 8 bytes, Stack size 0 bytes, stm32f10x_usart.o(i.USART_SendData))
<BR><BR>[Called By]<UL><LI><a href="#[50]">&gt;&gt;</a>&nbsp;&nbsp;&nbsp;USART::Irq()
<LI><a href="#[78]">&gt;&gt;</a>&nbsp;&nbsp;&nbsp;USART::SendData(unsigned char*, unsigned)
</UL>

<P><STRONG><a name="[53]"></a>TaskManager::Time()</STRONG> (Thumb, 110 bytes, Stack size 32 bytes, taskmanager.o(i._ZN11TaskManager4TimeEv))
<BR><BR>[Stack]<UL><LI>Max Depth = 120<LI>Call Chain = TaskManager::Time() &rArr; __aeabi_dsub &rArr; __aeabi_dadd &rArr; _double_epilogue &rArr; _double_round
</UL>
<BR>[Calls]<UL><LI><a href="#[48]">&gt;&gt;</a>&nbsp;&nbsp;&nbsp;__aeabi_ui2d
<LI><a href="#[45]">&gt;&gt;</a>&nbsp;&nbsp;&nbsp;__aeabi_dsub
<LI><a href="#[47]">&gt;&gt;</a>&nbsp;&nbsp;&nbsp;__aeabi_ddiv
<LI><a href="#[40]">&gt;&gt;</a>&nbsp;&nbsp;&nbsp;__aeabi_dadd
<LI><a href="#[54]">&gt;&gt;</a>&nbsp;&nbsp;&nbsp;__aeabi_cdrcmple
</UL>
<BR>[Called By]<UL><LI><a href="#[8b]">&gt;&gt;</a>&nbsp;&nbsp;&nbsp;esp8266::ReceiveAndWait(const char*, unsigned char)
<LI><a href="#[88]">&gt;&gt;</a>&nbsp;&nbsp;&nbsp;esp8266::ReceiveAndWait(const char*, const char*, unsigned char)
<LI><a href="#[5c]">&gt;&gt;</a>&nbsp;&nbsp;&nbsp;LED::Blink(unsigned short, float, bool)
<LI><a href="#[58]">&gt;&gt;</a>&nbsp;&nbsp;&nbsp;TaskManager::TimeSlice(double&, double)
<LI><a href="#[57]">&gt;&gt;</a>&nbsp;&nbsp;&nbsp;TaskManager::DelayMs(unsigned short)
<LI><a href="#[55]">&gt;&gt;</a>&nbsp;&nbsp;&nbsp;TaskManager::DelayS(unsigned short)
</UL>

<P><STRONG><a name="[55]"></a>TaskManager::DelayS(unsigned short)</STRONG> (Thumb, 54 bytes, Stack size 40 bytes, taskmanager.o(i._ZN11TaskManager6DelaySEt))
<BR><BR>[Stack]<UL><LI>Max Depth = 160<LI>Call Chain = TaskManager::DelayS(unsigned short) &rArr; TaskManager::Time() &rArr; __aeabi_dsub &rArr; __aeabi_dadd &rArr; _double_epilogue &rArr; _double_round
</UL>
<BR>[Calls]<UL><LI><a href="#[53]">&gt;&gt;</a>&nbsp;&nbsp;&nbsp;TaskManager::Time()
<LI><a href="#[48]">&gt;&gt;</a>&nbsp;&nbsp;&nbsp;__aeabi_ui2d
<LI><a href="#[45]">&gt;&gt;</a>&nbsp;&nbsp;&nbsp;__aeabi_dsub
<LI><a href="#[56]">&gt;&gt;</a>&nbsp;&nbsp;&nbsp;__aeabi_cdcmple
</UL>
<BR>[Called By]<UL><LI><a href="#[36]">&gt;&gt;</a>&nbsp;&nbsp;&nbsp;main
<LI><a href="#[8e]">&gt;&gt;</a>&nbsp;&nbsp;&nbsp;esp8266::ConnectNetwork_client(char*, char*, char*, short)
</UL>

<P><STRONG><a name="[57]"></a>TaskManager::DelayMs(unsigned short)</STRONG> (Thumb, 64 bytes, Stack size 40 bytes, taskmanager.o(i._ZN11TaskManager7DelayMsEt))
<BR><BR>[Stack]<UL><LI>Max Depth = 160<LI>Call Chain = TaskManager::DelayMs(unsigned short) &rArr; TaskManager::Time() &rArr; __aeabi_dsub &rArr; __aeabi_dadd &rArr; _double_epilogue &rArr; _double_round
</UL>
<BR>[Calls]<UL><LI><a href="#[53]">&gt;&gt;</a>&nbsp;&nbsp;&nbsp;TaskManager::Time()
<LI><a href="#[48]">&gt;&gt;</a>&nbsp;&nbsp;&nbsp;__aeabi_ui2d
<LI><a href="#[45]">&gt;&gt;</a>&nbsp;&nbsp;&nbsp;__aeabi_dsub
<LI><a href="#[47]">&gt;&gt;</a>&nbsp;&nbsp;&nbsp;__aeabi_ddiv
<LI><a href="#[56]">&gt;&gt;</a>&nbsp;&nbsp;&nbsp;__aeabi_cdcmple
</UL>
<BR>[Called By]<UL><LI><a href="#[93]">&gt;&gt;</a>&nbsp;&nbsp;&nbsp;esp8266::Send(char*)
<LI><a href="#[5c]">&gt;&gt;</a>&nbsp;&nbsp;&nbsp;LED::Blink(unsigned short, float, bool)
</UL>

<P><STRONG><a name="[58]"></a>TaskManager::TimeSlice(double&, double)</STRONG> (Thumb, 62 bytes, Stack size 40 bytes, taskmanager.o(i._ZN11TaskManager9TimeSliceERdd))
<BR><BR>[Stack]<UL><LI>Max Depth = 160<LI>Call Chain = TaskManager::TimeSlice(double&, double) &rArr; TaskManager::Time() &rArr; __aeabi_dsub &rArr; __aeabi_dadd &rArr; _double_epilogue &rArr; _double_round
</UL>
<BR>[Calls]<UL><LI><a href="#[53]">&gt;&gt;</a>&nbsp;&nbsp;&nbsp;TaskManager::Time()
<LI><a href="#[45]">&gt;&gt;</a>&nbsp;&nbsp;&nbsp;__aeabi_dsub
<LI><a href="#[54]">&gt;&gt;</a>&nbsp;&nbsp;&nbsp;__aeabi_cdrcmple
</UL>
<BR>[Called By]<UL><LI><a href="#[36]">&gt;&gt;</a>&nbsp;&nbsp;&nbsp;main
</UL>

<P><STRONG><a name="[9b]"></a>TaskManager::TaskManager()</STRONG> (Thumb, 32 bytes, Stack size 0 bytes, taskmanager.o(i._ZN11TaskManagerC1Ev))
<BR><BR>[Called By]<UL><LI><a href="#[3a]">&gt;&gt;</a>&nbsp;&nbsp;&nbsp;__sti___15_TaskManager_cpp_tskmgr
</UL>

<P><STRONG><a name="[ac]"></a>TaskManager::TaskManager__sub_object()</STRONG> (Thumb, 0 bytes, Stack size 0 bytes, taskmanager.o(i._ZN11TaskManagerC1Ev), UNUSED)

<P><STRONG><a name="[59]"></a>LED::On()</STRONG> (Thumb, 14 bytes, Stack size 8 bytes, led.o(i._ZN3LED2OnEv))
<BR><BR>[Stack]<UL><LI>Max Depth = 24<LI>Call Chain = LED::On() &rArr; GPIO::SetLevel(unsigned char)
</UL>
<BR>[Calls]<UL><LI><a href="#[5a]">&gt;&gt;</a>&nbsp;&nbsp;&nbsp;GPIO::SetLevel(unsigned char)
</UL>
<BR>[Called By]<UL><LI><a href="#[36]">&gt;&gt;</a>&nbsp;&nbsp;&nbsp;main
<LI><a href="#[5c]">&gt;&gt;</a>&nbsp;&nbsp;&nbsp;LED::Blink(unsigned short, float, bool)
</UL>

<P><STRONG><a name="[5b]"></a>LED::Off()</STRONG> (Thumb, 18 bytes, Stack size 8 bytes, led.o(i._ZN3LED3OffEv))
<BR><BR>[Stack]<UL><LI>Max Depth = 24<LI>Call Chain = LED::Off() &rArr; GPIO::SetLevel(unsigned char)
</UL>
<BR>[Calls]<UL><LI><a href="#[5a]">&gt;&gt;</a>&nbsp;&nbsp;&nbsp;GPIO::SetLevel(unsigned char)
</UL>
<BR>[Called By]<UL><LI><a href="#[61]">&gt;&gt;</a>&nbsp;&nbsp;&nbsp;LED::LED(GPIO&, bool)
<LI><a href="#[5c]">&gt;&gt;</a>&nbsp;&nbsp;&nbsp;LED::Blink(unsigned short, float, bool)
</UL>

<P><STRONG><a name="[5c]"></a>LED::Blink(unsigned short, float, bool)</STRONG> (Thumb, 160 bytes, Stack size 48 bytes, led.o(i._ZN3LED5BlinkEtfb))
<BR><BR>[Stack]<UL><LI>Max Depth = 208<LI>Call Chain = LED::Blink(unsigned short, float, bool) &rArr; TaskManager::DelayMs(unsigned short) &rArr; TaskManager::Time() &rArr; __aeabi_dsub &rArr; __aeabi_dadd &rArr; _double_epilogue &rArr; _double_round
</UL>
<BR>[Calls]<UL><LI><a href="#[5d]">&gt;&gt;</a>&nbsp;&nbsp;&nbsp;__aeabi_f2uiz
<LI><a href="#[53]">&gt;&gt;</a>&nbsp;&nbsp;&nbsp;TaskManager::Time()
<LI><a href="#[5e]">&gt;&gt;</a>&nbsp;&nbsp;&nbsp;__aeabi_f2d
<LI><a href="#[45]">&gt;&gt;</a>&nbsp;&nbsp;&nbsp;__aeabi_dsub
<LI><a href="#[5f]">&gt;&gt;</a>&nbsp;&nbsp;&nbsp;LED::Toggle()
<LI><a href="#[5b]">&gt;&gt;</a>&nbsp;&nbsp;&nbsp;LED::Off()
<LI><a href="#[59]">&gt;&gt;</a>&nbsp;&nbsp;&nbsp;LED::On()
<LI><a href="#[54]">&gt;&gt;</a>&nbsp;&nbsp;&nbsp;__aeabi_cdrcmple
<LI><a href="#[57]">&gt;&gt;</a>&nbsp;&nbsp;&nbsp;TaskManager::DelayMs(unsigned short)
</UL>
<BR>[Called By]<UL><LI><a href="#[36]">&gt;&gt;</a>&nbsp;&nbsp;&nbsp;main
</UL>

<P><STRONG><a name="[5f]"></a>LED::Toggle()</STRONG> (Thumb, 32 bytes, Stack size 8 bytes, led.o(i._ZN3LED6ToggleEv))
<BR><BR>[Stack]<UL><LI>Max Depth = 24<LI>Call Chain = LED::Toggle() &rArr; GPIO::SetLevel(unsigned char)
</UL>
<BR>[Calls]<UL><LI><a href="#[5a]">&gt;&gt;</a>&nbsp;&nbsp;&nbsp;GPIO::SetLevel(unsigned char)
<LI><a href="#[60]">&gt;&gt;</a>&nbsp;&nbsp;&nbsp;GPIO::GetLevel()
</UL>
<BR>[Called By]<UL><LI><a href="#[5c]">&gt;&gt;</a>&nbsp;&nbsp;&nbsp;LED::Blink(unsigned short, float, bool)
</UL>

<P><STRONG><a name="[61]"></a>LED::LED(GPIO&, bool)</STRONG> (Thumb, 32 bytes, Stack size 16 bytes, led.o(i._ZN3LEDC1ER4GPIOb))
<BR><BR>[Stack]<UL><LI>Max Depth = 40<LI>Call Chain = LED::LED(GPIO&, bool) &rArr; LED::Off() &rArr; GPIO::SetLevel(unsigned char)
</UL>
<BR>[Calls]<UL><LI><a href="#[5b]">&gt;&gt;</a>&nbsp;&nbsp;&nbsp;LED::Off()
</UL>
<BR>[Called By]<UL><LI><a href="#[3b]">&gt;&gt;</a>&nbsp;&nbsp;&nbsp;__sti___8_Main_cpp_com
</UL>

<P><STRONG><a name="[ad]"></a>LED::LED__sub_object(GPIO&, bool)</STRONG> (Thumb, 0 bytes, Stack size 16 bytes, led.o(i._ZN3LEDC1ER4GPIOb), UNUSED)

<P><STRONG><a name="[62]"></a>GPIO::RCC_Configuration()</STRONG> (Thumb, 130 bytes, Stack size 8 bytes, gpio.o(i._ZN4GPIO17RCC_ConfigurationEv))
<BR><BR>[Stack]<UL><LI>Max Depth = 8<LI>Call Chain = GPIO::RCC_Configuration()
</UL>
<BR>[Calls]<UL><LI><a href="#[63]">&gt;&gt;</a>&nbsp;&nbsp;&nbsp;RCC_APB2PeriphClockCmd
</UL>
<BR>[Called By]<UL><LI><a href="#[67]">&gt;&gt;</a>&nbsp;&nbsp;&nbsp;GPIO::GPIO(GPIO_TypeDef*, unsigned short, GPIOMode_TypeDef, GPIOSpeed_TypeDef)
</UL>

<P><STRONG><a name="[60]"></a>GPIO::GetLevel()</STRONG> (Thumb, 28 bytes, Stack size 8 bytes, gpio.o(i._ZN4GPIO8GetLevelEv))
<BR><BR>[Stack]<UL><LI>Max Depth = 8<LI>Call Chain = GPIO::GetLevel()
</UL>
<BR>[Calls]<UL><LI><a href="#[64]">&gt;&gt;</a>&nbsp;&nbsp;&nbsp;GPIO_ReadInputDataBit
</UL>
<BR>[Called By]<UL><LI><a href="#[5f]">&gt;&gt;</a>&nbsp;&nbsp;&nbsp;LED::Toggle()
</UL>

<P><STRONG><a name="[5a]"></a>GPIO::SetLevel(unsigned char)</STRONG> (Thumb, 42 bytes, Stack size 16 bytes, gpio.o(i._ZN4GPIO8SetLevelEh))
<BR><BR>[Stack]<UL><LI>Max Depth = 16<LI>Call Chain = GPIO::SetLevel(unsigned char)
</UL>
<BR>[Calls]<UL><LI><a href="#[65]">&gt;&gt;</a>&nbsp;&nbsp;&nbsp;GPIO_SetBits
<LI><a href="#[66]">&gt;&gt;</a>&nbsp;&nbsp;&nbsp;GPIO_ResetBits
</UL>
<BR>[Called By]<UL><LI><a href="#[5f]">&gt;&gt;</a>&nbsp;&nbsp;&nbsp;LED::Toggle()
<LI><a href="#[5b]">&gt;&gt;</a>&nbsp;&nbsp;&nbsp;LED::Off()
<LI><a href="#[59]">&gt;&gt;</a>&nbsp;&nbsp;&nbsp;LED::On()
</UL>

<P><STRONG><a name="[67]"></a>GPIO::GPIO(GPIO_TypeDef*, unsigned short, GPIOMode_TypeDef, GPIOSpeed_TypeDef)</STRONG> (Thumb, 64 bytes, Stack size 32 bytes, gpio.o(i._ZN4GPIOC1EP12GPIO_TypeDeft16GPIOMode_TypeDef17GPIOSpeed_TypeDef))
<BR><BR>[Stack]<UL><LI>Max Depth = 56<LI>Call Chain = GPIO::GPIO(GPIO_TypeDef*, unsigned short, GPIOMode_TypeDef, GPIOSpeed_TypeDef) &rArr; GPIO_Init
</UL>
<BR>[Calls]<UL><LI><a href="#[62]">&gt;&gt;</a>&nbsp;&nbsp;&nbsp;GPIO::RCC_Configuration()
<LI><a href="#[68]">&gt;&gt;</a>&nbsp;&nbsp;&nbsp;GPIO_Init
</UL>
<BR>[Called By]<UL><LI><a href="#[3b]">&gt;&gt;</a>&nbsp;&nbsp;&nbsp;__sti___8_Main_cpp_com
<LI><a href="#[7b]">&gt;&gt;</a>&nbsp;&nbsp;&nbsp;USART::USART(unsigned char, unsigned, bool, unsigned char, unsigned char, unsigned char, unsigned char, unsigned char, unsigned short, unsigned short, unsigned short)
</UL>

<P><STRONG><a name="[ae]"></a>GPIO::GPIO__sub_object(GPIO_TypeDef*, unsigned short, GPIOMode_TypeDef, GPIOSpeed_TypeDef)</STRONG> (Thumb, 0 bytes, Stack size 32 bytes, gpio.o(i._ZN4GPIOC1EP12GPIO_TypeDeft16GPIOMode_TypeDef17GPIOSpeed_TypeDef), UNUSED)

<P><STRONG><a name="[69]"></a>USART::GetReceivedData(unsigned char*, unsigned short)</STRONG> (Thumb, 40 bytes, Stack size 16 bytes, usart.o(i._ZN5USART15GetReceivedDataEPht))
<BR><BR>[Stack]<UL><LI>Max Depth = 32<LI>Call Chain = USART::GetReceivedData(unsigned char*, unsigned short) &rArr; FIFOBuffer&lang;unsigned char, (unsigned short)256&rang;::Gets(unsigned char*, unsigned short)
</UL>
<BR>[Calls]<UL><LI><a href="#[6a]">&gt;&gt;</a>&nbsp;&nbsp;&nbsp;FIFOBuffer&lang;unsigned char, (unsigned short)256&rang;::Size()
<LI><a href="#[6b]">&gt;&gt;</a>&nbsp;&nbsp;&nbsp;FIFOBuffer&lang;unsigned char, (unsigned short)256&rang;::Gets(unsigned char*, unsigned short)
</UL>
<BR>[Called By]<UL><LI><a href="#[8b]">&gt;&gt;</a>&nbsp;&nbsp;&nbsp;esp8266::ReceiveAndWait(const char*, unsigned char)
<LI><a href="#[88]">&gt;&gt;</a>&nbsp;&nbsp;&nbsp;esp8266::ReceiveAndWait(const char*, const char*, unsigned char)
</UL>

<P><STRONG><a name="[6c]"></a>USART::ReceiveBufferSize()</STRONG> (Thumb, 14 bytes, Stack size 8 bytes, usart.o(i._ZN5USART17ReceiveBufferSizeEv))
<BR><BR>[Stack]<UL><LI>Max Depth = 8<LI>Call Chain = USART::ReceiveBufferSize()
</UL>
<BR>[Calls]<UL><LI><a href="#[6a]">&gt;&gt;</a>&nbsp;&nbsp;&nbsp;FIFOBuffer&lang;unsigned char, (unsigned short)256&rang;::Size()
</UL>
<BR>[Called By]<UL><LI><a href="#[8b]">&gt;&gt;</a>&nbsp;&nbsp;&nbsp;esp8266::ReceiveAndWait(const char*, unsigned char)
<LI><a href="#[88]">&gt;&gt;</a>&nbsp;&nbsp;&nbsp;esp8266::ReceiveAndWait(const char*, const char*, unsigned char)
</UL>

<P><STRONG><a name="[50]"></a>USART::Irq()</STRONG> (Thumb, 208 bytes, Stack size 16 bytes, usart.o(i._ZN5USART3IrqEv))
<BR><BR>[Stack]<UL><LI>Max Depth = 36<LI>Call Chain = USART::Irq() &rArr; USART_ITConfig
</UL>
<BR>[Calls]<UL><LI><a href="#[72]">&gt;&gt;</a>&nbsp;&nbsp;&nbsp;USART_SendData
<LI><a href="#[6e]">&gt;&gt;</a>&nbsp;&nbsp;&nbsp;USART_ReceiveData
<LI><a href="#[73]">&gt;&gt;</a>&nbsp;&nbsp;&nbsp;USART_ITConfig
<LI><a href="#[6d]">&gt;&gt;</a>&nbsp;&nbsp;&nbsp;USART_GetITStatus
<LI><a href="#[70]">&gt;&gt;</a>&nbsp;&nbsp;&nbsp;USART_ClearITPendingBit
<LI><a href="#[6a]">&gt;&gt;</a>&nbsp;&nbsp;&nbsp;FIFOBuffer&lang;unsigned char, (unsigned short)256&rang;::Size()
<LI><a href="#[6f]">&gt;&gt;</a>&nbsp;&nbsp;&nbsp;FIFOBuffer&lang;unsigned char, (unsigned short)256&rang;::Put(const unsigned char&)
<LI><a href="#[71]">&gt;&gt;</a>&nbsp;&nbsp;&nbsp;FIFOBuffer&lang;unsigned char, (unsigned short)256&rang;::Get(unsigned char&)
</UL>
<BR>[Called By]<UL><LI><a href="#[32]">&gt;&gt;</a>&nbsp;&nbsp;&nbsp;USART3_IRQHandler
<LI><a href="#[31]">&gt;&gt;</a>&nbsp;&nbsp;&nbsp;USART2_IRQHandler
<LI><a href="#[30]">&gt;&gt;</a>&nbsp;&nbsp;&nbsp;USART1_IRQHandler
</UL>

<P><STRONG><a name="[4b]"></a>USART::DmaIrq()</STRONG> (Thumb, 136 bytes, Stack size 16 bytes, usart.o(i._ZN5USART6DmaIrqEv))
<BR><BR>[Stack]<UL><LI>Max Depth = 32<LI>Call Chain = USART::DmaIrq() &rArr; FIFOBuffer&lang;unsigned char, (unsigned short)256&rang;::Gets(unsigned char*, unsigned short)
</UL>
<BR>[Calls]<UL><LI><a href="#[77]">&gt;&gt;</a>&nbsp;&nbsp;&nbsp;DMA_Cmd
<LI><a href="#[74]">&gt;&gt;</a>&nbsp;&nbsp;&nbsp;DMA_GetFlagStatus
<LI><a href="#[75]">&gt;&gt;</a>&nbsp;&nbsp;&nbsp;DMA_ClearITPendingBit
<LI><a href="#[76]">&gt;&gt;</a>&nbsp;&nbsp;&nbsp;DMA_ClearFlag
<LI><a href="#[6a]">&gt;&gt;</a>&nbsp;&nbsp;&nbsp;FIFOBuffer&lang;unsigned char, (unsigned short)256&rang;::Size()
<LI><a href="#[6b]">&gt;&gt;</a>&nbsp;&nbsp;&nbsp;FIFOBuffer&lang;unsigned char, (unsigned short)256&rang;::Gets(unsigned char*, unsigned short)
</UL>
<BR>[Called By]<UL><LI><a href="#[1c]">&gt;&gt;</a>&nbsp;&nbsp;&nbsp;DMA1_Channel7_IRQHandler
<LI><a href="#[19]">&gt;&gt;</a>&nbsp;&nbsp;&nbsp;DMA1_Channel4_IRQHandler
<LI><a href="#[17]">&gt;&gt;</a>&nbsp;&nbsp;&nbsp;DMA1_Channel2_IRQHandler
</UL>

<P><STRONG><a name="[78]"></a>USART::SendData(unsigned char*, unsigned)</STRONG> (Thumb, 212 bytes, Stack size 24 bytes, usart.o(i._ZN5USART8SendDataEPhj))
<BR><BR>[Stack]<UL><LI>Max Depth = 44<LI>Call Chain = USART::SendData(unsigned char*, unsigned) &rArr; USART_ITConfig
</UL>
<BR>[Calls]<UL><LI><a href="#[77]">&gt;&gt;</a>&nbsp;&nbsp;&nbsp;DMA_Cmd
<LI><a href="#[72]">&gt;&gt;</a>&nbsp;&nbsp;&nbsp;USART_SendData
<LI><a href="#[73]">&gt;&gt;</a>&nbsp;&nbsp;&nbsp;USART_ITConfig
<LI><a href="#[7a]">&gt;&gt;</a>&nbsp;&nbsp;&nbsp;USART_GetFlagStatus
<LI><a href="#[70]">&gt;&gt;</a>&nbsp;&nbsp;&nbsp;USART_ClearITPendingBit
<LI><a href="#[6a]">&gt;&gt;</a>&nbsp;&nbsp;&nbsp;FIFOBuffer&lang;unsigned char, (unsigned short)256&rang;::Size()
<LI><a href="#[79]">&gt;&gt;</a>&nbsp;&nbsp;&nbsp;FIFOBuffer&lang;unsigned char, (unsigned short)256&rang;::Puts(unsigned char*, unsigned short)
<LI><a href="#[6b]">&gt;&gt;</a>&nbsp;&nbsp;&nbsp;FIFOBuffer&lang;unsigned char, (unsigned short)256&rang;::Gets(unsigned char*, unsigned short)
<LI><a href="#[71]">&gt;&gt;</a>&nbsp;&nbsp;&nbsp;FIFOBuffer&lang;unsigned char, (unsigned short)256&rang;::Get(unsigned char&)
</UL>
<BR>[Called By]<UL><LI><a href="#[87]">&gt;&gt;</a>&nbsp;&nbsp;&nbsp;USART::operator &lang;&lang;(int)
<LI><a href="#[86]">&gt;&gt;</a>&nbsp;&nbsp;&nbsp;USART::operator &lang;&lang;(const char*)
</UL>

<P><STRONG><a name="[7b]"></a>USART::USART(unsigned char, unsigned, bool, unsigned char, unsigned char, unsigned char, unsigned char, unsigned char, unsigned short, unsigned short, unsigned short)</STRONG> (Thumb, 908 bytes, Stack size 136 bytes, usart.o(i._ZN5USARTC1Ehjbhhhhhttt))
<BR><BR>[Stack]<UL><LI>Max Depth = 204<LI>Call Chain = USART::USART(unsigned char, unsigned, bool, unsigned char, unsigned char, unsigned char, unsigned char, unsigned char, unsigned short, unsigned short, unsigned short) &rArr; USART_Init &rArr; RCC_GetClocksFreq
</UL>
<BR>[Calls]<UL><LI><a href="#[7d]">&gt;&gt;</a>&nbsp;&nbsp;&nbsp;GPIO_PinRemapConfig
<LI><a href="#[67]">&gt;&gt;</a>&nbsp;&nbsp;&nbsp;GPIO::GPIO(GPIO_TypeDef*, unsigned short, GPIOMode_TypeDef, GPIOSpeed_TypeDef)
<LI><a href="#[7e]">&gt;&gt;</a>&nbsp;&nbsp;&nbsp;RCC_APB1PeriphClockCmd
<LI><a href="#[84]">&gt;&gt;</a>&nbsp;&nbsp;&nbsp;NVIC_PriorityGroupConfig
<LI><a href="#[85]">&gt;&gt;</a>&nbsp;&nbsp;&nbsp;NVIC_Init
<LI><a href="#[63]">&gt;&gt;</a>&nbsp;&nbsp;&nbsp;RCC_APB2PeriphClockCmd
<LI><a href="#[82]">&gt;&gt;</a>&nbsp;&nbsp;&nbsp;RCC_AHBPeriphClockCmd
<LI><a href="#[83]">&gt;&gt;</a>&nbsp;&nbsp;&nbsp;DMA_Init
<LI><a href="#[77]">&gt;&gt;</a>&nbsp;&nbsp;&nbsp;DMA_Cmd
<LI><a href="#[51]">&gt;&gt;</a>&nbsp;&nbsp;&nbsp;USART_Init
<LI><a href="#[73]">&gt;&gt;</a>&nbsp;&nbsp;&nbsp;USART_ITConfig
<LI><a href="#[81]">&gt;&gt;</a>&nbsp;&nbsp;&nbsp;USART_DMACmd
<LI><a href="#[80]">&gt;&gt;</a>&nbsp;&nbsp;&nbsp;USART_Cmd
<LI><a href="#[7c]">&gt;&gt;</a>&nbsp;&nbsp;&nbsp;FIFOBuffer&lang;unsigned char, (unsigned short)256&rang;::FIFOBuffer()
<LI><a href="#[7f]">&gt;&gt;</a>&nbsp;&nbsp;&nbsp;__aeabi_memcpy4
</UL>
<BR>[Called By]<UL><LI><a href="#[3b]">&gt;&gt;</a>&nbsp;&nbsp;&nbsp;__sti___8_Main_cpp_com
</UL>

<P><STRONG><a name="[af]"></a>USART::USART__sub_object(unsigned char, unsigned, bool, unsigned char, unsigned char, unsigned char, unsigned char, unsigned char, unsigned short, unsigned short, unsigned short)</STRONG> (Thumb, 0 bytes, Stack size 136 bytes, usart.o(i._ZN5USARTC1Ehjbhhhhhttt), UNUSED)

<P><STRONG><a name="[39]"></a>USART::~USART()</STRONG> (Thumb, 2 bytes, Stack size 0 bytes, usart.o(i._ZN5USARTD1Ev))
<BR>[Address Reference Count : 1]<UL><LI> main.o(i.__sti___8_Main_cpp_com)
</UL>
<P><STRONG><a name="[b0]"></a>USART::~USART__sub_object()</STRONG> (Thumb, 0 bytes, Stack size 0 bytes, usart.o(i._ZN5USARTD1Ev), UNUSED)

<P><STRONG><a name="[86]"></a>USART::operator &lang;&lang;(const char*)</STRONG> (Thumb, 36 bytes, Stack size 16 bytes, usart.o(i._ZN5USARTlsEPKc))
<BR><BR>[Stack]<UL><LI>Max Depth = 60<LI>Call Chain = USART::operator &lang;&lang;(const char*) &rArr; USART::SendData(unsigned char*, unsigned) &rArr; USART_ITConfig
</UL>
<BR>[Calls]<UL><LI><a href="#[78]">&gt;&gt;</a>&nbsp;&nbsp;&nbsp;USART::SendData(unsigned char*, unsigned)
</UL>
<BR>[Called By]<UL><LI><a href="#[36]">&gt;&gt;</a>&nbsp;&nbsp;&nbsp;main
<LI><a href="#[91]">&gt;&gt;</a>&nbsp;&nbsp;&nbsp;esp8266::restart()
<LI><a href="#[90]">&gt;&gt;</a>&nbsp;&nbsp;&nbsp;esp8266::SetMode(int)
<LI><a href="#[92]">&gt;&gt;</a>&nbsp;&nbsp;&nbsp;esp8266::JoinAP(char*, char*)
<LI><a href="#[8f]">&gt;&gt;</a>&nbsp;&nbsp;&nbsp;esp8266::kick()
<LI><a href="#[93]">&gt;&gt;</a>&nbsp;&nbsp;&nbsp;esp8266::Send(char*)
<LI><a href="#[8c]">&gt;&gt;</a>&nbsp;&nbsp;&nbsp;esp8266::CreateConnectMode(char*, short, signed char)
</UL>

<P><STRONG><a name="[87]"></a>USART::operator &lang;&lang;(int)</STRONG> (Thumb, 94 bytes, Stack size 32 bytes, usart.o(i._ZN5USARTlsEi))
<BR><BR>[Stack]<UL><LI>Max Depth = 76<LI>Call Chain = USART::operator &lang;&lang;(int) &rArr; USART::SendData(unsigned char*, unsigned) &rArr; USART_ITConfig
</UL>
<BR>[Calls]<UL><LI><a href="#[78]">&gt;&gt;</a>&nbsp;&nbsp;&nbsp;USART::SendData(unsigned char*, unsigned)
</UL>
<BR>[Called By]<UL><LI><a href="#[36]">&gt;&gt;</a>&nbsp;&nbsp;&nbsp;main
<LI><a href="#[90]">&gt;&gt;</a>&nbsp;&nbsp;&nbsp;esp8266::SetMode(int)
<LI><a href="#[93]">&gt;&gt;</a>&nbsp;&nbsp;&nbsp;esp8266::Send(char*)
<LI><a href="#[8c]">&gt;&gt;</a>&nbsp;&nbsp;&nbsp;esp8266::CreateConnectMode(char*, short, signed char)
</UL>

<P><STRONG><a name="[89]"></a>esp8266::ClearBuffer()</STRONG> (Thumb, 24 bytes, Stack size 0 bytes, esp8266.o(i._ZN7esp826611ClearBufferEv))
<BR><BR>[Called By]<UL><LI><a href="#[8b]">&gt;&gt;</a>&nbsp;&nbsp;&nbsp;esp8266::ReceiveAndWait(const char*, unsigned char)
<LI><a href="#[88]">&gt;&gt;</a>&nbsp;&nbsp;&nbsp;esp8266::ReceiveAndWait(const char*, const char*, unsigned char)
</UL>

<P><STRONG><a name="[88]"></a>esp8266::ReceiveAndWait(const char*, const char*, unsigned char)</STRONG> (Thumb, 170 bytes, Stack size 56 bytes, esp8266.o(i._ZN7esp826614ReceiveAndWaitEPKcS1_h))
<BR><BR>[Stack]<UL><LI>Max Depth = 176<LI>Call Chain = esp8266::ReceiveAndWait(const char*, const char*, unsigned char) &rArr; TaskManager::Time() &rArr; __aeabi_dsub &rArr; __aeabi_dadd &rArr; _double_epilogue &rArr; _double_round
</UL>
<BR>[Calls]<UL><LI><a href="#[53]">&gt;&gt;</a>&nbsp;&nbsp;&nbsp;TaskManager::Time()
<LI><a href="#[48]">&gt;&gt;</a>&nbsp;&nbsp;&nbsp;__aeabi_ui2d
<LI><a href="#[45]">&gt;&gt;</a>&nbsp;&nbsp;&nbsp;__aeabi_dsub
<LI><a href="#[8a]">&gt;&gt;</a>&nbsp;&nbsp;&nbsp;std::strstr(char*, const char*)
<LI><a href="#[89]">&gt;&gt;</a>&nbsp;&nbsp;&nbsp;esp8266::ClearBuffer()
<LI><a href="#[6c]">&gt;&gt;</a>&nbsp;&nbsp;&nbsp;USART::ReceiveBufferSize()
<LI><a href="#[69]">&gt;&gt;</a>&nbsp;&nbsp;&nbsp;USART::GetReceivedData(unsigned char*, unsigned short)
<LI><a href="#[56]">&gt;&gt;</a>&nbsp;&nbsp;&nbsp;__aeabi_cdcmple
</UL>
<BR>[Called By]<UL><LI><a href="#[8d]">&gt;&gt;</a>&nbsp;&nbsp;&nbsp;esp8266::RecvFind(const char*, const char*, unsigned char)
<LI><a href="#[90]">&gt;&gt;</a>&nbsp;&nbsp;&nbsp;esp8266::SetMode(int)
<LI><a href="#[92]">&gt;&gt;</a>&nbsp;&nbsp;&nbsp;esp8266::JoinAP(char*, char*)
</UL>

<P><STRONG><a name="[8b]"></a>esp8266::ReceiveAndWait(const char*, unsigned char)</STRONG> (Thumb, 168 bytes, Stack size 64 bytes, esp8266.o(i._ZN7esp826614ReceiveAndWaitEPKch))
<BR><BR>[Stack]<UL><LI>Max Depth = 184<LI>Call Chain = esp8266::ReceiveAndWait(const char*, unsigned char) &rArr; TaskManager::Time() &rArr; __aeabi_dsub &rArr; __aeabi_dadd &rArr; _double_epilogue &rArr; _double_round
</UL>
<BR>[Calls]<UL><LI><a href="#[53]">&gt;&gt;</a>&nbsp;&nbsp;&nbsp;TaskManager::Time()
<LI><a href="#[48]">&gt;&gt;</a>&nbsp;&nbsp;&nbsp;__aeabi_ui2d
<LI><a href="#[45]">&gt;&gt;</a>&nbsp;&nbsp;&nbsp;__aeabi_dsub
<LI><a href="#[8a]">&gt;&gt;</a>&nbsp;&nbsp;&nbsp;std::strstr(char*, const char*)
<LI><a href="#[89]">&gt;&gt;</a>&nbsp;&nbsp;&nbsp;esp8266::ClearBuffer()
<LI><a href="#[6c]">&gt;&gt;</a>&nbsp;&nbsp;&nbsp;USART::ReceiveBufferSize()
<LI><a href="#[69]">&gt;&gt;</a>&nbsp;&nbsp;&nbsp;USART::GetReceivedData(unsigned char*, unsigned short)
<LI><a href="#[56]">&gt;&gt;</a>&nbsp;&nbsp;&nbsp;__aeabi_cdcmple
</UL>
<BR>[Called By]<UL><LI><a href="#[94]">&gt;&gt;</a>&nbsp;&nbsp;&nbsp;esp8266::RecvFind(const char*, unsigned char)
</UL>

<P><STRONG><a name="[8c]"></a>esp8266::CreateConnectMode(char*, short, signed char)</STRONG> (Thumb, 178 bytes, Stack size 72 bytes, esp8266.o(i._ZN7esp826617CreateConnectModeEPcsa))
<BR><BR>[Stack]<UL><LI>Max Depth = 272<LI>Call Chain = esp8266::CreateConnectMode(char*, short, signed char) &rArr; esp8266::RecvFind(const char*, const char*, unsigned char) &rArr; esp8266::ReceiveAndWait(const char*, const char*, unsigned char) &rArr; TaskManager::Time() &rArr; __aeabi_dsub &rArr; __aeabi_dadd &rArr; _double_epilogue &rArr; _double_round
</UL>
<BR>[Calls]<UL><LI><a href="#[8d]">&gt;&gt;</a>&nbsp;&nbsp;&nbsp;esp8266::RecvFind(const char*, const char*, unsigned char)
<LI><a href="#[87]">&gt;&gt;</a>&nbsp;&nbsp;&nbsp;USART::operator &lang;&lang;(int)
<LI><a href="#[86]">&gt;&gt;</a>&nbsp;&nbsp;&nbsp;USART::operator &lang;&lang;(const char*)
</UL>
<BR>[Called By]<UL><LI><a href="#[8e]">&gt;&gt;</a>&nbsp;&nbsp;&nbsp;esp8266::ConnectNetwork_client(char*, char*, char*, short)
</UL>

<P><STRONG><a name="[8e]"></a>esp8266::ConnectNetwork_client(char*, char*, char*, short)</STRONG> (Thumb, 90 bytes, Stack size 24 bytes, esp8266.o(i._ZN7esp826621ConnectNetwork_clientEPcS0_S0_s))
<BR><BR>[Stack]<UL><LI>Max Depth = 296<LI>Call Chain = esp8266::ConnectNetwork_client(char*, char*, char*, short) &rArr; esp8266::CreateConnectMode(char*, short, signed char) &rArr; esp8266::RecvFind(const char*, const char*, unsigned char) &rArr; esp8266::ReceiveAndWait(const char*, const char*, unsigned char) &rArr; TaskManager::Time() &rArr; __aeabi_dsub &rArr; __aeabi_dadd &rArr; _double_epilogue &rArr; _double_round
</UL>
<BR>[Calls]<UL><LI><a href="#[91]">&gt;&gt;</a>&nbsp;&nbsp;&nbsp;esp8266::restart()
<LI><a href="#[90]">&gt;&gt;</a>&nbsp;&nbsp;&nbsp;esp8266::SetMode(int)
<LI><a href="#[92]">&gt;&gt;</a>&nbsp;&nbsp;&nbsp;esp8266::JoinAP(char*, char*)
<LI><a href="#[8f]">&gt;&gt;</a>&nbsp;&nbsp;&nbsp;esp8266::kick()
<LI><a href="#[8c]">&gt;&gt;</a>&nbsp;&nbsp;&nbsp;esp8266::CreateConnectMode(char*, short, signed char)
<LI><a href="#[55]">&gt;&gt;</a>&nbsp;&nbsp;&nbsp;TaskManager::DelayS(unsigned short)
</UL>
<BR>[Called By]<UL><LI><a href="#[36]">&gt;&gt;</a>&nbsp;&nbsp;&nbsp;main
</UL>

<P><STRONG><a name="[93]"></a>esp8266::Send(char*)</STRONG> (Thumb, 66 bytes, Stack size 24 bytes, esp8266.o(i._ZN7esp82664SendEPc))
<BR><BR>[Stack]<UL><LI>Max Depth = 184<LI>Call Chain = esp8266::Send(char*) &rArr; TaskManager::DelayMs(unsigned short) &rArr; TaskManager::Time() &rArr; __aeabi_dsub &rArr; __aeabi_dadd &rArr; _double_epilogue &rArr; _double_round
</UL>
<BR>[Calls]<UL><LI><a href="#[87]">&gt;&gt;</a>&nbsp;&nbsp;&nbsp;USART::operator &lang;&lang;(int)
<LI><a href="#[86]">&gt;&gt;</a>&nbsp;&nbsp;&nbsp;USART::operator &lang;&lang;(const char*)
<LI><a href="#[57]">&gt;&gt;</a>&nbsp;&nbsp;&nbsp;TaskManager::DelayMs(unsigned short)
</UL>
<BR>[Called By]<UL><LI><a href="#[36]">&gt;&gt;</a>&nbsp;&nbsp;&nbsp;main
</UL>

<P><STRONG><a name="[8f]"></a>esp8266::kick()</STRONG> (Thumb, 24 bytes, Stack size 8 bytes, esp8266.o(i._ZN7esp82664kickEv))
<BR><BR>[Stack]<UL><LI>Max Depth = 208<LI>Call Chain = esp8266::kick() &rArr; esp8266::RecvFind(const char*, unsigned char) &rArr; esp8266::ReceiveAndWait(const char*, unsigned char) &rArr; TaskManager::Time() &rArr; __aeabi_dsub &rArr; __aeabi_dadd &rArr; _double_epilogue &rArr; _double_round
</UL>
<BR>[Calls]<UL><LI><a href="#[94]">&gt;&gt;</a>&nbsp;&nbsp;&nbsp;esp8266::RecvFind(const char*, unsigned char)
<LI><a href="#[86]">&gt;&gt;</a>&nbsp;&nbsp;&nbsp;USART::operator &lang;&lang;(const char*)
</UL>
<BR>[Called By]<UL><LI><a href="#[8e]">&gt;&gt;</a>&nbsp;&nbsp;&nbsp;esp8266::ConnectNetwork_client(char*, char*, char*, short)
</UL>

<P><STRONG><a name="[92]"></a>esp8266::JoinAP(char*, char*)</STRONG> (Thumb, 98 bytes, Stack size 32 bytes, esp8266.o(i._ZN7esp82666JoinAPEPcS0_))
<BR><BR>[Stack]<UL><LI>Max Depth = 208<LI>Call Chain = esp8266::JoinAP(char*, char*) &rArr; esp8266::ReceiveAndWait(const char*, const char*, unsigned char) &rArr; TaskManager::Time() &rArr; __aeabi_dsub &rArr; __aeabi_dadd &rArr; _double_epilogue &rArr; _double_round
</UL>
<BR>[Calls]<UL><LI><a href="#[8a]">&gt;&gt;</a>&nbsp;&nbsp;&nbsp;std::strstr(char*, const char*)
<LI><a href="#[88]">&gt;&gt;</a>&nbsp;&nbsp;&nbsp;esp8266::ReceiveAndWait(const char*, const char*, unsigned char)
<LI><a href="#[86]">&gt;&gt;</a>&nbsp;&nbsp;&nbsp;USART::operator &lang;&lang;(const char*)
</UL>
<BR>[Called By]<UL><LI><a href="#[8e]">&gt;&gt;</a>&nbsp;&nbsp;&nbsp;esp8266::ConnectNetwork_client(char*, char*, char*, short)
</UL>

<P><STRONG><a name="[90]"></a>esp8266::SetMode(int)</STRONG> (Thumb, 68 bytes, Stack size 16 bytes, esp8266.o(i._ZN7esp82667SetModeEi))
<BR><BR>[Stack]<UL><LI>Max Depth = 192<LI>Call Chain = esp8266::SetMode(int) &rArr; esp8266::ReceiveAndWait(const char*, const char*, unsigned char) &rArr; TaskManager::Time() &rArr; __aeabi_dsub &rArr; __aeabi_dadd &rArr; _double_epilogue &rArr; _double_round
</UL>
<BR>[Calls]<UL><LI><a href="#[8a]">&gt;&gt;</a>&nbsp;&nbsp;&nbsp;std::strstr(char*, const char*)
<LI><a href="#[88]">&gt;&gt;</a>&nbsp;&nbsp;&nbsp;esp8266::ReceiveAndWait(const char*, const char*, unsigned char)
<LI><a href="#[87]">&gt;&gt;</a>&nbsp;&nbsp;&nbsp;USART::operator &lang;&lang;(int)
<LI><a href="#[86]">&gt;&gt;</a>&nbsp;&nbsp;&nbsp;USART::operator &lang;&lang;(const char*)
</UL>
<BR>[Called By]<UL><LI><a href="#[8e]">&gt;&gt;</a>&nbsp;&nbsp;&nbsp;esp8266::ConnectNetwork_client(char*, char*, char*, short)
</UL>

<P><STRONG><a name="[91]"></a>esp8266::restart()</STRONG> (Thumb, 24 bytes, Stack size 8 bytes, esp8266.o(i._ZN7esp82667restartEv))
<BR><BR>[Stack]<UL><LI>Max Depth = 208<LI>Call Chain = esp8266::restart() &rArr; esp8266::RecvFind(const char*, unsigned char) &rArr; esp8266::ReceiveAndWait(const char*, unsigned char) &rArr; TaskManager::Time() &rArr; __aeabi_dsub &rArr; __aeabi_dadd &rArr; _double_epilogue &rArr; _double_round
</UL>
<BR>[Calls]<UL><LI><a href="#[94]">&gt;&gt;</a>&nbsp;&nbsp;&nbsp;esp8266::RecvFind(const char*, unsigned char)
<LI><a href="#[86]">&gt;&gt;</a>&nbsp;&nbsp;&nbsp;USART::operator &lang;&lang;(const char*)
</UL>
<BR>[Called By]<UL><LI><a href="#[8e]">&gt;&gt;</a>&nbsp;&nbsp;&nbsp;esp8266::ConnectNetwork_client(char*, char*, char*, short)
</UL>

<P><STRONG><a name="[8d]"></a>esp8266::RecvFind(const char*, const char*, unsigned char)</STRONG> (Thumb, 36 bytes, Stack size 24 bytes, esp8266.o(i._ZN7esp82668RecvFindEPKcS1_h))
<BR><BR>[Stack]<UL><LI>Max Depth = 200<LI>Call Chain = esp8266::RecvFind(const char*, const char*, unsigned char) &rArr; esp8266::ReceiveAndWait(const char*, const char*, unsigned char) &rArr; TaskManager::Time() &rArr; __aeabi_dsub &rArr; __aeabi_dadd &rArr; _double_epilogue &rArr; _double_round
</UL>
<BR>[Calls]<UL><LI><a href="#[88]">&gt;&gt;</a>&nbsp;&nbsp;&nbsp;esp8266::ReceiveAndWait(const char*, const char*, unsigned char)
</UL>
<BR>[Called By]<UL><LI><a href="#[8c]">&gt;&gt;</a>&nbsp;&nbsp;&nbsp;esp8266::CreateConnectMode(char*, short, signed char)
</UL>

<P><STRONG><a name="[94]"></a>esp8266::RecvFind(const char*, unsigned char)</STRONG> (Thumb, 28 bytes, Stack size 16 bytes, esp8266.o(i._ZN7esp82668RecvFindEPKch))
<BR><BR>[Stack]<UL><LI>Max Depth = 200<LI>Call Chain = esp8266::RecvFind(const char*, unsigned char) &rArr; esp8266::ReceiveAndWait(const char*, unsigned char) &rArr; TaskManager::Time() &rArr; __aeabi_dsub &rArr; __aeabi_dadd &rArr; _double_epilogue &rArr; _double_round
</UL>
<BR>[Calls]<UL><LI><a href="#[8b]">&gt;&gt;</a>&nbsp;&nbsp;&nbsp;esp8266::ReceiveAndWait(const char*, unsigned char)
</UL>
<BR>[Called By]<UL><LI><a href="#[91]">&gt;&gt;</a>&nbsp;&nbsp;&nbsp;esp8266::restart()
<LI><a href="#[8f]">&gt;&gt;</a>&nbsp;&nbsp;&nbsp;esp8266::kick()
</UL>

<P><STRONG><a name="[9c]"></a>esp8266::esp8266(USART&)</STRONG> (Thumb, 4 bytes, Stack size 0 bytes, esp8266.o(i._ZN7esp8266C1ER5USART))
<BR><BR>[Called By]<UL><LI><a href="#[3b]">&gt;&gt;</a>&nbsp;&nbsp;&nbsp;__sti___8_Main_cpp_com
</UL>

<P><STRONG><a name="[b1]"></a>esp8266::esp8266__sub_object(USART&)</STRONG> (Thumb, 0 bytes, Stack size 0 bytes, esp8266.o(i._ZN7esp8266C1ER5USART), UNUSED)

<P><STRONG><a name="[8a]"></a>std::strstr(char*, const char*)</STRONG> (Thumb, 16 bytes, Stack size 16 bytes, esp8266.o(i._ZSt6strstrPcPKc))
<BR><BR>[Stack]<UL><LI>Max Depth = 28<LI>Call Chain = std::strstr(char*, const char*) &rArr; strstr
</UL>
<BR>[Calls]<UL><LI><a href="#[95]">&gt;&gt;</a>&nbsp;&nbsp;&nbsp;strstr
</UL>
<BR>[Called By]<UL><LI><a href="#[90]">&gt;&gt;</a>&nbsp;&nbsp;&nbsp;esp8266::SetMode(int)
<LI><a href="#[92]">&gt;&gt;</a>&nbsp;&nbsp;&nbsp;esp8266::JoinAP(char*, char*)
<LI><a href="#[8b]">&gt;&gt;</a>&nbsp;&nbsp;&nbsp;esp8266::ReceiveAndWait(const char*, unsigned char)
<LI><a href="#[88]">&gt;&gt;</a>&nbsp;&nbsp;&nbsp;esp8266::ReceiveAndWait(const char*, const char*, unsigned char)
</UL>

<P><STRONG><a name="[96]"></a>__aeabi_atexit</STRONG> (Thumb, 50 bytes, Stack size 24 bytes, aeabi_atexit.o(i.__aeabi_atexit))
<BR><BR>[Stack]<UL><LI>Max Depth = 44<LI>Call Chain = __aeabi_atexit &rArr; malloc
</UL>
<BR>[Calls]<UL><LI><a href="#[98]">&gt;&gt;</a>&nbsp;&nbsp;&nbsp;__rt_ddtor_pointer_addr
<LI><a href="#[97]">&gt;&gt;</a>&nbsp;&nbsp;&nbsp;malloc
</UL>
<BR>[Called By]<UL><LI><a href="#[3b]">&gt;&gt;</a>&nbsp;&nbsp;&nbsp;__sti___8_Main_cpp_com
</UL>

<P><STRONG><a name="[99]"></a>__cxa_finalize</STRONG> (Thumb, 66 bytes, Stack size 24 bytes, cxa_finalize.o(i.__cxa_finalize), UNUSED)
<BR><BR>[Calls]<UL><LI><a href="#[98]">&gt;&gt;</a>&nbsp;&nbsp;&nbsp;__rt_ddtor_pointer_addr
<LI><a href="#[9a]">&gt;&gt;</a>&nbsp;&nbsp;&nbsp;free
</UL>

<P><STRONG><a name="[b2]"></a>__scatterload_copy</STRONG> (Thumb, 14 bytes, Stack size unknown bytes, handlers.o(i.__scatterload_copy), UNUSED)

<P><STRONG><a name="[b3]"></a>__scatterload_null</STRONG> (Thumb, 2 bytes, Stack size unknown bytes, handlers.o(i.__scatterload_null), UNUSED)

<P><STRONG><a name="[b4]"></a>__scatterload_zeroinit</STRONG> (Thumb, 14 bytes, Stack size unknown bytes, handlers.o(i.__scatterload_zeroinit), UNUSED)

<P><STRONG><a name="[9a]"></a>free</STRONG> (Thumb, 76 bytes, Stack size 8 bytes, malloc.o(i.free), UNUSED)
<BR><BR>[Called By]<UL><LI><a href="#[99]">&gt;&gt;</a>&nbsp;&nbsp;&nbsp;__cxa_finalize
</UL>

<P><STRONG><a name="[36]"></a>main</STRONG> (Thumb, 176 bytes, Stack size 40 bytes, main.o(i.main))
<BR><BR>[Stack]<UL><LI>Max Depth = 336<LI>Call Chain = main &rArr; esp8266::ConnectNetwork_client(char*, char*, char*, short) &rArr; esp8266::CreateConnectMode(char*, short, signed char) &rArr; esp8266::RecvFind(const char*, const char*, unsigned char) &rArr; esp8266::ReceiveAndWait(const char*, const char*, unsigned char) &rArr; TaskManager::Time() &rArr; __aeabi_dsub &rArr; __aeabi_dadd &rArr; _double_epilogue &rArr; _double_round
</UL>
<BR>[Calls]<UL><LI><a href="#[93]">&gt;&gt;</a>&nbsp;&nbsp;&nbsp;esp8266::Send(char*)
<LI><a href="#[8e]">&gt;&gt;</a>&nbsp;&nbsp;&nbsp;esp8266::ConnectNetwork_client(char*, char*, char*, short)
<LI><a href="#[5c]">&gt;&gt;</a>&nbsp;&nbsp;&nbsp;LED::Blink(unsigned short, float, bool)
<LI><a href="#[59]">&gt;&gt;</a>&nbsp;&nbsp;&nbsp;LED::On()
<LI><a href="#[87]">&gt;&gt;</a>&nbsp;&nbsp;&nbsp;USART::operator &lang;&lang;(int)
<LI><a href="#[86]">&gt;&gt;</a>&nbsp;&nbsp;&nbsp;USART::operator &lang;&lang;(const char*)
<LI><a href="#[58]">&gt;&gt;</a>&nbsp;&nbsp;&nbsp;TaskManager::TimeSlice(double&, double)
<LI><a href="#[55]">&gt;&gt;</a>&nbsp;&nbsp;&nbsp;TaskManager::DelayS(unsigned short)
</UL>
<BR>[Address Reference Count : 1]<UL><LI> entry9a.o(.ARM.Collect$$$$0000000B)
</UL>
<P><STRONG><a name="[97]"></a>malloc</STRONG> (Thumb, 92 bytes, Stack size 20 bytes, malloc.o(i.malloc))
<BR><BR>[Stack]<UL><LI>Max Depth = 20<LI>Call Chain = malloc
</UL>
<BR>[Called By]<UL><LI><a href="#[96]">&gt;&gt;</a>&nbsp;&nbsp;&nbsp;__aeabi_atexit
</UL>

<P><STRONG><a name="[71]"></a>FIFOBuffer&lang;unsigned char, (unsigned short)256&rang;::Get(unsigned char&)</STRONG> (Thumb, 52 bytes, Stack size 0 bytes, usart.o(t._ZN10FIFOBufferIhLt256EE3GetERh))
<BR><BR>[Called By]<UL><LI><a href="#[50]">&gt;&gt;</a>&nbsp;&nbsp;&nbsp;USART::Irq()
<LI><a href="#[78]">&gt;&gt;</a>&nbsp;&nbsp;&nbsp;USART::SendData(unsigned char*, unsigned)
</UL>

<P><STRONG><a name="[6f]"></a>FIFOBuffer&lang;unsigned char, (unsigned short)256&rang;::Put(const unsigned char&)</STRONG> (Thumb, 68 bytes, Stack size 8 bytes, usart.o(t._ZN10FIFOBufferIhLt256EE3PutERKh))
<BR><BR>[Stack]<UL><LI>Max Depth = 8<LI>Call Chain = FIFOBuffer&lang;unsigned char, (unsigned short)256&rang;::Put(const unsigned char&)
</UL>
<BR>[Called By]<UL><LI><a href="#[50]">&gt;&gt;</a>&nbsp;&nbsp;&nbsp;USART::Irq()
</UL>

<P><STRONG><a name="[6b]"></a>FIFOBuffer&lang;unsigned char, (unsigned short)256&rang;::Gets(unsigned char*, unsigned short)</STRONG> (Thumb, 68 bytes, Stack size 16 bytes, usart.o(t._ZN10FIFOBufferIhLt256EE4GetsEPht))
<BR><BR>[Stack]<UL><LI>Max Depth = 16<LI>Call Chain = FIFOBuffer&lang;unsigned char, (unsigned short)256&rang;::Gets(unsigned char*, unsigned short)
</UL>
<BR>[Calls]<UL><LI><a href="#[6a]">&gt;&gt;</a>&nbsp;&nbsp;&nbsp;FIFOBuffer&lang;unsigned char, (unsigned short)256&rang;::Size()
</UL>
<BR>[Called By]<UL><LI><a href="#[4b]">&gt;&gt;</a>&nbsp;&nbsp;&nbsp;USART::DmaIrq()
<LI><a href="#[78]">&gt;&gt;</a>&nbsp;&nbsp;&nbsp;USART::SendData(unsigned char*, unsigned)
<LI><a href="#[69]">&gt;&gt;</a>&nbsp;&nbsp;&nbsp;USART::GetReceivedData(unsigned char*, unsigned short)
</UL>

<P><STRONG><a name="[79]"></a>FIFOBuffer&lang;unsigned char, (unsigned short)256&rang;::Puts(unsigned char*, unsigned short)</STRONG> (Thumb, 82 bytes, Stack size 12 bytes, usart.o(t._ZN10FIFOBufferIhLt256EE4PutsEPht))
<BR><BR>[Stack]<UL><LI>Max Depth = 12<LI>Call Chain = FIFOBuffer&lang;unsigned char, (unsigned short)256&rang;::Puts(unsigned char*, unsigned short)
</UL>
<BR>[Called By]<UL><LI><a href="#[78]">&gt;&gt;</a>&nbsp;&nbsp;&nbsp;USART::SendData(unsigned char*, unsigned)
</UL>

<P><STRONG><a name="[6a]"></a>FIFOBuffer&lang;unsigned char, (unsigned short)256&rang;::Size()</STRONG> (Thumb, 28 bytes, Stack size 0 bytes, usart.o(t._ZN10FIFOBufferIhLt256EE4SizeEv))
<BR><BR>[Called By]<UL><LI><a href="#[4b]">&gt;&gt;</a>&nbsp;&nbsp;&nbsp;USART::DmaIrq()
<LI><a href="#[50]">&gt;&gt;</a>&nbsp;&nbsp;&nbsp;USART::Irq()
<LI><a href="#[6b]">&gt;&gt;</a>&nbsp;&nbsp;&nbsp;FIFOBuffer&lang;unsigned char, (unsigned short)256&rang;::Gets(unsigned char*, unsigned short)
<LI><a href="#[78]">&gt;&gt;</a>&nbsp;&nbsp;&nbsp;USART::SendData(unsigned char*, unsigned)
<LI><a href="#[6c]">&gt;&gt;</a>&nbsp;&nbsp;&nbsp;USART::ReceiveBufferSize()
<LI><a href="#[69]">&gt;&gt;</a>&nbsp;&nbsp;&nbsp;USART::GetReceivedData(unsigned char*, unsigned short)
</UL>

<P><STRONG><a name="[7c]"></a>FIFOBuffer&lang;unsigned char, (unsigned short)256&rang;::FIFOBuffer()</STRONG> (Thumb, 12 bytes, Stack size 0 bytes, usart.o(t._ZN10FIFOBufferIhLt256EEC1Ev))
<BR><BR>[Called By]<UL><LI><a href="#[7b]">&gt;&gt;</a>&nbsp;&nbsp;&nbsp;USART::USART(unsigned char, unsigned, bool, unsigned char, unsigned char, unsigned char, unsigned char, unsigned char, unsigned short, unsigned short, unsigned short)
</UL>

<P><STRONG><a name="[b5]"></a>FIFOBuffer&lang;unsigned char, (unsigned short)256&rang;::FIFOBuffer__sub_object()</STRONG> (Thumb, 0 bytes, Stack size 0 bytes, usart.o(t._ZN10FIFOBufferIhLt256EEC1Ev), UNUSED)
<P>
<H3>
Local Symbols
</H3>
<P><STRONG><a name="[3a]"></a>__sti___15_TaskManager_cpp_tskmgr</STRONG> (Thumb, 10 bytes, Stack size 4 bytes, taskmanager.o(i.__sti___15_TaskManager_cpp_tskmgr))
<BR><BR>[Stack]<UL><LI>Max Depth = 4<LI>Call Chain = __sti___15_TaskManager_cpp_tskmgr
</UL>
<BR>[Calls]<UL><LI><a href="#[9b]">&gt;&gt;</a>&nbsp;&nbsp;&nbsp;TaskManager::TaskManager()
</UL>
<BR>[Address Reference Count : 1]<UL><LI> taskmanager.o(.init_array)
</UL>
<P><STRONG><a name="[3b]"></a>__sti___8_Main_cpp_com</STRONG> (Thumb, 224 bytes, Stack size 40 bytes, main.o(i.__sti___8_Main_cpp_com))
<BR><BR>[Stack]<UL><LI>Max Depth = 244<LI>Call Chain = __sti___8_Main_cpp_com &rArr; USART::USART(unsigned char, unsigned, bool, unsigned char, unsigned char, unsigned char, unsigned char, unsigned char, unsigned short, unsigned short, unsigned short) &rArr; USART_Init &rArr; RCC_GetClocksFreq
</UL>
<BR>[Calls]<UL><LI><a href="#[67]">&gt;&gt;</a>&nbsp;&nbsp;&nbsp;GPIO::GPIO(GPIO_TypeDef*, unsigned short, GPIOMode_TypeDef, GPIOSpeed_TypeDef)
<LI><a href="#[9c]">&gt;&gt;</a>&nbsp;&nbsp;&nbsp;esp8266::esp8266(USART&)
<LI><a href="#[61]">&gt;&gt;</a>&nbsp;&nbsp;&nbsp;LED::LED(GPIO&, bool)
<LI><a href="#[7b]">&gt;&gt;</a>&nbsp;&nbsp;&nbsp;USART::USART(unsigned char, unsigned, bool, unsigned char, unsigned char, unsigned char, unsigned char, unsigned char, unsigned short, unsigned short, unsigned short)
<LI><a href="#[96]">&gt;&gt;</a>&nbsp;&nbsp;&nbsp;__aeabi_atexit
</UL>
<BR>[Address Reference Count : 1]<UL><LI> main.o(.init_array)
</UL>
<P><STRONG><a name="[4e]"></a>SetSysClock</STRONG> (Thumb, 8 bytes, Stack size 8 bytes, system_stm32f10x.o(i.SetSysClock))
<BR><BR>[Stack]<UL><LI>Max Depth = 20<LI>Call Chain = SetSysClock &rArr; SetSysClockTo72
</UL>
<BR>[Calls]<UL><LI><a href="#[4f]">&gt;&gt;</a>&nbsp;&nbsp;&nbsp;SetSysClockTo72
</UL>
<BR>[Called By]<UL><LI><a href="#[37]">&gt;&gt;</a>&nbsp;&nbsp;&nbsp;SystemInit
</UL>

<P><STRONG><a name="[4f]"></a>SetSysClockTo72</STRONG> (Thumb, 214 bytes, Stack size 12 bytes, system_stm32f10x.o(i.SetSysClockTo72))
<BR><BR>[Stack]<UL><LI>Max Depth = 12<LI>Call Chain = SetSysClockTo72
</UL>
<BR>[Called By]<UL><LI><a href="#[4e]">&gt;&gt;</a>&nbsp;&nbsp;&nbsp;SetSysClock
</UL>
<P>
<H3>
Undefined Global Symbols
</H3><HR></body></html>
