Component: ARM Compiler 5.05 update 1 (build 106) Tool: armlink [4d0efa]

==============================================================================

Section Cross References

    adc.o(i._ZN3ADC9Voltage_IEhfff) refers to cxa_guard_acquire.o(i.__cxa_guard_acquire) for __cxa_guard_acquire
    adc.o(i._ZN3ADC9Voltage_IEhfff) refers to f2d.o(.text) for __aeabi_f2d
    adc.o(i._ZN3ADC9Voltage_IEhfff) refers to fadd.o(.text) for __aeabi_fadd
    adc.o(i._ZN3ADC9Voltage_IEhfff) refers to dmul.o(.text) for __aeabi_dmul
    adc.o(i._ZN3ADC9Voltage_IEhfff) refers to ddiv.o(.text) for __aeabi_ddiv
    adc.o(i._ZN3ADC9Voltage_IEhfff) refers to adc.o(i._ZN3ADCixEh) for ADC::operator [](unsigned char)
    adc.o(i._ZN3ADC9Voltage_IEhfff) refers to dadd.o(.text) for __aeabi_dsub
    adc.o(i._ZN3ADC9Voltage_IEhfff) refers to d2f.o(.text) for __aeabi_d2f
    adc.o(i._ZN3ADC9Voltage_IEhfff) refers to adc.o(.data) for _ZGVvoltage
    adc.o(i._ZN3ADCC1Ehhhhhhhhhh) refers to stm32f10x_rcc.o(i.RCC_APB2PeriphClockCmd) for RCC_APB2PeriphClockCmd
    adc.o(i._ZN3ADCC1Ehhhhhhhhhh) refers to stm32f10x_gpio.o(i.GPIO_Init) for GPIO_Init
    adc.o(i._ZN3ADCC1Ehhhhhhhhhh) refers to stm32f10x_rcc.o(i.RCC_AHBPeriphClockCmd) for RCC_AHBPeriphClockCmd
    adc.o(i._ZN3ADCC1Ehhhhhhhhhh) refers to stm32f10x_dma.o(i.DMA_DeInit) for DMA_DeInit
    adc.o(i._ZN3ADCC1Ehhhhhhhhhh) refers to stm32f10x_dma.o(i.DMA_Init) for DMA_Init
    adc.o(i._ZN3ADCC1Ehhhhhhhhhh) refers to stm32f10x_dma.o(i.DMA_Cmd) for DMA_Cmd
    adc.o(i._ZN3ADCC1Ehhhhhhhhhh) refers to stm32f10x_rcc.o(i.RCC_ADCCLKConfig) for RCC_ADCCLKConfig
    adc.o(i._ZN3ADCC1Ehhhhhhhhhh) refers to stm32f10x_adc.o(i.ADC_Init) for ADC_Init
    adc.o(i._ZN3ADCC1Ehhhhhhhhhh) refers to stm32f10x_adc.o(i.ADC_RegularChannelConfig) for ADC_RegularChannelConfig
    adc.o(i._ZN3ADCC1Ehhhhhhhhhh) refers to stm32f10x_adc.o(i.ADC_DMACmd) for ADC_DMACmd
    adc.o(i._ZN3ADCC1Ehhhhhhhhhh) refers to stm32f10x_adc.o(i.ADC_Cmd) for ADC_Cmd
    adc.o(i._ZN3ADCC1Ehhhhhhhhhh) refers to stm32f10x_adc.o(i.ADC_ResetCalibration) for ADC_ResetCalibration
    adc.o(i._ZN3ADCC1Ehhhhhhhhhh) refers to stm32f10x_adc.o(i.ADC_GetResetCalibrationStatus) for ADC_GetResetCalibrationStatus
    adc.o(i._ZN3ADCC1Ehhhhhhhhhh) refers to stm32f10x_adc.o(i.ADC_StartCalibration) for ADC_StartCalibration
    adc.o(i._ZN3ADCC1Ehhhhhhhhhh) refers to stm32f10x_adc.o(i.ADC_GetCalibrationStatus) for ADC_GetCalibrationStatus
    adc.o(i._ZN3ADCC1Ehhhhhhhhhh) refers to stm32f10x_adc.o(i.ADC_SoftwareStartConvCmd) for ADC_SoftwareStartConvCmd
    adc.o(i._ZN3ADCC1Ehhhhhhhhhh) refers to adc.o(.bss) for ADC::_enCh
    adc.o(i._ZN3ADCC1Ehhhhhhhhhh) refers to adc.o(.data) for ADC::_pin
    adc.o(i._ZN3ADCixEh) refers to dfltui.o(.text) for __aeabi_ui2d
    adc.o(i._ZN3ADCixEh) refers to dmul.o(.text) for __aeabi_dmul
    adc.o(i._ZN3ADCixEh) refers to adc.o(.bss) for ADC::_enCh
    adc.o(.ARM.exidx) refers to adc.o(i._ZN3ADCC1Ehhhhhhhhhh) for i._ZN3ADCC1Ehhhhhhhhhh
    adc.o(.ARM.exidx) refers to adc.o(i._ZN3ADCixEh) for i._ZN3ADCixEh
    adc.o(.ARM.exidx) refers to adc.o(i._ZN3ADC9Voltage_IEhfff) for i._ZN3ADC9Voltage_IEhfff
    inputcapture_exit.o(i._ZN17InputCapture_EXIT3IRQEv) refers to stm32f10x_gpio.o(i.GPIO_ReadInputDataBit) for GPIO_ReadInputDataBit
    inputcapture_exit.o(i._ZN17InputCapture_EXIT3IRQEv) refers to taskmanager.o(i._ZN11TaskManager4TimeEv) for TaskManager::Time()
    inputcapture_exit.o(i._ZN17InputCapture_EXIT3IRQEv) refers to d2f.o(.text) for __aeabi_d2f
    inputcapture_exit.o(i._ZN17InputCapture_EXIT3IRQEv) refers to f2d.o(.text) for __aeabi_f2d
    inputcapture_exit.o(i._ZN17InputCapture_EXIT3IRQEv) refers to dadd.o(.text) for __aeabi_dsub
    inputcapture_exit.o(i._ZN17InputCapture_EXIT3IRQEv) refers to dmul.o(.text) for __aeabi_dmul
    inputcapture_exit.o(i._ZN17InputCapture_EXIT3IRQEv) refers to inputcapture_exit.o(.data) for riseTime
    inputcapture_exit.o(i._ZN17InputCapture_EXITC1EP12GPIO_TypeDefhhhh) refers to stm32f10x_rcc.o(i.RCC_APB2PeriphClockCmd) for RCC_APB2PeriphClockCmd
    inputcapture_exit.o(i._ZN17InputCapture_EXITC1EP12GPIO_TypeDefhhhh) refers to stm32f10x_gpio.o(i.GPIO_Init) for GPIO_Init
    inputcapture_exit.o(i._ZN17InputCapture_EXITC1EP12GPIO_TypeDefhhhh) refers to stm32f10x_gpio.o(i.GPIO_ResetBits) for GPIO_ResetBits
    inputcapture_exit.o(i._ZN17InputCapture_EXITC1EP12GPIO_TypeDefhhhh) refers to stm32f10x_gpio.o(i.GPIO_EXTILineConfig) for GPIO_EXTILineConfig
    inputcapture_exit.o(i._ZN17InputCapture_EXITC1EP12GPIO_TypeDefhhhh) refers to memcpya.o(.text) for __aeabi_memcpy4
    inputcapture_exit.o(i._ZN17InputCapture_EXITC1EP12GPIO_TypeDefhhhh) refers to misc.o(i.NVIC_PriorityGroupConfig) for NVIC_PriorityGroupConfig
    inputcapture_exit.o(i._ZN17InputCapture_EXITC1EP12GPIO_TypeDefhhhh) refers to misc.o(i.NVIC_Init) for NVIC_Init
    inputcapture_exit.o(i._ZN17InputCapture_EXITC1EP12GPIO_TypeDefhhhh) refers to stm32f10x_exti.o(i.EXTI_ClearITPendingBit) for EXTI_ClearITPendingBit
[...]
    Removing stm32f10x_gpio.o(i.GPIO_Write), (4 bytes).
    Removing stm32f10x_gpio.o(i.GPIO_WriteBit), (10 bytes).
    Removing stm32f10x_i2c.o(.rev16_text), (4 bytes).
    Removing stm32f10x_i2c.o(.revsh_text), (4 bytes).
    Removing stm32f10x_i2c.o(.rrx_text), (6 bytes).
    Removing stm32f10x_i2c.o(i.I2C_ARPCmd), (24 bytes).
    Removing stm32f10x_i2c.o(i.I2C_AcknowledgeConfig), (24 bytes).
    Removing stm32f10x_i2c.o(i.I2C_CalculatePEC), (24 bytes).
    Removing stm32f10x_i2c.o(i.I2C_CheckEvent), (42 bytes).
    Removing stm32f10x_i2c.o(i.I2C_ClearFlag), (12 bytes).
    Removing stm32f10x_i2c.o(i.I2C_ClearITPendingBit), (12 bytes).
    Removing stm32f10x_i2c.o(i.I2C_Cmd), (24 bytes).
    Removing stm32f10x_i2c.o(i.I2C_DMACmd), (24 bytes).
    Removing stm32f10x_i2c.o(i.I2C_DMALastTransferCmd), (24 bytes).
    Removing stm32f10x_i2c.o(i.I2C_DeInit), (56 bytes).
    Removing stm32f10x_i2c.o(i.I2C_DualAddressCmd), (24 bytes).
    Removing stm32f10x_i2c.o(i.I2C_FastModeDutyCycleConfig), (28 bytes).
    Removing stm32f10x_i2c.o(i.I2C_GeneralCallCmd), (24 bytes).
    Removing stm32f10x_i2c.o(i.I2C_GenerateSTART), (24 bytes).
    Removing stm32f10x_i2c.o(i.I2C_GenerateSTOP), (24 bytes).
    Removing stm32f10x_i2c.o(i.I2C_GetFlagStatus), (58 bytes).
    Removing stm32f10x_i2c.o(i.I2C_GetITStatus), (38 bytes).
    Removing stm32f10x_i2c.o(i.I2C_GetLastEvent), (26 bytes).
    Removing stm32f10x_i2c.o(i.I2C_GetPEC), (8 bytes).
    Removing stm32f10x_i2c.o(i.I2C_ITConfig), (18 bytes).
    Removing stm32f10x_i2c.o(i.I2C_Init), (236 bytes).
    Removing stm32f10x_i2c.o(i.I2C_NACKPositionConfig), (28 bytes).
    Removing stm32f10x_i2c.o(i.I2C_OwnAddress2Config), (22 bytes).
    Removing stm32f10x_i2c.o(i.I2C_PECPositionConfig), (28 bytes).
    Removing stm32f10x_i2c.o(i.I2C_ReadRegister), (22 bytes).
    Removing stm32f10x_i2c.o(i.I2C_ReceiveData), (8 bytes).
    Removing stm32f10x_i2c.o(i.I2C_SMBusAlertConfig), (28 bytes).
    Removing stm32f10x_i2c.o(i.I2C_Send7bitAddress), (18 bytes).
    Removing stm32f10x_i2c.o(i.I2C_SendData), (4 bytes).
    Removing stm32f10x_i2c.o(i.I2C_SoftwareResetCmd), (22 bytes).
    Removing stm32f10x_i2c.o(i.I2C_StretchClockCmd), (24 bytes).
    Removing stm32f10x_i2c.o(i.I2C_StructInit), (30 bytes).
    Removing stm32f10x_i2c.o(i.I2C_TransmitPEC), (24 bytes).
    Removing stm32f10x_rcc.o(.rev16_text), (4 bytes).
    Removing stm32f10x_rcc.o(.revsh_text), (4 bytes).
    Removing stm32f10x_rcc.o(.rrx_text), (6 bytes).
    Removing stm32f10x_rcc.o(i.RCC_ADCCLKConfig), (24 bytes).
    Removing stm32f10x_rcc.o(i.RCC_APB1PeriphResetCmd), (32 bytes).
    Removing stm32f10x_rcc.o(i.RCC_APB2PeriphResetCmd), (32 bytes).
    Removing stm32f10x_rcc.o(i.RCC_AdjustHSICalibrationValue), (24 bytes).
    Removing stm32f10x_rcc.o(i.RCC_BackupResetCmd), (12 bytes).
    Removing stm32f10x_rcc.o(i.RCC_ClearFlag), (20 bytes).
    Removing stm32f10x_rcc.o(i.RCC_ClearITPendingBit), (12 bytes).
    Removing stm32f10x_rcc.o(i.RCC_ClockSecuritySystemCmd), (12 bytes).
    Removing stm32f10x_rcc.o(i.RCC_DeInit), (76 bytes).
    Removing stm32f10x_rcc.o(i.RCC_GetFlagStatus), (60 bytes).
    Removing stm32f10x_rcc.o(i.RCC_GetITStatus), (24 bytes).
    Removing stm32f10x_rcc.o(i.RCC_GetSYSCLKSource), (16 bytes).
    Removing stm32f10x_rcc.o(i.RCC_HCLKConfig), (24 bytes).
    Removing stm32f10x_rcc.o(i.RCC_HSEConfig), (76 bytes).
    Removing stm32f10x_rcc.o(i.RCC_HSICmd), (12 bytes).
    Removing stm32f10x_rcc.o(i.RCC_ITConfig), (32 bytes).
    Removing stm32f10x_rcc.o(i.RCC_LSEConfig), (52 bytes).
    Removing stm32f10x_rcc.o(i.RCC_LSICmd), (12 bytes).
    Removing stm32f10x_rcc.o(i.RCC_MCOConfig), (12 bytes).
    Removing stm32f10x_rcc.o(i.RCC_PCLK1Config), (24 bytes).
    Removing stm32f10x_rcc.o(i.RCC_PCLK2Config), (24 bytes).
    Removing stm32f10x_rcc.o(i.RCC_PLLCmd), (12 bytes).
    Removing stm32f10x_rcc.o(i.RCC_PLLConfig), (28 bytes).
    Removing stm32f10x_rcc.o(i.RCC_RTCCLKCmd), (12 bytes).
    Removing stm32f10x_rcc.o(i.RCC_RTCCLKConfig), (16 bytes).
    Removing stm32f10x_rcc.o(i.RCC_SYSCLKConfig), (24 bytes).
    Removing stm32f10x_rcc.o(i.RCC_USBCLKConfig), (12 bytes).
    Removing stm32f10x_rcc.o(i.RCC_WaitForHSEStartUp), (56 bytes).
    Removing stm32f10x_tim.o(.rev16_text), (4 bytes).
    Removing stm32f10x_tim.o(.revsh_text), (4 bytes).
    Removing stm32f10x_tim.o(.rrx_text), (6 bytes).
    Removing stm32f10x_tim.o(i.TI1_Config), (128 bytes).
    Removing stm32f10x_tim.o(i.TI2_Config), (152 bytes).
    Removing stm32f10x_tim.o(i.TI3_Config), (144 bytes).
    Removing stm32f10x_tim.o(i.TI4_Config), (152 bytes).
    Removing stm32f10x_tim.o(i.TIM_ARRPreloadConfig), (24 bytes).
    Removing stm32f10x_tim.o(i.TIM_BDTRConfig), (32 bytes).
    Removing stm32f10x_tim.o(i.TIM_BDTRStructInit), (18 bytes).
    Removing stm32f10x_tim.o(i.TIM_CCPreloadControl), (24 bytes).
    Removing stm32f10x_tim.o(i.TIM_CCxCmd), (30 bytes).
    Removing stm32f10x_tim.o(i.TIM_CCxNCmd), (30 bytes).
    Removing stm32f10x_tim.o(i.TIM_ClearFlag), (6 bytes).
    Removing stm32f10x_tim.o(i.TIM_ClearITPendingBit), (6 bytes).
    Removing stm32f10x_tim.o(i.TIM_ClearOC1Ref), (18 bytes).
    Removing stm32f10x_tim.o(i.TIM_ClearOC2Ref), (24 bytes).
    Removing stm32f10x_tim.o(i.TIM_ClearOC3Ref), (18 bytes).
    Removing stm32f10x_tim.o(i.TIM_ClearOC4Ref), (24 bytes).
    Removing stm32f10x_tim.o(i.TIM_Cmd), (24 bytes).
    Removing stm32f10x_tim.o(i.TIM_CounterModeConfig), (18 bytes).
    Removing stm32f10x_tim.o(i.TIM_CtrlPWMOutputs), (30 bytes).
    Removing stm32f10x_tim.o(i.TIM_DMACmd), (18 bytes).
    Removing stm32f10x_tim.o(i.TIM_DMAConfig), (10 bytes).
    Removing stm32f10x_tim.o(i.TIM_DeInit), (488 bytes).
    Removing stm32f10x_tim.o(i.TIM_ETRClockMode1Config), (54 bytes).
    Removing stm32f10x_tim.o(i.TIM_ETRClockMode2Config), (32 bytes).
    Removing stm32f10x_tim.o(i.TIM_ETRConfig), (28 bytes).
    Removing stm32f10x_tim.o(i.TIM_EncoderInterfaceConfig), (66 bytes).
    Removing stm32f10x_tim.o(i.TIM_ForcedOC1Config), (18 bytes).
    Removing stm32f10x_tim.o(i.TIM_ForcedOC2Config), (26 bytes).
    Removing stm32f10x_tim.o(i.TIM_ForcedOC3Config), (18 bytes).
    Removing stm32f10x_tim.o(i.TIM_ForcedOC4Config), (26 bytes).
    Removing stm32f10x_tim.o(i.TIM_GenerateEvent), (4 bytes).
    Removing stm32f10x_tim.o(i.TIM_GetCapture1), (6 bytes).
    Removing stm32f10x_tim.o(i.TIM_GetCapture2), (6 bytes).
    Removing stm32f10x_tim.o(i.TIM_GetCapture3), (6 bytes).
    Removing stm32f10x_tim.o(i.TIM_GetCapture4), (8 bytes).
    Removing stm32f10x_tim.o(i.TIM_GetCounter), (6 bytes).
    Removing stm32f10x_tim.o(i.TIM_GetFlagStatus), (18 bytes).
    Removing stm32f10x_tim.o(i.TIM_GetITStatus), (34 bytes).
    Removing stm32f10x_tim.o(i.TIM_GetPrescaler), (6 bytes).
    Removing stm32f10x_tim.o(i.TIM_ICInit), (172 bytes).
    Removing stm32f10x_tim.o(i.TIM_ICStructInit), (18 bytes).
    Removing stm32f10x_tim.o(i.TIM_ITConfig), (18 bytes).
    Removing stm32f10x_tim.o(i.TIM_ITRxExternalClockConfig), (24 bytes).
    Removing stm32f10x_tim.o(i.TIM_InternalClockConfig), (12 bytes).
    Removing stm32f10x_tim.o(i.TIM_OC1FastConfig), (18 bytes).
    Removing stm32f10x_tim.o(i.TIM_OC1Init), (152 bytes).
    Removing stm32f10x_tim.o(i.TIM_OC1NPolarityConfig), (18 bytes).
    Removing stm32f10x_tim.o(i.TIM_OC1PolarityConfig), (18 bytes).
    Removing stm32f10x_tim.o(i.TIM_OC1PreloadConfig), (18 bytes).
    Removing stm32f10x_tim.o(i.TIM_OC2FastConfig), (26 bytes).
    Removing stm32f10x_tim.o(i.TIM_OC2Init), (164 bytes).
    Removing stm32f10x_tim.o(i.TIM_OC2NPolarityConfig), (26 bytes).
    Removing stm32f10x_tim.o(i.TIM_OC2PolarityConfig), (26 bytes).
    Removing stm32f10x_tim.o(i.TIM_OC2PreloadConfig), (26 bytes).
    Removing stm32f10x_tim.o(i.TIM_OC3FastConfig), (18 bytes).
    Removing stm32f10x_tim.o(i.TIM_OC3Init), (160 bytes).
    Removing stm32f10x_tim.o(i.TIM_OC3NPolarityConfig), (26 bytes).
    Removing stm32f10x_tim.o(i.TIM_OC3PolarityConfig), (26 bytes).
    Removing stm32f10x_tim.o(i.TIM_OC3PreloadConfig), (18 bytes).
    Removing stm32f10x_tim.o(i.TIM_OC4FastConfig), (26 bytes).
    Removing stm32f10x_tim.o(i.TIM_OC4Init), (124 bytes).
    Removing stm32f10x_tim.o(i.TIM_OC4PolarityConfig), (26 bytes).
    Removing stm32f10x_tim.o(i.TIM_OC4PreloadConfig), (26 bytes).
    Removing stm32f10x_tim.o(i.TIM_OCStructInit), (20 bytes).
    Removing stm32f10x_tim.o(i.TIM_PWMIConfig), (124 bytes).
    Removing stm32f10x_tim.o(i.TIM_PrescalerConfig), (6 bytes).
    Removing stm32f10x_tim.o(i.TIM_SelectCCDMA), (24 bytes).
    Removing stm32f10x_tim.o(i.TIM_SelectCOM), (24 bytes).
    Removing stm32f10x_tim.o(i.TIM_SelectHallSensor), (24 bytes).
    Removing stm32f10x_tim.o(i.TIM_SelectInputTrigger), (18 bytes).
    Removing stm32f10x_tim.o(i.TIM_SelectMasterSlaveMode), (18 bytes).
    Removing stm32f10x_tim.o(i.TIM_SelectOCxM), (82 bytes).
    Removing stm32f10x_tim.o(i.TIM_SelectOnePulseMode), (18 bytes).
    Removing stm32f10x_tim.o(i.TIM_SelectOutputTrigger), (18 bytes).
    Removing stm32f10x_tim.o(i.TIM_SelectSlaveMode), (18 bytes).
    Removing stm32f10x_tim.o(i.TIM_SetAutoreload), (4 bytes).
    Removing stm32f10x_tim.o(i.TIM_SetClockDivision), (18 bytes).
    Removing stm32f10x_tim.o(i.TIM_SetCompare1), (4 bytes).
    Removing stm32f10x_tim.o(i.TIM_SetCompare2), (4 bytes).
    Removing stm32f10x_tim.o(i.TIM_SetCompare3), (4 bytes).
    Removing stm32f10x_tim.o(i.TIM_SetCompare4), (6 bytes).
    Removing stm32f10x_tim.o(i.TIM_SetCounter), (4 bytes).
    Removing stm32f10x_tim.o(i.TIM_SetIC1Prescaler), (18 bytes).
    Removing stm32f10x_tim.o(i.TIM_SetIC2Prescaler), (26 bytes).
    Removing stm32f10x_tim.o(i.TIM_SetIC3Prescaler), (18 bytes).
    Removing stm32f10x_tim.o(i.TIM_SetIC4Prescaler), (26 bytes).
    Removing stm32f10x_tim.o(i.TIM_TIxExternalClockConfig), (62 bytes).
    Removing stm32f10x_tim.o(i.TIM_TimeBaseInit), (164 bytes).
    Removing stm32f10x_tim.o(i.TIM_TimeBaseStructInit), (18 bytes).
    Removing stm32f10x_tim.o(i.TIM_UpdateDisableConfig), (24 bytes).
    Removing stm32f10x_tim.o(i.TIM_UpdateRequestConfig), (24 bytes).
    Removing stm32f10x_usart.o(.rev16_text), (4 bytes).
    Removing stm32f10x_usart.o(.revsh_text), (4 bytes).
    Removing stm32f10x_usart.o(.rrx_text), (6 bytes).
    Removing stm32f10x_usart.o(i.USART_ClearFlag), (18 bytes).
    Removing stm32f10x_usart.o(i.USART_ClockInit), (34 bytes).
    Removing stm32f10x_usart.o(i.USART_ClockStructInit), (12 bytes).
    Removing stm32f10x_usart.o(i.USART_DeInit), (156 bytes).
    Removing stm32f10x_usart.o(i.USART_HalfDuplexCmd), (24 bytes).
    Removing stm32f10x_usart.o(i.USART_IrDACmd), (24 bytes).
    Removing stm32f10x_usart.o(i.USART_IrDAConfig), (18 bytes).
    Removing stm32f10x_usart.o(i.USART_LINBreakDetectLengthConfig), (18 bytes).
    Removing stm32f10x_usart.o(i.USART_LINCmd), (24 bytes).
    Removing stm32f10x_usart.o(i.USART_OneBitMethodCmd), (24 bytes).
    Removing stm32f10x_usart.o(i.USART_OverSampling8Cmd), (22 bytes).
    Removing stm32f10x_usart.o(i.USART_ReceiverWakeUpCmd), (24 bytes).
    Removing stm32f10x_usart.o(i.USART_SendBreak), (10 bytes).
    Removing stm32f10x_usart.o(i.USART_SetAddress), (18 bytes).
    Removing stm32f10x_usart.o(i.USART_SetGuardTime), (16 bytes).
    Removing stm32f10x_usart.o(i.USART_SetPrescaler), (16 bytes).
    Removing stm32f10x_usart.o(i.USART_SmartCardCmd), (24 bytes).
    Removing stm32f10x_usart.o(i.USART_SmartCardNACKCmd), (24 bytes).
    Removing stm32f10x_usart.o(i.USART_StructInit), (24 bytes).
    Removing stm32f10x_usart.o(i.USART_WakeUpConfig), (18 bytes).
    Removing gpio_stm32f10x.o(.rev16_text), (4 bytes).
    Removing gpio_stm32f10x.o(.revsh_text), (4 bytes).
    Removing gpio_stm32f10x.o(.rrx_text), (6 bytes).
    Removing gpio_stm32f10x.o(i.GPIO_AFConfigure), (88 bytes).
    Removing gpio_stm32f10x.o(i.GPIO_GetPortClockState), (152 bytes).
    Removing gpio_stm32f10x.o(i.GPIO_PinConfigure), (120 bytes).
    Removing gpio_stm32f10x.o(i.GPIO_PortClock), (316 bytes).
    Removing system_stm32f10x.o(.rev16_text), (4 bytes).
    Removing system_stm32f10x.o(.revsh_text), (4 bytes).
    Removing system_stm32f10x.o(.rrx_text), (6 bytes).
    Removing system_stm32f10x.o(i.SystemCoreClockUpdate), (164 bytes).
    Removing system_stm32f10x.o(.data), (20 bytes).
    Removing fadd.o(.text), (176 bytes).
    Removing fdiv.o(.text), (124 bytes).
    Removing dmul.o(.text), (228 bytes).
    Removing dfixui.o(.text), (50 bytes).
    Removing d2f.o(.text), (56 bytes).
    Removing i2c.o(i._ZN6Sensor7UpdatedEv), (44 bytes).
    Removing i2c.o(.ARM.exidx), (8 bytes).
    Removing i2c.o(t._ZN10FIFOBufferI18I2C_Command_StructLt40EEC1Ev), (12 bytes).
    Removing i2c.o(.ARM.exidx), (8 bytes).
    Removing i2c.o(t._ZN10FIFOBufferI18I2C_Command_StructLt40EE3PutERKS0_), (78 bytes).
    Removing i2c.o(.ARM.exidx), (8 bytes).
    Removing i2c.o(t._ZN10FIFOBufferI18I2C_Command_StructLt40EE3GetERS0_), (66 bytes).
    Removing i2c.o(.ARM.exidx), (8 bytes).
    Removing i2c.o(t._ZN10FIFOBufferI18I2C_Command_StructLt40EE4SizeEv), (26 bytes).
    Removing i2c.o(.ARM.exidx), (8 bytes).
    Removing i2c.o(t._ZN10FIFOBufferI18I2C_Command_StructLt40EE5ClearEv), (12 bytes).
    Removing i2c.o(.ARM.exidx), (8 bytes).
    Removing usart.o(.ARM.exidx), (8 bytes).
    Removing usart.o(.ARM.exidx), (8 bytes).
    Removing usart.o(.ARM.exidx), (8 bytes).
    Removing usart.o(.ARM.exidx), (8 bytes).
    Removing usart.o(.ARM.exidx), (8 bytes).
    Removing usart.o(.ARM.exidx), (8 bytes).
    Removing usart.o(.ARM.exidx), (8 bytes).
    Removing esp8266.o(.ARM.exidx), (8 bytes).

654 unused section(s) (total 23989 bytes) removed from the image.

==============================================================================

Image Symbol Table

    Local Symbols

    Symbol Name                              Value     Ov Type        Size  Object(Section)

    ../../../edgfe/lib_src/dtor_list.c       0x00000000   Number         0  cxa_finalize.o ABSOLUTE
    ../../../edgfe/lib_src/dtor_list.c       0x00000000   Number         0  aeabi_atexit.o ABSOLUTE
    ../../../edgfe/lib_src/guard.c           0x00000000   Number         0  cxa_guard_acquire.o ABSOLUTE
    ../../../edgfe/lib_src/guard.c           0x00000000   Number         0  cxa_guard_release.o ABSOLUTE
    ../clib/microlib/cpp/cpp_dtor.c          0x00000000   Number         0  cpp_dtor.o ABSOLUTE
    ../clib/microlib/cpp/cpp_final.c         0x00000000   Number         0  cpp_final.o ABSOLUTE
    ../clib/microlib/cpp/cpp_init.c          0x00000000   Number         0  cpp_init.o ABSOLUTE
    ../clib/microlib/cpp/cpp_init.c          0x00000000   Number         0  cpp_init.o ABSOLUTE
    ../clib/microlib/init/entry.s            0x00000000   Number         0  entry7b.o ABSOLUTE
    ../clib/microlib/init/entry.s            0x00000000   Number         0  entry8a.o ABSOLUTE
    ../clib/microlib/init/entry.s            0x00000000   Number         0  entry.o ABSOLUTE
    ../clib/microlib/init/entry.s            0x00000000   Number         0  entry11b.o ABSOLUTE
    ../clib/microlib/init/entry.s            0x00000000   Number         0  entry8b.o ABSOLUTE
    ../clib/microlib/init/entry.s            0x00000000   Number         0  entry9a.o ABSOLUTE
    ../clib/microlib/init/entry.s            0x00000000   Number         0  entry9b.o ABSOLUTE
    ../clib/microlib/init/entry.s            0x00000000   Number         0  entry10a.o ABSOLUTE
    ../clib/microlib/init/entry.s            0x00000000   Number         0  entry10b.o ABSOLUTE
    ../clib/microlib/init/entry.s            0x00000000   Number         0  entry11a.o ABSOLUTE
    ../clib/microlib/init/entry.s            0x00000000   Number         0  entry2.o ABSOLUTE
    ../clib/microlib/init/entry.s            0x00000000   Number         0  entry5.o ABSOLUTE
    ../clib/microlib/init/entry.s            0x00000000   Number         0  entry7a.o ABSOLUTE
    ../clib/microlib/longlong.c              0x00000000   Number         0  llushr.o ABSOLUTE
    ../clib/microlib/longlong.c              0x00000000   Number         0  llsshr.o ABSOLUTE
    ../clib/microlib/longlong.c              0x00000000   Number         0  llshl.o ABSOLUTE
    ../clib/microlib/malloc/malloc.c         0x00000000   Number         0  malloca.o ABSOLUTE
    ../clib/microlib/malloc/malloc.c         0x00000000   Number         0  mallocr.o ABSOLUTE
    ../clib/microlib/malloc/malloc.c         0x00000000   Number         0  malloc.o ABSOLUTE
    ../clib/microlib/malloc/malloc.c         0x00000000   Number         0  mallocra.o ABSOLUTE
    ../clib/microlib/malloc/mvars.c          0x00000000   Number         0  mvars.o ABSOLUTE
    ../clib/microlib/string/memcpy.c         0x00000000   Number         0  memcpya.o ABSOLUTE
    ../clib/microlib/string/memcpy.c         0x00000000   Number         0  memcpyb.o ABSOLUTE
    ../clib/microlib/string/strcpy.c         0x00000000   Number         0  strcpy.o ABSOLUTE
    ../clib/microlib/string/strlen.c         0x00000000   Number         0  strlen.o ABSOLUTE
    ../clib/microlib/string/strstr.c         0x00000000   Number         0  strstr.o ABSOLUTE
    ../clib/microlib/stubs.s                 0x00000000   Number         0  iusefp.o ABSOLUTE
    ../fplib/microlib/d2f.c                  0x00000000   Number         0  d2f.o ABSOLUTE
    ../fplib/microlib/f2d.c                  0x00000000   Number         0  f2d.o ABSOLUTE
    ../fplib/microlib/fpadd.c                0x00000000   Number         0  dadd.o ABSOLUTE
    ../fplib/microlib/fpadd.c                0x00000000   Number         0  fadd.o ABSOLUTE
    ../fplib/microlib/fpdiv.c                0x00000000   Number         0  fdiv.o ABSOLUTE
    ../fplib/microlib/fpdiv.c                0x00000000   Number         0  ddiv.o ABSOLUTE
    ../fplib/microlib/fpepilogue.c           0x00000000   Number         0  depilogue.o ABSOLUTE
    ../fplib/microlib/fpepilogue.c           0x00000000   Number         0  fepilogue.o ABSOLUTE
    ../fplib/microlib/fpfix.c                0x00000000   Number         0  ffixui.o ABSOLUTE
    ../fplib/microlib/fpfix.c                0x00000000   Number         0  dfixui.o ABSOLUTE
    ../fplib/microlib/fpfix.c                0x00000000   Number         0  ffixi.o ABSOLUTE
    ../fplib/microlib/fpflt.c                0x00000000   Number         0  ffltui.o ABSOLUTE
    ../fplib/microlib/fpflt.c                0x00000000   Number         0  dfltui.o ABSOLUTE
    ../fplib/microlib/fpmul.c                0x00000000   Number         0  fmul.o ABSOLUTE
    ../fplib/microlib/fpmul.c                0x00000000   Number         0  dmul.o ABSOLUTE
    ..\..\..\lib\offchip\ESP8266\ESP8266.cpp 0x00000000   Number         0  esp8266.o ABSOLUTE
    ..\..\..\lib\offchip\HCHO\HCHO.cpp       0x00000000   Number         0  hcho.o ABSOLUTE
    ..\..\..\lib\offchip\LED\LED.cpp         0x00000000   Number         0  led.o ABSOLUTE
    ..\..\..\lib\offchip\MHZ14\MHZ14.cpp     0x00000000   Number         0  mhz14.o ABSOLUTE
    ..\..\..\lib\offchip\ZPH01\ZPH01.cpp     0x00000000   Number         0  zph01.o ABSOLUTE
    ..\..\..\lib\onchip\ADC\ADC.cpp          0x00000000   Number         0  adc.o ABSOLUTE
    ..\..\..\lib\onchip\GPIO\GPIO.cpp        0x00000000   Number         0  gpio.o ABSOLUTE
    ..\..\..\lib\onchip\I2C\I2C.cpp          0x00000000   Number         0  i2c.o ABSOLUTE
    ..\..\..\lib\onchip\PWM\PWM.cpp          0x00000000   Number         0  pwm.o ABSOLUTE
    ..\..\..\lib\onchip\USART\USART.cpp      0x00000000   Number         0  usart.o ABSOLUTE
    ..\..\..\lib\onchip\capture\InputCapture_EXIT.cpp 0x00000000   Number         0  inputcapture_exit.o ABSOLUTE
    ..\..\..\lib\onchip\capture\InputCapture_TIM.cpp 0x00000000   Number         0  inputcapture_tim.o ABSOLUTE
    ..\..\..\lib\onchip\delay\Delay.cpp      0x00000000   Number         0  delay.o ABSOLUTE
    ..\..\..\lib\onchip\flash\Flash.cpp      0x00000000   Number         0  flash.o ABSOLUTE
    ..\..\..\lib\onchip\interrupt\Interrupt.cpp 0x00000000   Number         0  interrupt.o ABSOLUTE
    ..\..\..\lib\onchip\taskManager\TaskManager.cpp 0x00000000   Number         0  taskmanager.o ABSOLUTE
    ..\..\..\lib\onchip\timer\Timer.cpp      0x00000000   Number         0  timer.o ABSOLUTE
    ..\\..\\..\\lib\\offchip\\ESP8266\\ESP8266.cpp 0x00000000   Number         0  esp8266.o ABSOLUTE
    ..\\..\\..\\lib\\offchip\\HCHO\\HCHO.cpp 0x00000000   Number         0  hcho.o ABSOLUTE
    ..\\..\\..\\lib\\offchip\\LED\\LED.cpp   0x00000000   Number         0  led.o ABSOLUTE
    ..\\..\\..\\lib\\offchip\\MHZ14\\MHZ14.cpp 0x00000000   Number         0  mhz14.o ABSOLUTE
    ..\\..\\..\\lib\\offchip\\ZPH01\\ZPH01.cpp 0x00000000   Number         0  zph01.o ABSOLUTE
    ..\\..\\..\\lib\\onchip\\ADC\\ADC.cpp    0x00000000   Number         0  adc.o ABSOLUTE
    ..\\..\\..\\lib\\onchip\\GPIO\\GPIO.cpp  0x00000000   Number         0  gpio.o ABSOLUTE
    ..\\..\\..\\lib\\onchip\\I2C\\I2C.cpp    0x00000000   Number         0  i2c.o ABSOLUTE
    ..\\..\\..\\lib\\onchip\\PWM\\PWM.cpp    0x00000000   Number         0  pwm.o ABSOLUTE
    ..\\..\\..\\lib\\onchip\\USART\\USART.cpp 0x00000000   Number         0  usart.o ABSOLUTE
    ..\\..\\..\\lib\\onchip\\capture\\InputCapture_EXIT.cpp 0x00000000   Number         0  inputcapture_exit.o ABSOLUTE
    ..\\..\\..\\lib\\onchip\\capture\\InputCapture_TIM.cpp 0x00000000   Number         0  inputcapture_tim.o ABSOLUTE
    ..\\..\\..\\lib\\onchip\\delay\\Delay.cpp 0x00000000   Number         0  delay.o ABSOLUTE
    ..\\..\\..\\lib\\onchip\\flash\\Flash.cpp 0x00000000   Number         0  flash.o ABSOLUTE
    ..\\..\\..\\lib\\onchip\\interrupt\\Interrupt.cpp 0x00000000   Number         0  interrupt.o ABSOLUTE
    ..\\..\\..\\lib\\onchip\\taskManager\\TaskManager.cpp 0x00000000   Number         0  taskmanager.o ABSOLUTE
    ..\\..\\..\\lib\\onchip\\timer\\Timer.cpp 0x00000000   Number         0  timer.o ABSOLUTE
    C:\Other\keil5\Keil\STM32F1xx_DFP\2.1.0\Device\StdPeriph_Driver\src\misc.c 0x00000000   Number         0  misc.o ABSOLUTE
    C:\Other\keil5\Keil\STM32F1xx_DFP\2.1.0\Device\StdPeriph_Driver\src\stm32f10x_adc.c 0x00000000   Number         0  stm32f10x_adc.o ABSOLUTE
    C:\Other\keil5\Keil\STM32F1xx_DFP\2.1.0\Device\StdPeriph_Driver\src\stm32f10x_dma.c 0x00000000   Number         0  stm32f10x_dma.o ABSOLUTE
    C:\Other\keil5\Keil\STM32F1xx_DFP\2.1.0\Device\StdPeriph_Driver\src\stm32f10x_exti.c 0x00000000   Number         0  stm32f10x_exti.o ABSOLUTE
    C:\Other\keil5\Keil\STM32F1xx_DFP\2.1.0\Device\StdPeriph_Driver\src\stm32f10x_flash.c 0x00000000   Number         0  stm32f10x_flash.o ABSOLUTE
    C:\Other\keil5\Keil\STM32F1xx_DFP\2.1.0\Device\StdPeriph_Driver\src\stm32f10x_gpio.c 0x00000000   Number         0  stm32f10x_gpio.o ABSOLUTE
    C:\Other\keil5\Keil\STM32F1xx_DFP\2.1.0\Device\StdPeriph_Driver\src\stm32f10x_i2c.c 0x00000000   Number         0  stm32f10x_i2c.o ABSOLUTE
    C:\Other\keil5\Keil\STM32F1xx_DFP\2.1.0\Device\StdPeriph_Driver\src\stm32f10x_rcc.c 0x00000000   Number         0  stm32f10x_rcc.o ABSOLUTE
    C:\Other\keil5\Keil\STM32F1xx_DFP\2.1.0\Device\StdPeriph_Driver\src\stm32f10x_tim.c 0x00000000   Number         0  stm32f10x_tim.o ABSOLUTE
    C:\Other\keil5\Keil\STM32F1xx_DFP\2.1.0\Device\StdPeriph_Driver\src\stm32f10x_usart.c 0x00000000   Number         0  stm32f10x_usart.o ABSOLUTE
    C:\Other\keil5\Keil\STM32F1xx_DFP\2.1.0\RTE_Driver\GPIO_STM32F10x.c 0x00000000   Number         0  gpio_stm32f10x.o ABSOLUTE
    C:\\Other\\keil5\\Keil\\STM32F1xx_DFP\\2.1.0\\Device\\StdPeriph_Driver\\src\\misc.c 0x00000000   Number         0  misc.o ABSOLUTE
    C:\\Other\\keil5\\Keil\\STM32F1xx_DFP\\2.1.0\\Device\\StdPeriph_Driver\\src\\stm32f10x_adc.c 0x00000000   Number         0  stm32f10x_adc.o ABSOLUTE
    C:\\Other\\keil5\\Keil\\STM32F1xx_DFP\\2.1.0\\Device\\StdPeriph_Driver\\src\\stm32f10x_dma.c 0x00000000   Number         0  stm32f10x_dma.o ABSOLUTE
    C:\\Other\\keil5\\Keil\\STM32F1xx_DFP\\2.1.0\\Device\\StdPeriph_Driver\\src\\stm32f10x_exti.c 0x00000000   Number         0  stm32f10x_exti.o ABSOLUTE
    C:\\Other\\keil5\\Keil\\STM32F1xx_DFP\\2.1.0\\Device\\StdPeriph_Driver\\src\\stm32f10x_flash.c 0x00000000   Number         0  stm32f10x_flash.o ABSOLUTE
    C:\\Other\\keil5\\Keil\\STM32F1xx_DFP\\2.1.0\\Device\\StdPeriph_Driver\\src\\stm32f10x_gpio.c 0x00000000   Number         0  stm32f10x_gpio.o ABSOLUTE
    C:\\Other\\keil5\\Keil\\STM32F1xx_DFP\\2.1.0\\Device\\StdPeriph_Driver\\src\\stm32f10x_i2c.c 0x00000000   Number         0  stm32f10x_i2c.o ABSOLUTE
    C:\\Other\\keil5\\Keil\\STM32F1xx_DFP\\2.1.0\\Device\\StdPeriph_Driver\\src\\stm32f10x_rcc.c 0x00000000   Number         0  stm32f10x_rcc.o ABSOLUTE
    C:\\Other\\keil5\\Keil\\STM32F1xx_DFP\\2.1.0\\Device\\StdPeriph_Driver\\src\\stm32f10x_tim.c 0x00000000   Number         0  stm32f10x_tim.o ABSOLUTE
    C:\\Other\\keil5\\Keil\\STM32F1xx_DFP\\2.1.0\\Device\\StdPeriph_Driver\\src\\stm32f10x_usart.c 0x00000000   Number         0  stm32f10x_usart.o ABSOLUTE
    C:\\Other\\keil5\\Keil\\STM32F1xx_DFP\\2.1.0\\RTE_Driver\\GPIO_STM32F10x.c 0x00000000   Number         0  gpio_stm32f10x.o ABSOLUTE
    RTE\Device\STM32F103C8\startup_stm32f10x_md.s 0x00000000   Number         0  startup_stm32f10x_md.o ABSOLUTE
    RTE\Device\STM32F103C8\system_stm32f10x.c 0x00000000   Number         0  system_stm32f10x.o ABSOLUTE
    RTE\\Device\\STM32F103C8\\system_stm32f10x.c 0x00000000   Number         0  system_stm32f10x.o ABSOLUTE
    app\Communication.cpp                    0x00000000   Number         0  communication.o ABSOLUTE
    app\Main.cpp                             0x00000000   Number         0  main.o ABSOLUTE
    app\UserInterrupt.cpp                    0x00000000   Number         0  userinterrupt.o ABSOLUTE
    app\\Communication.cpp                   0x00000000   Number         0  communication.o ABSOLUTE
    app\\Main.cpp                            0x00000000   Number         0  main.o ABSOLUTE
    app\\UserInterrupt.cpp                   0x00000000   Number         0  userinterrupt.o ABSOLUTE
    cdcmple.s                                0x00000000   Number         0  cdcmple.o ABSOLUTE
    cdrcmple.s                               0x00000000   Number         0  cdrcmple.o ABSOLUTE
    dc.s                                     0x00000000   Number         0  dc.o ABSOLUTE
    handlers.s                               0x00000000   Number         0  handlers.o ABSOLUTE
    init.s                                   0x00000000   Number         0  init.o ABSOLUTE
    RESET                                    0x08000000   Section      236  startup_stm32f10x_md.o(RESET)
    .ARM.Collect$$$$00000000                 0x080000ec   Section        0  entry.o(.ARM.Collect$$$$00000000)
    .ARM.Collect$$$$00000001                 0x080000ec   Section        4  entry2.o(.ARM.Collect$$$$00000001)
    .ARM.Collect$$$$00000004                 0x080000f0   Section        4  entry5.o(.ARM.Collect$$$$00000004)
    .ARM.Collect$$$$00000008                 0x080000f4   Section        0  entry7b.o(.ARM.Collect$$$$00000008)
    .ARM.Collect$$$$00000009                 0x080000f4   Section        4  entry8a.o(.ARM.Collect$$$$00000009)
    .ARM.Collect$$$$0000000A                 0x080000f8   Section        0  entry8b.o(.ARM.Collect$$$$0000000A)
    .ARM.Collect$$$$0000000B                 0x080000f8   Section        8  entry9a.o(.ARM.Collect$$$$0000000B)
    .ARM.Collect$$$$0000000D                 0x08000100   Section        0  entry10a.o(.ARM.Collect$$$$0000000D)
    .ARM.Collect$$$$0000000F                 0x08000100   Section        0  entry11a.o(.ARM.Collect$$$$0000000F)
    .ARM.Collect$$$$00002712                 0x08000100   Section        4  entry2.o(.ARM.Collect$$$$00002712)
    __lit__00000000                          0x08000100   Data           4  entry2.o(.ARM.Collect$$$$00002712)
    .text                                    0x08000104   Section       36  startup_stm32f10x_md.o(.text)
    .text                                    0x08000128   Section        0  memcpya.o(.text)
    .text                                    0x0800014c   Section        0  strstr.o(.text)
    .text                                    0x08000170   Section        0  cpp_init.o(.text)
    .text                                    0x08000190   Section        0  fmul.o(.text)
    .text                                    0x080001f4   Section        0  dadd.o(.text)
    .text                                    0x08000342   Section        0  ddiv.o(.text)
    .text                                    0x08000420   Section        0  ffltui.o(.text)
    .text                                    0x0800042a   Section        0  dfltui.o(.text)
    .text                                    0x08000444   Section        0  ffixi.o(.text)
    .text                                    0x08000476   Section        0  ffixui.o(.text)
    .text                                    0x0800049e   Section        0  f2d.o(.text)
    .text                                    0x080004c4   Section       48  cdcmple.o(.text)
    .text                                    0x080004f4   Section       48  cdrcmple.o(.text)
    .text                                    0x08000524   Section        0  llshl.o(.text)
    .text                                    0x08000542   Section        0  llushr.o(.text)
    .text                                    0x08000562   Section        0  llsshr.o(.text)
    .text                                    0x08000586   Section        0  iusefp.o(.text)
    .text                                    0x08000588   Section        0  cpp_dtor.o(.text)
    .text                                    0x08000590   Section        0  cpp_final.o(.text)
    .text                                    0x08000592   Section        0  fepilogue.o(.text)
    .text                                    0x08000600   Section        0  depilogue.o(.text)
    .text                                    0x080006bc   Section       36  init.o(.text)
    i.DMA1_Channel2_IRQHandler               0x080006e0   Section        0  interrupt.o(i.DMA1_Channel2_IRQHandler)
    i.DMA1_Channel4_IRQHandler               0x080006f8   Section        0  interrupt.o(i.DMA1_Channel4_IRQHandler)
    i.DMA1_Channel5_IRQHandler               0x08000710   Section        0  interrupt.o(i.DMA1_Channel5_IRQHandler)
    i.DMA1_Channel6_IRQHandler               0x08000712   Section        0  interrupt.o(i.DMA1_Channel6_IRQHandler)
    i.DMA1_Channel7_IRQHandler               0x08000714   Section        0  interrupt.o(i.DMA1_Channel7_IRQHandler)
    i.DMA_ClearFlag                          0x0800072c   Section        0  stm32f10x_dma.o(i.DMA_ClearFlag)
    i.DMA_ClearITPendingBit                  0x08000748   Section        0  stm32f10x_dma.o(i.DMA_ClearITPendingBit)
    i.DMA_Cmd                                0x08000764   Section        0  stm32f10x_dma.o(i.DMA_Cmd)
    i.DMA_GetFlagStatus                      0x0800077c   Section        0  stm32f10x_dma.o(i.DMA_GetFlagStatus)
    i.DMA_Init                               0x080007a8   Section        0  stm32f10x_dma.o(i.DMA_Init)
    i.EXTI0_IRQHandler                       0x080007e4   Section        0  interrupt.o(i.EXTI0_IRQHandler)
    i.EXTI15_10_IRQHandler                   0x080007ee   Section        0  interrupt.o(i.EXTI15_10_IRQHandler)
    i.EXTI1_IRQHandler                       0x0800085e   Section        0  interrupt.o(i.EXTI1_IRQHandler)
    i.EXTI2_IRQHandler                       0x08000868   Section        0  interrupt.o(i.EXTI2_IRQHandler)
    i.EXTI3_IRQHandler                       0x08000872   Section        0  interrupt.o(i.EXTI3_IRQHandler)
    i.EXTI4_IRQHandler                       0x0800087c   Section        0  interrupt.o(i.EXTI4_IRQHandler)
    i.EXTI9_5_IRQHandler                     0x08000886   Section        0  interrupt.o(i.EXTI9_5_IRQHandler)
    i.EXTI_ClearITPendingBit                 0x080008d8   Section        0  stm32f10x_exti.o(i.EXTI_ClearITPendingBit)
    i.EXTI_GetITStatus                       0x080008e4   Section        0  stm32f10x_exti.o(i.EXTI_GetITStatus)
    i.GPIO_Init                              0x0800090c   Section        0  stm32f10x_gpio.o(i.GPIO_Init)
    i.GPIO_PinRemapConfig                    0x08000a24   Section        0  stm32f10x_gpio.o(i.GPIO_PinRemapConfig)
    i.GPIO_ReadInputDataBit                  0x08000ab4   Section        0  stm32f10x_gpio.o(i.GPIO_ReadInputDataBit)
    i.GPIO_ResetBits                         0x08000ac6   Section        0  stm32f10x_gpio.o(i.GPIO_ResetBits)
    i.GPIO_SetBits                           0x08000aca   Section        0  stm32f10x_gpio.o(i.GPIO_SetBits)
    i.I2C1_ER_IRQHandler                     0x08000ace   Section        0  interrupt.o(i.I2C1_ER_IRQHandler)
    i.I2C1_EV_IRQHandler                     0x08000ad0   Section        0  interrupt.o(i.I2C1_EV_IRQHandler)
    i.I2C2_ER_IRQHandler                     0x08000ad2   Section        0  interrupt.o(i.I2C2_ER_IRQHandler)
    i.I2C2_EV_IRQHandler                     0x08000ad4   Section        0  interrupt.o(i.I2C2_EV_IRQHandler)
    i.NVIC_Init                              0x08000ad8   Section        0  misc.o(i.NVIC_Init)
    i.NVIC_PriorityGroupConfig               0x08000b48   Section        0  misc.o(i.NVIC_PriorityGroupConfig)
    i.RCC_AHBPeriphClockCmd                  0x08000b5c   Section        0  stm32f10x_rcc.o(i.RCC_AHBPeriphClockCmd)
    i.RCC_APB1PeriphClockCmd                 0x08000b7c   Section        0  stm32f10x_rcc.o(i.RCC_APB1PeriphClockCmd)
    i.RCC_APB2PeriphClockCmd                 0x08000b9c   Section        0  stm32f10x_rcc.o(i.RCC_APB2PeriphClockCmd)
    i.RCC_GetClocksFreq                      0x08000bbc   Section        0  stm32f10x_rcc.o(i.RCC_GetClocksFreq)
    i.SetSysClock                            0x08000c90   Section        0  system_stm32f10x.o(i.SetSysClock)
    SetSysClock                              0x08000c91   Thumb Code     8  system_stm32f10x.o(i.SetSysClock)
    i.SetSysClockTo72                        0x08000c98   Section        0  system_stm32f10x.o(i.SetSysClockTo72)
    SetSysClockTo72                          0x08000c99   Thumb Code   214  system_stm32f10x.o(i.SetSysClockTo72)
    i.SysTick_Handler                        0x08000d78   Section        0  taskmanager.o(i.SysTick_Handler)
    i.SystemInit                             0x08000d98   Section        0  system_stm32f10x.o(i.SystemInit)
    i.TIM1_UP_IRQHandler                     0x08000df8   Section        0  interrupt.o(i.TIM1_UP_IRQHandler)
    i.TIM2_IRQHandler                        0x08000dfa   Section        0  interrupt.o(i.TIM2_IRQHandler)
    i.TIM3_IRQHandler                        0x08000dfc   Section        0  interrupt.o(i.TIM3_IRQHandler)
    i.TIM4_IRQHandler                        0x08000dfe   Section        0  interrupt.o(i.TIM4_IRQHandler)
    i.USART1_IRQHandler                      0x08000e00   Section        0  interrupt.o(i.USART1_IRQHandler)
    i.USART2_IRQHandler                      0x08000e10   Section        0  interrupt.o(i.USART2_IRQHandler)
    i.USART3_IRQHandler                      0x08000e20   Section        0  interrupt.o(i.USART3_IRQHandler)
    i.USART_ClearITPendingBit                0x08000e30   Section        0  stm32f10x_usart.o(i.USART_ClearITPendingBit)
    i.USART_Cmd                              0x08000e4e   Section        0  stm32f10x_usart.o(i.USART_Cmd)
    i.USART_DMACmd                           0x08000e66   Section        0  stm32f10x_usart.o(i.USART_DMACmd)
    i.USART_GetFlagStatus                    0x08000e78   Section        0  stm32f10x_usart.o(i.USART_GetFlagStatus)
    i.USART_GetITStatus                      0x08000e92   Section        0  stm32f10x_usart.o(i.USART_GetITStatus)
    i.USART_ITConfig                         0x08000ee6   Section        0  stm32f10x_usart.o(i.USART_ITConfig)
    i.USART_Init                             0x08000f30   Section        0  stm32f10x_usart.o(i.USART_Init)
    i.USART_ReceiveData                      0x08001008   Section        0  stm32f10x_usart.o(i.USART_ReceiveData)
    i.USART_SendData                         0x08001012   Section        0  stm32f10x_usart.o(i.USART_SendData)
    i._ZN11TaskManager4TimeEv                0x0800101c   Section        0  taskmanager.o(i._ZN11TaskManager4TimeEv)
    i._ZN11TaskManager6DelaySEt              0x080010ac   Section        0  taskmanager.o(i._ZN11TaskManager6DelaySEt)
    i._ZN11TaskManager7DelayMsEt             0x080010e4   Section        0  taskmanager.o(i._ZN11TaskManager7DelayMsEt)
    i._ZN11TaskManager9TimeSliceERdd         0x08001128   Section        0  taskmanager.o(i._ZN11TaskManager9TimeSliceERdd)
    i._ZN11TaskManagerC1Ev                   0x08001168   Section        0  taskmanager.o(i._ZN11TaskManagerC1Ev)
    i._ZN13Communication11CalibrationEPhih   0x0800118c   Section        0  communication.o(i._ZN13Communication11CalibrationEPhih)
    i._ZN13Communication12ToServerPackEhftf  0x080011b0   Section        0  communication.o(i._ZN13Communication12ToServerPackEhftf)
    i._ZN13Communication13DataListeningER5USART 0x08001234   Section        0  communication.o(i._ZN13Communication13DataListeningER5USART)
    i._ZN13Communication9AckPacketEh         0x080012fc   Section        0  communication.o(i._ZN13Communication9AckPacketEh)
    i._ZN13CommunicationC1Ev                 0x08001334   Section        0  communication.o(i._ZN13CommunicationC1Ev)
    i._ZN3LED2OnEv                           0x0800133e   Section        0  led.o(i._ZN3LED2OnEv)
    i._ZN3LED3OffEv                          0x0800134c   Section        0  led.o(i._ZN3LED3OffEv)
    i._ZN3LED5BlinkEtfb                      0x08001360   Section        0  led.o(i._ZN3LED5BlinkEtfb)
    i._ZN3LED6ToggleEv                       0x08001408   Section        0  led.o(i._ZN3LED6ToggleEv)
    i._ZN3LEDC1ER4GPIOb                      0x08001428   Section        0  led.o(i._ZN3LEDC1ER4GPIOb)
    i._ZN4GPIO17RCC_ConfigurationEv          0x08001448   Section        0  gpio.o(i._ZN4GPIO17RCC_ConfigurationEv)
    i._ZN4GPIO8GetLevelEv                    0x080014e8   Section        0  gpio.o(i._ZN4GPIO8GetLevelEv)
    i._ZN4GPIO8SetLevelEh                    0x08001508   Section        0  gpio.o(i._ZN4GPIO8SetLevelEh)
    i._ZN4GPIOC1EP12GPIO_TypeDeft16GPIOMode_TypeDef17GPIOSpeed_TypeDef 0x08001538   Section        0  gpio.o(i._ZN4GPIOC1EP12GPIO_TypeDeft16GPIOMode_TypeDef17GPIOSpeed_TypeDef)
    i._ZN5MHZ1412GetFloatDataEv              0x0800157c   Section        0  mhz14.o(i._ZN5MHZ1412GetFloatDataEv)
    i._ZN5MHZ146UpdataEv                     0x08001588   Section        0  mhz14.o(i._ZN5MHZ146UpdataEv)
    i._ZN5MHZ148SumCheckEPh                  0x08001606   Section        0  mhz14.o(i._ZN5MHZ148SumCheckEPh)
    i._ZN5MHZ14C1ER5USARTd                   0x08001634   Section        0  mhz14.o(i._ZN5MHZ14C1ER5USARTd)
    i._ZN5USART15GetReceivedDataEPht         0x0800165a   Section        0  usart.o(i._ZN5USART15GetReceivedDataEPht)
    i._ZN5USART17ReceiveBufferSizeEv         0x08001682   Section        0  usart.o(i._ZN5USART17ReceiveBufferSizeEv)
    i._ZN5USART18ClearReceiveBufferEv        0x08001690   Section        0  usart.o(i._ZN5USART18ClearReceiveBufferEv)
    i._ZN5USART3IrqEv                        0x080016a0   Section        0  usart.o(i._ZN5USART3IrqEv)
    i._ZN5USART6DmaIrqEv                     0x08001778   Section        0  usart.o(i._ZN5USART6DmaIrqEv)
    i._ZN5USART8SendDataEPhj                 0x08001800   Section        0  usart.o(i._ZN5USART8SendDataEPhj)
    i._ZN5USARTC1Ehjbhhhhhttt                0x080018d8   Section        0  usart.o(i._ZN5USARTC1Ehjbhhhhhttt)
    i._ZN5USARTD1Ev                          0x08001c94   Section        0  usart.o(i._ZN5USARTD1Ev)
    i._ZN5USARTlsEPKc                        0x08001c96   Section        0  usart.o(i._ZN5USARTlsEPKc)
    i._ZN5USARTlsEi                          0x08001cba   Section        0  usart.o(i._ZN5USARTlsEi)
    i._ZN7esp826611ClearBufferEv             0x08001d18   Section        0  esp8266.o(i._ZN7esp826611ClearBufferEv)
    i._ZN7esp826614ReceiveAndWaitEPKcS1_h    0x08001d30   Section        0  esp8266.o(i._ZN7esp826614ReceiveAndWaitEPKcS1_h)
    i._ZN7esp826614ReceiveAndWaitEPKch       0x08001dda   Section        0  esp8266.o(i._ZN7esp826614ReceiveAndWaitEPKch)
    i._ZN7esp826617CreateConnectModeEPcsa    0x08001e84   Section        0  esp8266.o(i._ZN7esp826617CreateConnectModeEPcsa)
    i._ZN7esp826621ConnectNetwork_clientEPcS0_S0_s 0x08001f74   Section        0  esp8266.o(i._ZN7esp826621ConnectNetwork_clientEPcS0_S0_s)
    i._ZN7esp82664SendEiPh                   0x08001fd0   Section        0  esp8266.o(i._ZN7esp82664SendEiPh)
    i._ZN7esp82664kickEv                     0x08002018   Section        0  esp8266.o(i._ZN7esp82664kickEv)
    i._ZN7esp82666JoinAPEPcS0_               0x0800203c   Section        0  esp8266.o(i._ZN7esp82666JoinAPEPcS0_)
    i._ZN7esp82667SetModeEi                  0x080020c4   Section        0  esp8266.o(i._ZN7esp82667SetModeEi)
    i._ZN7esp82667restartEv                  0x08002124   Section        0  esp8266.o(i._ZN7esp82667restartEv)
    i._ZN7esp82668RecvFindEPKcS1_h           0x0800214c   Section        0  esp8266.o(i._ZN7esp82668RecvFindEPKcS1_h)
    i._ZN7esp82668RecvFindEPKch              0x08002170   Section        0  esp8266.o(i._ZN7esp82668RecvFindEPKch)
    i._ZN7esp8266C1ER5USART                  0x0800218c   Section        0  esp8266.o(i._ZN7esp8266C1ER5USART)
    i._ZSt6strstrPcPKc                       0x08002190   Section        0  esp8266.o(i._ZSt6strstrPcPKc)
    i.__aeabi_atexit                         0x080021a0   Section        0  aeabi_atexit.o(i.__aeabi_atexit)
    i.__cxa_finalize                         0x080021d2   Section        0  cxa_finalize.o(i.__cxa_finalize)
    i.__scatterload_copy                     0x08002214   Section       14  handlers.o(i.__scatterload_copy)
    i.__scatterload_null                     0x08002222   Section        2  handlers.o(i.__scatterload_null)
    i.__scatterload_zeroinit                 0x08002224   Section       14  handlers.o(i.__scatterload_zeroinit)
    i.__sti___15_TaskManager_cpp_tskmgr      0x08002234   Section        0  taskmanager.o(i.__sti___15_TaskManager_cpp_tskmgr)
    __sti___15_TaskManager_cpp_tskmgr        0x08002235   Thumb Code    10  taskmanager.o(i.__sti___15_TaskManager_cpp_tskmgr)
    i.__sti___8_Main_cpp_senser              0x08002244   Section        0  main.o(i.__sti___8_Main_cpp_senser)
    __sti___8_Main_cpp_senser                0x08002245   Thumb Code   160  main.o(i.__sti___8_Main_cpp_senser)
    i.free                                   0x08002314   Section        0  malloc.o(i.free)
    i.main                                   0x08002364   Section        0  main.o(i.main)
    i.malloc                                 0x080024c0   Section        0  malloc.o(i.malloc)
    t._ZN10FIFOBufferIhLt256EE3GetERh        0x0800252c   Section        0  usart.o(t._ZN10FIFOBufferIhLt256EE3GetERh)
    t._ZN10FIFOBufferIhLt256EE3PutERKh       0x08002560   Section        0  usart.o(t._ZN10FIFOBufferIhLt256EE3PutERKh)
    t._ZN10FIFOBufferIhLt256EE4GetsEPht      0x080025a4   Section        0  usart.o(t._ZN10FIFOBufferIhLt256EE4GetsEPht)
    t._ZN10FIFOBufferIhLt256EE4PutsEPht      0x080025e8   Section        0  usart.o(t._ZN10FIFOBufferIhLt256EE4PutsEPht)
    t._ZN10FIFOBufferIhLt256EE4SizeEv        0x0800263a   Section        0  usart.o(t._ZN10FIFOBufferIhLt256EE4SizeEv)
    t._ZN10FIFOBufferIhLt256EE5ClearEv       0x08002656   Section        0  usart.o(t._ZN10FIFOBufferIhLt256EE5ClearEv)
    t._ZN10FIFOBufferIhLt256EEC1Ev           0x08002662   Section        0  usart.o(t._ZN10FIFOBufferIhLt256EEC1Ev)
    .constdata                               0x0800266e   Section       32  gpio.o(.constdata)
    .init_array                              0x080026b0   Section        4  taskmanager.o(.init_array)
    .init_array                              0x080026b4   Section        4  main.o(.init_array)
    .init_array                              0x080026b8   Section        0  cpp_init.o(.init_array)
    .data                                    0x20000000   Section       12  interrupt.o(.data)
    .data                                    0x20000010   Section       32  taskmanager.o(.data)
    .data                                    0x20000030   Section        3  usart.o(.data)
    dataToSend                               0x20000030   Data           1  usart.o(.data)
    dataToSend                               0x20000031   Data           1  usart.o(.data)
    dataToSend                               0x20000032   Data           1  usart.o(.data)
    .data                                    0x20000038   Section       16  led.o(.data)
    times                                    0x20000038   Data           2  led.o(.data)
    time_old                                 0x20000040   Data           8  led.o(.data)
    .data                                    0x20000048   Section        8  main.o(.data)
    .data                                    0x20000050   Section       20  stm32f10x_rcc.o(.data)
    APBAHBPrescTable                         0x20000050   Data          16  stm32f10x_rcc.o(.data)
    ADCPrescTable                            0x20000060   Data           4  stm32f10x_rcc.o(.data)
    .data                                    0x20000064   Section        4  cpp_dtor.o(.data)
    ddtor_pointer                            0x20000064   Data           4  cpp_dtor.o(.data)
    .data                                    0x20000068   Section        4  mvars.o(.data)
    .data                                    0x2000006c   Section        4  mvars.o(.data)
    .bss                                     0x20000070   Section     2248  main.o(.bss)
    HEAP                                     0x20000938   Section      512  startup_stm32f10x_md.o(HEAP)
    STACK                                    0x20000b38   Section     1024  startup_stm32f10x_md.o(STACK)

    Global Symbols

    Symbol Name                              Value     Ov Type        Size  Object(Section)

    BuildAttributes$$THM_ISAv4$P$D$K$B$S$PE$A:L22UL41UL21$X:L11$S22US41US21$IEEE1$IW$USESV6$~STKCKD$USESV7$~SHL$OTIME$ROPI$EBA8$UX$MICROLIB$REQ8$PRES8$EABIv2 0x00000000   Number         0  anon$$obj.o ABSOLUTE
    __ARM_use_no_argv                        0x00000000   Number         0  main.o ABSOLUTE
    __decompress                              - Undefined Weak Reference
    _clock_init                               - Undefined Weak Reference
    _microlib_exit                            - Undefined Weak Reference
    __Vectors_Size                           0x000000ec   Number         0  startup_stm32f10x_md.o ABSOLUTE
    __Vectors                                0x08000000   Data           4  startup_stm32f10x_md.o(RESET)
    __dso_handle                             0x08000000   Number         0  startup_stm32f10x_md.o(RESET)
    __Vectors_End                            0x080000ec   Data           0  startup_stm32f10x_md.o(RESET)
    __main                                   0x080000ed   Thumb Code     0  entry.o(.ARM.Collect$$$$00000000)
    _main_stk                                0x080000ed   Thumb Code     0  entry2.o(.ARM.Collect$$$$00000001)
    _main_scatterload                        0x080000f1   Thumb Code     0  entry5.o(.ARM.Collect$$$$00000004)
    __main_after_scatterload                 0x080000f5   Thumb Code     0  entry5.o(.ARM.Collect$$$$00000004)
    _main_clock                              0x080000f5   Thumb Code     0  entry7b.o(.ARM.Collect$$$$00000008)
    _main_cpp_init$empty                     0x080000f5   Thumb Code     0  entry8a.o(.ARM.Collect$$$$00000009)
    _main_cpp_init                           0x080000f9   Thumb Code     0  entry8b.o(.ARM.Collect$$$$0000000A)
    _main_init                               0x080000f9   Thumb Code     0  entry9a.o(.ARM.Collect$$$$0000000B)
    __rt_final_cpp                           0x08000101   Thumb Code     0  entry10a.o(.ARM.Collect$$$$0000000D)
    __rt_final_exit                          0x08000101   Thumb Code     0  entry11a.o(.ARM.Collect$$$$0000000F)
    Reset_Handler                            0x08000105   Thumb Code     8  startup_stm32f10x_md.o(.text)
    NMI_Handler                              0x0800010d   Thumb Code     2  startup_stm32f10x_md.o(.text)
    HardFault_Handler                        0x0800010f   Thumb Code     2  startup_stm32f10x_md.o(.text)
    MemManage_Handler                        0x08000111   Thumb Code     2  startup_stm32f10x_md.o(.text)
    BusFault_Handler                         0x08000113   Thumb Code     2  startup_stm32f10x_md.o(.text)
    UsageFault_Handler                       0x08000115   Thumb Code     2  startup_stm32f10x_md.o(.text)
    SVC_Handler                              0x08000117   Thumb Code     2  startup_stm32f10x_md.o(.text)
    DebugMon_Handler                         0x08000119   Thumb Code     2  startup_stm32f10x_md.o(.text)
    PendSV_Handler                           0x0800011b   Thumb Code     2  startup_stm32f10x_md.o(.text)
    ADC1_2_IRQHandler                        0x0800011f   Thumb Code     0  startup_stm32f10x_md.o(.text)
    CAN1_RX1_IRQHandler                      0x0800011f   Thumb Code     0  startup_stm32f10x_md.o(.text)
    CAN1_SCE_IRQHandler                      0x0800011f   Thumb Code     0  startup_stm32f10x_md.o(.text)
    DMA1_Channel1_IRQHandler                 0x0800011f   Thumb Code     0  startup_stm32f10x_md.o(.text)
    DMA1_Channel3_IRQHandler                 0x0800011f   Thumb Code     0  startup_stm32f10x_md.o(.text)
    FLASH_IRQHandler                         0x0800011f   Thumb Code     0  startup_stm32f10x_md.o(.text)
    PVD_IRQHandler                           0x0800011f   Thumb Code     0  startup_stm32f10x_md.o(.text)
    RCC_IRQHandler                           0x0800011f   Thumb Code     0  startup_stm32f10x_md.o(.text)
    RTCAlarm_IRQHandler                      0x0800011f   Thumb Code     0  startup_stm32f10x_md.o(.text)
    RTC_IRQHandler                           0x0800011f   Thumb Code     0  startup_stm32f10x_md.o(.text)
    SPI1_IRQHandler                          0x0800011f   Thumb Code     0  startup_stm32f10x_md.o(.text)
    SPI2_IRQHandler                          0x0800011f   Thumb Code     0  startup_stm32f10x_md.o(.text)
    TAMPER_IRQHandler                        0x0800011f   Thumb Code     0  startup_stm32f10x_md.o(.text)
    TIM1_BRK_IRQHandler                      0x0800011f   Thumb Code     0  startup_stm32f10x_md.o(.text)
    TIM1_CC_IRQHandler                       0x0800011f   Thumb Code     0  startup_stm32f10x_md.o(.text)
    TIM1_TRG_COM_IRQHandler                  0x0800011f   Thumb Code     0  startup_stm32f10x_md.o(.text)
    USBWakeUp_IRQHandler                     0x0800011f   Thumb Code     0  startup_stm32f10x_md.o(.text)
    USB_HP_CAN1_TX_IRQHandler                0x0800011f   Thumb Code     0  startup_stm32f10x_md.o(.text)
    USB_LP_CAN1_RX0_IRQHandler               0x0800011f   Thumb Code     0  startup_stm32f10x_md.o(.text)
    WWDG_IRQHandler                          0x0800011f   Thumb Code     0  startup_stm32f10x_md.o(.text)
    __aeabi_memcpy                           0x08000129   Thumb Code    36  memcpya.o(.text)
    __aeabi_memcpy4                          0x08000129   Thumb Code     0  memcpya.o(.text)
    __aeabi_memcpy8                          0x08000129   Thumb Code     0  memcpya.o(.text)
    strstr                                   0x0800014d   Thumb Code    36  strstr.o(.text)
    __cpp_initialize__aeabi_                 0x08000171   Thumb Code    22  cpp_init.o(.text)
    __aeabi_fmul                             0x08000191   Thumb Code   100  fmul.o(.text)
    __aeabi_dadd                             0x080001f5   Thumb Code   322  dadd.o(.text)
    __aeabi_dsub                             0x08000337   Thumb Code     6  dadd.o(.text)
    __aeabi_drsub                            0x0800033d   Thumb Code     6  dadd.o(.text)
    __aeabi_ddiv                             0x08000343   Thumb Code   222  ddiv.o(.text)
    __aeabi_ui2f                             0x08000421   Thumb Code    10  ffltui.o(.text)
    __aeabi_ui2d                             0x0800042b   Thumb Code    26  dfltui.o(.text)
    __aeabi_f2iz                             0x08000445   Thumb Code    50  ffixi.o(.text)
    __aeabi_f2uiz                            0x08000477   Thumb Code    40  ffixui.o(.text)
    __aeabi_f2d                              0x0800049f   Thumb Code    38  f2d.o(.text)
    __aeabi_cdcmpeq                          0x080004c5   Thumb Code     0  cdcmple.o(.text)
    __aeabi_cdcmple                          0x080004c5   Thumb Code    48  cdcmple.o(.text)
    __aeabi_cdrcmple                         0x080004f5   Thumb Code    48  cdrcmple.o(.text)
    __aeabi_llsl                             0x08000525   Thumb Code    30  llshl.o(.text)
    _ll_shift_l                              0x08000525   Thumb Code     0  llshl.o(.text)
    __aeabi_llsr                             0x08000543   Thumb Code    32  llushr.o(.text)
    _ll_ushift_r                             0x08000543   Thumb Code     0  llushr.o(.text)
    __aeabi_lasr                             0x08000563   Thumb Code    36  llsshr.o(.text)
    _ll_sshift_r                             0x08000563   Thumb Code     0  llsshr.o(.text)
    __I$use$fp                               0x08000587   Thumb Code     0  iusefp.o(.text)
    __rt_ddtor_pointer_addr                  0x08000589   Thumb Code     4  cpp_dtor.o(.text)
    __rt_lib_shutdown_cpp_1                  0x08000591   Thumb Code     2  cpp_final.o(.text)
    _float_round                             0x08000593   Thumb Code    18  fepilogue.o(.text)
    _float_epilogue                          0x080005a5   Thumb Code    92  fepilogue.o(.text)
    _double_round                            0x08000601   Thumb Code    30  depilogue.o(.text)
    _double_epilogue                         0x0800061f   Thumb Code   156  depilogue.o(.text)
    __scatterload                            0x080006bd   Thumb Code    28  init.o(.text)
    __scatterload_rt2                        0x080006bd   Thumb Code     0  init.o(.text)
    DMA1_Channel2_IRQHandler                 0x080006e1   Thumb Code    18  interrupt.o(i.DMA1_Channel2_IRQHandler)
    DMA1_Channel4_IRQHandler                 0x080006f9   Thumb Code    18  interrupt.o(i.DMA1_Channel4_IRQHandler)
    DMA1_Channel5_IRQHandler                 0x08000711   Thumb Code     2  interrupt.o(i.DMA1_Channel5_IRQHandler)
    DMA1_Channel6_IRQHandler                 0x08000713   Thumb Code     2  interrupt.o(i.DMA1_Channel6_IRQHandler)
    DMA1_Channel7_IRQHandler                 0x08000715   Thumb Code    18  interrupt.o(i.DMA1_Channel7_IRQHandler)
    DMA_ClearFlag                            0x0800072d   Thumb Code    18  stm32f10x_dma.o(i.DMA_ClearFlag)
    DMA_ClearITPendingBit                    0x08000749   Thumb Code    18  stm32f10x_dma.o(i.DMA_ClearITPendingBit)
    DMA_Cmd                                  0x08000765   Thumb Code    24  stm32f10x_dma.o(i.DMA_Cmd)
    DMA_GetFlagStatus                        0x0800077d   Thumb Code    36  stm32f10x_dma.o(i.DMA_GetFlagStatus)
    DMA_Init                                 0x080007a9   Thumb Code    60  stm32f10x_dma.o(i.DMA_Init)
    EXTI0_IRQHandler                         0x080007e5   Thumb Code    10  interrupt.o(i.EXTI0_IRQHandler)
    EXTI15_10_IRQHandler                     0x080007ef   Thumb Code   112  interrupt.o(i.EXTI15_10_IRQHandler)
    EXTI1_IRQHandler                         0x0800085f   Thumb Code    10  interrupt.o(i.EXTI1_IRQHandler)
    EXTI2_IRQHandler                         0x08000869   Thumb Code    10  interrupt.o(i.EXTI2_IRQHandler)
    EXTI3_IRQHandler                         0x08000873   Thumb Code    10  interrupt.o(i.EXTI3_IRQHandler)
    EXTI4_IRQHandler                         0x0800087d   Thumb Code    10  interrupt.o(i.EXTI4_IRQHandler)
    EXTI9_5_IRQHandler                       0x08000887   Thumb Code    82  interrupt.o(i.EXTI9_5_IRQHandler)
    EXTI_ClearITPendingBit                   0x080008d9   Thumb Code     6  stm32f10x_exti.o(i.EXTI_ClearITPendingBit)
    EXTI_GetITStatus                         0x080008e5   Thumb Code    34  stm32f10x_exti.o(i.EXTI_GetITStatus)
    GPIO_Init                                0x0800090d   Thumb Code   278  stm32f10x_gpio.o(i.GPIO_Init)
    GPIO_PinRemapConfig                      0x08000a25   Thumb Code   138  stm32f10x_gpio.o(i.GPIO_PinRemapConfig)
    GPIO_ReadInputDataBit                    0x08000ab5   Thumb Code    18  stm32f10x_gpio.o(i.GPIO_ReadInputDataBit)
    GPIO_ResetBits                           0x08000ac7   Thumb Code     4  stm32f10x_gpio.o(i.GPIO_ResetBits)
    GPIO_SetBits                             0x08000acb   Thumb Code     4  stm32f10x_gpio.o(i.GPIO_SetBits)
    I2C1_ER_IRQHandler                       0x08000acf   Thumb Code     2  interrupt.o(i.I2C1_ER_IRQHandler)
    I2C1_EV_IRQHandler                       0x08000ad1   Thumb Code     2  interrupt.o(i.I2C1_EV_IRQHandler)
    I2C2_ER_IRQHandler                       0x08000ad3   Thumb Code     2  interrupt.o(i.I2C2_ER_IRQHandler)
    I2C2_EV_IRQHandler                       0x08000ad5   Thumb Code     2  interrupt.o(i.I2C2_EV_IRQHandler)
    NVIC_Init                                0x08000ad9   Thumb Code   100  misc.o(i.NVIC_Init)
    NVIC_PriorityGroupConfig                 0x08000b49   Thumb Code    10  misc.o(i.NVIC_PriorityGroupConfig)
    RCC_AHBPeriphClockCmd                    0x08000b5d   Thumb Code    26  stm32f10x_rcc.o(i.RCC_AHBPeriphClockCmd)
    RCC_APB1PeriphClockCmd                   0x08000b7d   Thumb Code    26  stm32f10x_rcc.o(i.RCC_APB1PeriphClockCmd)
    RCC_APB2PeriphClockCmd                   0x08000b9d   Thumb Code    26  stm32f10x_rcc.o(i.RCC_APB2PeriphClockCmd)
    RCC_GetClocksFreq                        0x08000bbd   Thumb Code   192  stm32f10x_rcc.o(i.RCC_GetClocksFreq)
    SysTick_Handler                          0x08000d79   Thumb Code    20  taskmanager.o(i.SysTick_Handler)
    SystemInit                               0x08000d99   Thumb Code    78  system_stm32f10x.o(i.SystemInit)
    TIM1_UP_IRQHandler                       0x08000df9   Thumb Code     2  interrupt.o(i.TIM1_UP_IRQHandler)
    TIM2_IRQHandler                          0x08000dfb   Thumb Code     2  interrupt.o(i.TIM2_IRQHandler)
    TIM3_IRQHandler                          0x08000dfd   Thumb Code     2  interrupt.o(i.TIM3_IRQHandler)
    TIM4_IRQHandler                          0x08000dff   Thumb Code     2  interrupt.o(i.TIM4_IRQHandler)
    USART1_IRQHandler                        0x08000e01   Thumb Code    12  interrupt.o(i.USART1_IRQHandler)
    USART2_IRQHandler                        0x08000e11   Thumb Code    12  interrupt.o(i.USART2_IRQHandler)
    USART3_IRQHandler                        0x08000e21   Thumb Code    12  interrupt.o(i.USART3_IRQHandler)
    USART_ClearITPendingBit                  0x08000e31   Thumb Code    30  stm32f10x_usart.o(i.USART_ClearITPendingBit)
    USART_Cmd                                0x08000e4f   Thumb Code    24  stm32f10x_usart.o(i.USART_Cmd)
    USART_DMACmd                             0x08000e67   Thumb Code    18  stm32f10x_usart.o(i.USART_DMACmd)
    USART_GetFlagStatus                      0x08000e79   Thumb Code    26  stm32f10x_usart.o(i.USART_GetFlagStatus)
    USART_GetITStatus                        0x08000e93   Thumb Code    84  stm32f10x_usart.o(i.USART_GetITStatus)
    USART_ITConfig                           0x08000ee7   Thumb Code    74  stm32f10x_usart.o(i.USART_ITConfig)
    USART_Init                               0x08000f31   Thumb Code   210  stm32f10x_usart.o(i.USART_Init)
    USART_ReceiveData                        0x08001009   Thumb Code    10  stm32f10x_usart.o(i.USART_ReceiveData)
    USART_SendData                           0x08001013   Thumb Code     8  stm32f10x_usart.o(i.USART_SendData)
    TaskManager::Time()                      0x0800101d   Thumb Code   110  taskmanager.o(i._ZN11TaskManager4TimeEv)
    TaskManager::DelayS(unsigned short)      0x080010ad   Thumb Code    54  taskmanager.o(i._ZN11TaskManager6DelaySEt)
    TaskManager::DelayMs(unsigned short)     0x080010e5   Thumb Code    64  taskmanager.o(i._ZN11TaskManager7DelayMsEt)
    TaskManager::TimeSlice(double&, double)  0x08001129   Thumb Code    62  taskmanager.o(i._ZN11TaskManager9TimeSliceERdd)
    TaskManager::TaskManager()               0x08001169   Thumb Code    32  taskmanager.o(i._ZN11TaskManagerC1Ev)
    TaskManager::TaskManager__sub_object()   0x08001169   Thumb Code     0  taskmanager.o(i._ZN11TaskManagerC1Ev)
    Communication::Calibration(unsigned char*, int, unsigned char) 0x0800118d   Thumb Code    34  communication.o(i._ZN13Communication11CalibrationEPhih)
    Communication::ToServerPack(unsigned char, float, unsigned short, float) 0x080011b1   Thumb Code   126  communication.o(i._ZN13Communication12ToServerPackEhftf)
    Communication::DataListening(USART&)     0x08001235   Thumb Code   200  communication.o(i._ZN13Communication13DataListeningER5USART)
    Communication::AckPacket(unsigned char)  0x080012fd   Thumb Code    56  communication.o(i._ZN13Communication9AckPacketEh)
    Communication::Communication()           0x08001335   Thumb Code    10  communication.o(i._ZN13CommunicationC1Ev)
    Communication::Communication__sub_object() 0x08001335   Thumb Code     0  communication.o(i._ZN13CommunicationC1Ev)
    LED::On()                                0x0800133f   Thumb Code    14  led.o(i._ZN3LED2OnEv)
    LED::Off()                               0x0800134d   Thumb Code    18  led.o(i._ZN3LED3OffEv)
    LED::Blink(unsigned short, float, bool)  0x08001361   Thumb Code   160  led.o(i._ZN3LED5BlinkEtfb)
    LED::Toggle()                            0x08001409   Thumb Code    32  led.o(i._ZN3LED6ToggleEv)
    LED::LED(GPIO&, bool)                    0x08001429   Thumb Code    32  led.o(i._ZN3LEDC1ER4GPIOb)
    LED::LED__sub_object(GPIO&, bool)        0x08001429   Thumb Code     0  led.o(i._ZN3LEDC1ER4GPIOb)
    GPIO::RCC_Configuration()                0x08001449   Thumb Code   130  gpio.o(i._ZN4GPIO17RCC_ConfigurationEv)
    GPIO::GetLevel()                         0x080014e9   Thumb Code    28  gpio.o(i._ZN4GPIO8GetLevelEv)
    GPIO::SetLevel(unsigned char)            0x08001509   Thumb Code    42  gpio.o(i._ZN4GPIO8SetLevelEh)
    GPIO::GPIO(GPIO_TypeDef*, unsigned short, GPIOMode_TypeDef, GPIOSpeed_TypeDef) 0x08001539   Thumb Code    64  gpio.o(i._ZN4GPIOC1EP12GPIO_TypeDeft16GPIOMode_TypeDef17GPIOSpeed_TypeDef)
    GPIO::GPIO__sub_object(GPIO_TypeDef*, unsigned short, GPIOMode_TypeDef, GPIOSpeed_TypeDef) 0x08001539   Thumb Code     0  gpio.o(i._ZN4GPIOC1EP12GPIO_TypeDeft16GPIOMode_TypeDef17GPIOSpeed_TypeDef)
    MHZ14::GetFloatData()                    0x0800157d   Thumb Code    12  mhz14.o(i._ZN5MHZ1412GetFloatDataEv)
    MHZ14::Updata()                          0x08001589   Thumb Code   126  mhz14.o(i._ZN5MHZ146UpdataEv)
    MHZ14::SumCheck(unsigned char*)          0x08001607   Thumb Code    46  mhz14.o(i._ZN5MHZ148SumCheckEPh)
    MHZ14::MHZ14(USART&, double)             0x08001635   Thumb Code    38  mhz14.o(i._ZN5MHZ14C1ER5USARTd)
    MHZ14::MHZ14__sub_object(USART&, double) 0x08001635   Thumb Code     0  mhz14.o(i._ZN5MHZ14C1ER5USARTd)
    USART::GetReceivedData(unsigned char*, unsigned short) 0x0800165b   Thumb Code    40  usart.o(i._ZN5USART15GetReceivedDataEPht)
    USART::ReceiveBufferSize()               0x08001683   Thumb Code    14  usart.o(i._ZN5USART17ReceiveBufferSizeEv)
    USART::ClearReceiveBuffer()              0x08001691   Thumb Code    14  usart.o(i._ZN5USART18ClearReceiveBufferEv)
    USART::Irq()                             0x080016a1   Thumb Code   208  usart.o(i._ZN5USART3IrqEv)
    USART::DmaIrq()                          0x08001779   Thumb Code   136  usart.o(i._ZN5USART6DmaIrqEv)
    USART::SendData(unsigned char*, unsigned) 0x08001801   Thumb Code   212  usart.o(i._ZN5USART8SendDataEPhj)
    USART::USART(unsigned char, unsigned, bool, unsigned char, unsigned char, unsigned char, unsigned char, unsigned char, unsigned short, unsigned short, unsigned short) 0x080018d9   Thumb Code   908  usart.o(i._ZN5USARTC1Ehjbhhhhhttt)
    USART::USART__sub_object(unsigned char, unsigned, bool, unsigned char, unsigned char, unsigned char, unsigned char, unsigned char, unsigned short, unsigned short, unsigned short) 0x080018d9   Thumb Code     0  usart.o(i._ZN5USARTC1Ehjbhhhhhttt)
    USART::~USART()                          0x08001c95   Thumb Code     2  usart.o(i._ZN5USARTD1Ev)
    USART::~USART__sub_object()              0x08001c95   Thumb Code     0  usart.o(i._ZN5USARTD1Ev)
    USART::operator <<(const char*)          0x08001c97   Thumb Code    36  usart.o(i._ZN5USARTlsEPKc)
    USART::operator <<(int)                  0x08001cbb   Thumb Code    94  usart.o(i._ZN5USARTlsEi)
    esp8266::ClearBuffer()                   0x08001d19   Thumb Code    24  esp8266.o(i._ZN7esp826611ClearBufferEv)
    esp8266::ReceiveAndWait(const char*, const char*, unsigned char) 0x08001d31   Thumb Code   170  esp8266.o(i._ZN7esp826614ReceiveAndWaitEPKcS1_h)
    esp8266::ReceiveAndWait(const char*, unsigned char) 0x08001ddb   Thumb Code   168  esp8266.o(i._ZN7esp826614ReceiveAndWaitEPKch)
    esp8266::CreateConnectMode(char*, short, signed char) 0x08001e85   Thumb Code   178  esp8266.o(i._ZN7esp826617CreateConnectModeEPcsa)
    esp8266::ConnectNetwork_client(char*, char*, char*, short) 0x08001f75   Thumb Code    90  esp8266.o(i._ZN7esp826621ConnectNetwork_clientEPcS0_S0_s)
    esp8266::Send(int, unsigned char*)       0x08001fd1   Thumb Code    54  esp8266.o(i._ZN7esp82664SendEiPh)
    esp8266::kick()                          0x08002019   Thumb Code    24  esp8266.o(i._ZN7esp82664kickEv)
    esp8266::JoinAP(char*, char*)            0x0800203d   Thumb Code    98  esp8266.o(i._ZN7esp82666JoinAPEPcS0_)
    esp8266::SetMode(int)                    0x080020c5   Thumb Code    68  esp8266.o(i._ZN7esp82667SetModeEi)
    esp8266::restart()                       0x08002125   Thumb Code    24  esp8266.o(i._ZN7esp82667restartEv)
    esp8266::RecvFind(const char*, const char*, unsigned char) 0x0800214d   Thumb Code    36  esp8266.o(i._ZN7esp82668RecvFindEPKcS1_h)
    esp8266::RecvFind(const char*, unsigned char) 0x08002171   Thumb Code    28  esp8266.o(i._ZN7esp82668RecvFindEPKch)
    esp8266::esp8266(USART&)                 0x0800218d   Thumb Code     4  esp8266.o(i._ZN7esp8266C1ER5USART)
    esp8266::esp8266__sub_object(USART&)     0x0800218d   Thumb Code     0  esp8266.o(i._ZN7esp8266C1ER5USART)
    std::strstr(char*, const char*)          0x08002191   Thumb Code    16  esp8266.o(i._ZSt6strstrPcPKc)
    __aeabi_atexit                           0x080021a1   Thumb Code    50  aeabi_atexit.o(i.__aeabi_atexit)
    __cxa_finalize                           0x080021d3   Thumb Code    66  cxa_finalize.o(i.__cxa_finalize)
    __scatterload_copy                       0x08002215   Thumb Code    14  handlers.o(i.__scatterload_copy)
    __scatterload_null                       0x08002223   Thumb Code     2  handlers.o(i.__scatterload_null)
    __scatterload_zeroinit                   0x08002225   Thumb Code    14  handlers.o(i.__scatterload_zeroinit)
    free                                     0x08002315   Thumb Code    76  malloc.o(i.free)
    main                                     0x08002365   Thumb Code   252  main.o(i.main)
    malloc                                   0x080024c1   Thumb Code    92  malloc.o(i.malloc)
    FIFOBuffer<unsigned char, (unsigned short)256>::Get(unsigned char&) 0x0800252d   Thumb Code    52  usart.o(t._ZN10FIFOBufferIhLt256EE3GetERh)
    FIFOBuffer<unsigned char, (unsigned short)256>::Put(const unsigned char&) 0x08002561   Thumb Code    68  usart.o(t._ZN10FIFOBufferIhLt256EE3PutERKh)
    FIFOBuffer<unsigned char, (unsigned short)256>::Gets(unsigned char*, unsigned short) 0x080025a5   Thumb Code    68  usart.o(t._ZN10FIFOBufferIhLt256EE4GetsEPht)
    FIFOBuffer<unsigned char, (unsigned short)256>::Puts(unsigned char*, unsigned short) 0x080025e9   Thumb Code    82  usart.o(t._ZN10FIFOBufferIhLt256EE4PutsEPht)
    FIFOBuffer<unsigned char, (unsigned short)256>::Size() 0x0800263b   Thumb Code    28  usart.o(t._ZN10FIFOBufferIhLt256EE4SizeEv)
    FIFOBuffer<unsigned char, (unsigned short)256>::Clear() 0x08002657   Thumb Code    12  usart.o(t._ZN10FIFOBufferIhLt256EE5ClearEv)
    FIFOBuffer<unsigned char, (unsigned short)256>::FIFOBuffer() 0x08002663   Thumb Code    12  usart.o(t._ZN10FIFOBufferIhLt256EEC1Ev)
    FIFOBuffer<unsigned char, (unsigned short)256>::FIFOBuffer__sub_object() 0x08002663   Thumb Code     0  usart.o(t._ZN10FIFOBufferIhLt256EEC1Ev)
    GPIO::mPin                               0x0800266e   Data          32  gpio.o(.constdata)
    Region$$Table$$Base                      0x08002690   Number         0  anon$$obj.o(Region$$Table)
    Region$$Table$$Limit                     0x080026b0   Number         0  anon$$obj.o(Region$$Table)
    SHT$$INIT_ARRAY$$Base                    0x080026b0   Number         0  taskmanager.o(.init_array)
    SHT$$INIT_ARRAY$$Limit                   0x080026b8   Number         0  cpp_init.o(.init_array)
    pUSART1                                  0x20000000   Data           4  interrupt.o(.data)
    pUSART2                                  0x20000004   Data           4  interrupt.o(.data)
    pUSART3                                  0x20000008   Data           4  interrupt.o(.data)
    tskmgr                                   0x20000010   Data           1  taskmanager.o(.data)
    TaskManager::_new_time                   0x20000018   Data           8  taskmanager.o(.data)
    TaskManager::_old_time                   0x20000020   Data           8  taskmanager.o(.data)
    TaskManager::_it_time                    0x20000028   Data           8  taskmanager.o(.data)
    ledRed                                   0x20000048   Data           8  main.o(.data)
    __microlib_freelist                      0x20000068   Data           4  mvars.o(.data)
    __microlib_freelist_initialised          0x2000006c   Data           4  mvars.o(.data)
    senser                                   0x20000070   Data         588  main.o(.bss)
    WIFI                                     0x200002bc   Data         588  main.o(.bss)
    wifi                                     0x20000508   Data        1008  main.o(.bss)
    RcvAndPacket                             0x200008f8   Data          19  main.o(.bss)
    ledRedGPIO                               0x2000090c   Data          12  main.o(.bss)
    CO2                                      0x20000918   Data          32  main.o(.bss)
    __heap_base                              0x20000938   Data           0  startup_stm32f10x_md.o(HEAP)
    __heap_limit                             0x20000b38   Data           0  startup_stm32f10x_md.o(HEAP)
    __initial_sp                             0x20000f38   Data           0  startup_stm32f10x_md.o(STACK)



==============================================================================

Memory Map of the image

  Image Entry point : 0x080000ed

  Load Region LR_IROM1 (Base: 0x08000000, Size: 0x00002728, Max: 0x00010000, ABSOLUTE)

    Execution Region ER_IROM1 (Base: 0x08000000, Size: 0x000026b8, Max: 0x00010000, ABSOLUTE)

    Base Addr    Size         Type   Attr      Idx    E Section Name        Object

    0x08000000   0x000000ec   Data   RO         3699    RESET               startup_stm32f10x_md.o
    0x080000ec   0x00000000   Code   RO         3759  * .ARM.Collect$$$$00000000  mc_w.l(entry.o)
    0x080000ec   0x00000004   Code   RO         3810    .ARM.Collect$$$$00000001  mc_w.l(entry2.o)
    0x080000f0   0x00000004   Code   RO         3813    .ARM.Collect$$$$00000004  mc_w.l(entry5.o)
    0x080000f4   0x00000000   Code   RO         3815    .ARM.Collect$$$$00000008  mc_w.l(entry7b.o)
    0x080000f4   0x00000004   Code   RO         3816    .ARM.Collect$$$$00000009  mc_w.l(entry8a.o)
    0x080000f8   0x00000000   Code   RO         3817    .ARM.Collect$$$$0000000A  mc_w.l(entry8b.o)
    0x080000f8   0x00000008   Code   RO         3818    .ARM.Collect$$$$0000000B  mc_w.l(entry9a.o)
    0x08000100   0x00000000   Code   RO         3820    .ARM.Collect$$$$0000000D  mc_w.l(entry10a.o)
    0x08000100   0x00000000   Code   RO         3822    .ARM.Collect$$$$0000000F  mc_w.l(entry11a.o)
    0x08000100   0x00000004   Code   RO         3811    .ARM.Collect$$$$00002712  mc_w.l(entry2.o)
    0x08000104   0x00000024   Code   RO         3700    .text               startup_stm32f10x_md.o
    0x08000128   0x00000024   Code   RO         3762    .text               mc_w.l(memcpya.o)
    0x0800014c   0x00000024   Code   RO         3764    .text               mc_w.l(strstr.o)
    0x08000170   0x00000020   Code   RO         3775    .text               mc_w.l(cpp_init.o)
    0x08000190   0x00000064   Code   RO         3779    .text               mf_w.l(fmul.o)
    0x080001f4   0x0000014e   Code   RO         3783    .text               mf_w.l(dadd.o)
    0x08000342   0x000000de   Code   RO         3787    .text               mf_w.l(ddiv.o)
    0x08000420   0x0000000a   Code   RO         3789    .text               mf_w.l(ffltui.o)
    0x0800042a   0x0000001a   Code   RO         3791    .text               mf_w.l(dfltui.o)
    0x08000444   0x00000032   Code   RO         3793    .text               mf_w.l(ffixi.o)
    0x08000476   0x00000028   Code   RO         3795    .text               mf_w.l(ffixui.o)
    0x0800049e   0x00000026   Code   RO         3799    .text               mf_w.l(f2d.o)
    0x080004c4   0x00000030   Code   RO         3801    .text               mf_w.l(cdcmple.o)
    0x080004f4   0x00000030   Code   RO         3803    .text               mf_w.l(cdrcmple.o)
    0x08000524   0x0000001e   Code   RO         3824    .text               mc_w.l(llshl.o)
    0x08000542   0x00000020   Code   RO         3826    .text               mc_w.l(llushr.o)
    0x08000562   0x00000024   Code   RO         3828    .text               mc_w.l(llsshr.o)
    0x08000586   0x00000000   Code   RO         3858    .text               mc_w.l(iusefp.o)
    0x08000586   0x00000002   PAD
    0x08000588   0x00000008   Code   RO         3859    .text               mc_w.l(cpp_dtor.o)
    0x08000590   0x00000002   Code   RO         3862    .text               mc_w.l(cpp_final.o)
    0x08000592   0x0000006e   Code   RO         3864    .text               mf_w.l(fepilogue.o)
    0x08000600   0x000000ba   Code   RO         3866    .text               mf_w.l(depilogue.o)
    0x080006ba   0x00000002   PAD
    0x080006bc   0x00000024   Code   RO         3868    .text               mc_w.l(init.o)
    0x080006e0   0x00000018   Code   RO          580    i.DMA1_Channel2_IRQHandler  interrupt.o
    0x080006f8   0x00000018   Code   RO          581    i.DMA1_Channel4_IRQHandler  interrupt.o
    0x08000710   0x00000002   Code   RO          582    i.DMA1_Channel5_IRQHandler  interrupt.o
    0x08000712   0x00000002   Code   RO          583    i.DMA1_Channel6_IRQHandler  interrupt.o
    0x08000714   0x00000018   Code   RO          584    i.DMA1_Channel7_IRQHandler  interrupt.o
    0x0800072c   0x0000001c   Code   RO         2010    i.DMA_ClearFlag     stm32f10x_dma.o
    0x08000748   0x0000001c   Code   RO         2011    i.DMA_ClearITPendingBit  stm32f10x_dma.o
    0x08000764   0x00000018   Code   RO         2012    i.DMA_Cmd           stm32f10x_dma.o
    0x0800077c   0x0000002c   Code   RO         2015    i.DMA_GetFlagStatus  stm32f10x_dma.o
    0x080007a8   0x0000003c   Code   RO         2018    i.DMA_Init          stm32f10x_dma.o
    0x080007e4   0x0000000a   Code   RO          585    i.EXTI0_IRQHandler  interrupt.o
    0x080007ee   0x00000070   Code   RO          586    i.EXTI15_10_IRQHandler  interrupt.o
    0x0800085e   0x0000000a   Code   RO          587    i.EXTI1_IRQHandler  interrupt.o
    0x08000868   0x0000000a   Code   RO          588    i.EXTI2_IRQHandler  interrupt.o
    0x08000872   0x0000000a   Code   RO          589    i.EXTI3_IRQHandler  interrupt.o
    0x0800087c   0x0000000a   Code   RO          590    i.EXTI4_IRQHandler  interrupt.o
    0x08000886   0x00000052   Code   RO          591    i.EXTI9_5_IRQHandler  interrupt.o
    0x080008d8   0x0000000c   Code   RO         2095    i.EXTI_ClearITPendingBit  stm32f10x_exti.o
    0x080008e4   0x00000028   Code   RO         2099    i.EXTI_GetITStatus  stm32f10x_exti.o
    0x0800090c   0x00000116   Code   RO         2352    i.GPIO_Init         stm32f10x_gpio.o
    0x08000a22   0x00000002   PAD
    0x08000a24   0x00000090   Code   RO         2354    i.GPIO_PinRemapConfig  stm32f10x_gpio.o
    0x08000ab4   0x00000012   Code   RO         2356    i.GPIO_ReadInputDataBit  stm32f10x_gpio.o
    0x08000ac6   0x00000004   Code   RO         2359    i.GPIO_ResetBits    stm32f10x_gpio.o
    0x08000aca   0x00000004   Code   RO         2360    i.GPIO_SetBits      stm32f10x_gpio.o
    0x08000ace   0x00000002   Code   RO          592    i.I2C1_ER_IRQHandler  interrupt.o
    0x08000ad0   0x00000002   Code   RO          593    i.I2C1_EV_IRQHandler  interrupt.o
    0x08000ad2   0x00000002   Code   RO          594    i.I2C2_ER_IRQHandler  interrupt.o
    0x08000ad4   0x00000002   Code   RO          595    i.I2C2_EV_IRQHandler  interrupt.o
    0x08000ad6   0x00000002   PAD
    0x08000ad8   0x00000070   Code   RO         1671    i.NVIC_Init         misc.o
    0x08000b48   0x00000014   Code   RO         1672    i.NVIC_PriorityGroupConfig  misc.o
    0x08000b5c   0x00000020   Code   RO         2689    i.RCC_AHBPeriphClockCmd  stm32f10x_rcc.o
    0x08000b7c   0x00000020   Code   RO         2690    i.RCC_APB1PeriphClockCmd  stm32f10x_rcc.o
    0x08000b9c   0x00000020   Code   RO         2692    i.RCC_APB2PeriphClockCmd  stm32f10x_rcc.o
    0x08000bbc   0x000000d4   Code   RO         2700    i.RCC_GetClocksFreq  stm32f10x_rcc.o
    0x08000c90   0x00000008   Code   RO         3707    i.SetSysClock       system_stm32f10x.o
    0x08000c98   0x000000e0   Code   RO         3708    i.SetSysClockTo72   system_stm32f10x.o
    0x08000d78   0x00000020   Code   RO          810    i.SysTick_Handler   taskmanager.o
    0x08000d98   0x00000060   Code   RO         3710    i.SystemInit        system_stm32f10x.o
    0x08000df8   0x00000002   Code   RO          596    i.TIM1_UP_IRQHandler  interrupt.o
    0x08000dfa   0x00000002   Code   RO          597    i.TIM2_IRQHandler   interrupt.o
    0x08000dfc   0x00000002   Code   RO          598    i.TIM3_IRQHandler   interrupt.o
    0x08000dfe   0x00000002   Code   RO          599    i.TIM4_IRQHandler   interrupt.o
    0x08000e00   0x00000010   Code   RO          600    i.USART1_IRQHandler  interrupt.o
    0x08000e10   0x00000010   Code   RO          601    i.USART2_IRQHandler  interrupt.o
    0x08000e20   0x00000010   Code   RO          602    i.USART3_IRQHandler  interrupt.o
    0x08000e30   0x0000001e   Code   RO         3461    i.USART_ClearITPendingBit  stm32f10x_usart.o
    0x08000e4e   0x00000018   Code   RO         3464    i.USART_Cmd         stm32f10x_usart.o
    0x08000e66   0x00000012   Code   RO         3465    i.USART_DMACmd      stm32f10x_usart.o
    0x08000e78   0x0000001a   Code   RO         3467    i.USART_GetFlagStatus  stm32f10x_usart.o
    0x08000e92   0x00000054   Code   RO         3468    i.USART_GetITStatus  stm32f10x_usart.o
    0x08000ee6   0x0000004a   Code   RO         3470    i.USART_ITConfig    stm32f10x_usart.o
    0x08000f30   0x000000d8   Code   RO         3471    i.USART_Init        stm32f10x_usart.o
    0x08001008   0x0000000a   Code   RO         3478    i.USART_ReceiveData  stm32f10x_usart.o
    0x08001012   0x00000008   Code   RO         3481    i.USART_SendData    stm32f10x_usart.o
    0x0800101a   0x00000002   PAD
    0x0800101c   0x00000090   Code   RO          811    i._ZN11TaskManager4TimeEv  taskmanager.o
    0x080010ac   0x00000036   Code   RO          812    i._ZN11TaskManager6DelaySEt  taskmanager.o
    0x080010e2   0x00000002   PAD
    0x080010e4   0x00000044   Code   RO          813    i._ZN11TaskManager7DelayMsEt  taskmanager.o
    0x08001128   0x0000003e   Code   RO          815    i._ZN11TaskManager9TimeSliceERdd  taskmanager.o
    0x08001166   0x00000002   PAD
    0x08001168   0x00000024   Code   RO          816    i._ZN11TaskManagerC1Ev  taskmanager.o
    0x0800118c   0x00000022   Code   RO         1616    i._ZN13Communication11CalibrationEPhih  communication.o
    0x080011ae   0x00000002   PAD
    0x080011b0   0x00000084   Code   RO         1617    i._ZN13Communication12ToServerPackEhftf  communication.o
    0x08001234   0x000000c8   Code   RO         1618    i._ZN13Communication13DataListeningER5USART  communication.o
    0x080012fc   0x00000038   Code   RO         1619    i._ZN13Communication9AckPacketEh  communication.o
    0x08001334   0x0000000a   Code   RO         1620    i._ZN13CommunicationC1Ev  communication.o
    0x0800133e   0x0000000e   Code   RO         1135    i._ZN3LED2OnEv      led.o
    0x0800134c   0x00000012   Code   RO         1136    i._ZN3LED3OffEv     led.o
    0x0800135e   0x00000002   PAD
    0x08001360   0x000000a8   Code   RO         1137    i._ZN3LED5BlinkEtfb  led.o
    0x08001408   0x00000020   Code   RO         1140    i._ZN3LED6ToggleEv  led.o
    0x08001428   0x00000020   Code   RO         1141    i._ZN3LEDC1ER4GPIOb  led.o
    0x08001448   0x000000a0   Code   RO          340    i._ZN4GPIO17RCC_ConfigurationEv  gpio.o
    0x080014e8   0x00000020   Code   RO          342    i._ZN4GPIO8GetLevelEv  gpio.o
    0x08001508   0x00000030   Code   RO          343    i._ZN4GPIO8SetLevelEh  gpio.o
    0x08001538   0x00000044   Code   RO          344    i._ZN4GPIOC1EP12GPIO_TypeDeft16GPIOMode_TypeDef17GPIOSpeed_TypeDef  gpio.o
    0x0800157c   0x0000000c   Code   RO         1253    i._ZN5MHZ1412GetFloatDataEv  mhz14.o
    0x08001588   0x0000007e   Code   RO         1254    i._ZN5MHZ146UpdataEv  mhz14.o
    0x08001606   0x0000002e   Code   RO         1255    i._ZN5MHZ148SumCheckEPh  mhz14.o
    0x08001634   0x00000026   Code   RO         1256    i._ZN5MHZ14C1ER5USARTd  mhz14.o
    0x0800165a   0x00000028   Code   RO          944    i._ZN5USART15GetReceivedDataEPht  usart.o
    0x08001682   0x0000000e   Code   RO          945    i._ZN5USART17ReceiveBufferSizeEv  usart.o
    0x08001690   0x0000000e   Code   RO          946    i._ZN5USART18ClearReceiveBufferEv  usart.o
    0x0800169e   0x00000002   PAD
    0x080016a0   0x000000d8   Code   RO          947    i._ZN5USART3IrqEv   usart.o
    0x08001778   0x00000088   Code   RO          948    i._ZN5USART6DmaIrqEv  usart.o
    0x08001800   0x000000d8   Code   RO          953    i._ZN5USART8SendDataEPhj  usart.o
    0x080018d8   0x000003bc   Code   RO          954    i._ZN5USARTC1Ehjbhhhhhttt  usart.o
    0x08001c94   0x00000002   Code   RO          955    i._ZN5USARTD1Ev     usart.o
    0x08001c96   0x00000024   Code   RO          956    i._ZN5USARTlsEPKc   usart.o
    0x08001cba   0x0000005e   Code   RO          959    i._ZN5USARTlsEi     usart.o
    0x08001d18   0x00000018   Code   RO         1350    i._ZN7esp826611ClearBufferEv  esp8266.o
    0x08001d30   0x000000aa   Code   RO         1352    i._ZN7esp826614ReceiveAndWaitEPKcS1_h  esp8266.o
    0x08001dda   0x000000a8   Code   RO         1353    i._ZN7esp826614ReceiveAndWaitEPKch  esp8266.o
    0x08001e82   0x00000002   PAD
    0x08001e84   0x000000f0   Code   RO         1355    i._ZN7esp826617CreateConnectModeEPcsa  esp8266.o
    0x08001f74   0x0000005a   Code   RO         1357    i._ZN7esp826621ConnectNetwork_clientEPcS0_S0_s  esp8266.o
    0x08001fce   0x00000002   PAD
    0x08001fd0   0x00000048   Code   RO         1362    i._ZN7esp82664SendEiPh  esp8266.o
    0x08002018   0x00000024   Code   RO         1363    i._ZN7esp82664kickEv  esp8266.o
    0x0800203c   0x00000088   Code   RO         1364    i._ZN7esp82666JoinAPEPcS0_  esp8266.o
    0x080020c4   0x00000060   Code   RO         1366    i._ZN7esp82667SetModeEi  esp8266.o
    0x08002124   0x00000028   Code   RO         1367    i._ZN7esp82667restartEv  esp8266.o
    0x0800214c   0x00000024   Code   RO         1370    i._ZN7esp82668RecvFindEPKcS1_h  esp8266.o
    0x08002170   0x0000001c   Code   RO         1371    i._ZN7esp82668RecvFindEPKch  esp8266.o
    0x0800218c   0x00000004   Code   RO         1373    i._ZN7esp8266C1ER5USART  esp8266.o
    0x08002190   0x00000010   Code   RO         1511    i._ZSt6strstrPcPKc  esp8266.o
    0x080021a0   0x00000032   Code   RO         3756    i.__aeabi_atexit    cpprt_w.l(aeabi_atexit.o)
    0x080021d2   0x00000042   Code   RO         3807    i.__cxa_finalize    cpprt_w.l(cxa_finalize.o)
    0x08002214   0x0000000e   Code   RO         3874    i.__scatterload_copy  mc_w.l(handlers.o)
    0x08002222   0x00000002   Code   RO         3875    i.__scatterload_null  mc_w.l(handlers.o)
    0x08002224   0x0000000e   Code   RO         3876    i.__scatterload_zeroinit  mc_w.l(handlers.o)
    0x08002232   0x00000002   PAD
    0x08002234   0x00000010   Code   RO          817    i.__sti___15_TaskManager_cpp_tskmgr  taskmanager.o
    0x08002244   0x000000d0   Code   RO         1533    i.__sti___8_Main_cpp_senser  main.o
    0x08002314   0x00000050   Code   RO         3830    i.free              mc_w.l(malloc.o)
    0x08002364   0x0000015c   Code   RO         1534    i.main              main.o
    0x080024c0   0x0000006c   Code   RO         3831    i.malloc            mc_w.l(malloc.o)
    0x0800252c   0x00000034   Code   RO         1096    t._ZN10FIFOBufferIhLt256EE3GetERh  usart.o
    0x08002560   0x00000044   Code   RO         1090    t._ZN10FIFOBufferIhLt256EE3PutERKh  usart.o
    0x080025a4   0x00000044   Code   RO         1114    t._ZN10FIFOBufferIhLt256EE4GetsEPht  usart.o
    0x080025e8   0x00000052   Code   RO         1102    t._ZN10FIFOBufferIhLt256EE4PutsEPht  usart.o
    0x0800263a   0x0000001c   Code   RO         1108    t._ZN10FIFOBufferIhLt256EE4SizeEv  usart.o
    0x08002656   0x0000000c   Code   RO         1120    t._ZN10FIFOBufferIhLt256EE5ClearEv  usart.o
    0x08002662   0x0000000c   Code   RO         1084    t._ZN10FIFOBufferIhLt256EEC1Ev  usart.o
    0x0800266e   0x00000020   Data   RO          351    .constdata          gpio.o
    0x0800268e   0x00000002   PAD
    0x08002690   0x00000020   Data   RO         3872    Region$$Table       anon$$obj.o
    0x080026b0   0x00000004   Data   RO          827    .init_array         taskmanager.o
    0x080026b4   0x00000004   Data   RO         1539    .init_array         main.o
    0x080026b8   0x00000000   Data   RO         3773    .init_array         mc_w.l(cpp_init.o)


    Execution Region RW_IRAM1 (Base: 0x20000000, Size: 0x00000f38, Max: 0x00005000, ABSOLUTE)

    Base Addr    Size         Type   Attr      Idx    E Section Name        Object

    0x20000000   0x0000000c   Data   RW          626    .data               interrupt.o
    0x2000000c   0x00000004   PAD
    0x20000010   0x00000020   Data   RW          826    .data               taskmanager.o
    0x20000030   0x00000003   Data   RW          982    .data               usart.o
    0x20000033   0x00000005   PAD
    0x20000038   0x00000010   Data   RW         1149    .data               led.o
    0x20000048   0x00000008   Data   RW         1538    .data               main.o
    0x20000050   0x00000014   Data   RW         2720    .data               stm32f10x_rcc.o
    0x20000064   0x00000004   Data   RW         3860    .data               mc_w.l(cpp_dtor.o)
    0x20000068   0x00000004   Data   RW         3870    .data               mc_w.l(mvars.o)
    0x2000006c   0x00000004   Data   RW         3871    .data               mc_w.l(mvars.o)
    0x20000070   0x000008c8   Zero   RW         1537    .bss                main.o
    0x20000938   0x00000200   Zero   RW         3698    HEAP                startup_stm32f10x_md.o
    0x20000b38   0x00000400   Zero   RW         3697    STACK               startup_stm32f10x_md.o


==============================================================================

Image component sizes


      Code (inc. data)   RO Data    RW Data    ZI Data      Debug   Object Name

         0          0          0          0          0     232552   adc.o
       432          6          0          0          0       4812   communication.o
      1156        174          0          0          0      11909   esp8266.o
       308         44         32          0          0       2900   gpio.o
         0          0          0          0          0       3404   inputcapture_exit.o
       384         30          0         12          0      12407   interrupt.o
       264          8          0         16          0       3908   led.o
       556        144          4          8       2248       2421   main.o
       222          0          0          0          0       3668   mhz14.o
       132         22          0          0          0     243199   misc.o
        36          8        236          0       1536        836   startup_stm32f10x_md.o
       184         28          0          0          0       4601   stm32f10x_dma.o
        52         12          0          0          0       1168   stm32f10x_exti.o
       448          6          0          0          0       4650   stm32f10x_gpio.o
       308         38          0         20          0       5142   stm32f10x_rcc.o
       490          6          0          0          0       7630   stm32f10x_usart.o
       328         28          0          0          0       2069   system_stm32f10x.o
       412         60          4         32          0       4423   taskmanager.o
      2046         60          0          3          0      12144   usart.o

    ----------------------------------------------------------------------
      7778        674        310        100       3784     563843   Object Totals
         0          0         32          0          0          0   (incl. Generated)
        20          0          2          9          0          0   (incl. Padding)

    ----------------------------------------------------------------------

      Code (inc. data)   RO Data    RW Data    ZI Data      Debug   Library Member Name

        50          0          0          0          0         84   aeabi_atexit.o
        66          0          0          0          0         84   cxa_finalize.o
         8          4          0          4          0         68   cpp_dtor.o
         2          0          0          0          0         68   cpp_final.o
        32         10          0          0          0         80   cpp_init.o
         0          0          0          0          0          0   entry.o
         0          0          0          0          0          0   entry10a.o
         0          0          0          0          0          0   entry11a.o
         8          4          0          0          0          0   entry2.o
         4          0          0          0          0          0   entry5.o
         0          0          0          0          0          0   entry7b.o
         4          0          0          0          0          0   entry8a.o
         0          0          0          0          0          0   entry8b.o
         8          4          0          0          0          0   entry9a.o
        30          0          0          0          0          0   handlers.o
        36          8          0          0          0         68   init.o
         0          0          0          0          0          0   iusefp.o
        30          0          0          0          0         68   llshl.o
        36          0          0          0          0         68   llsshr.o
        32          0          0          0          0         68   llushr.o
       188         20          0          0          0        160   malloc.o
        36          0          0          0          0         68   memcpya.o
         0          0          0          8          0          0   mvars.o
        36          0          0          0          0         80   strstr.o
        48          0          0          0          0         68   cdcmple.o
        48          0          0          0          0         68   cdrcmple.o
       334          0          0          0          0        148   dadd.o
       222          0          0          0          0        100   ddiv.o
       186          0          0          0          0        176   depilogue.o
        26          0          0          0          0         76   dfltui.o
        38          0          0          0          0         68   f2d.o
       110          0          0          0          0        168   fepilogue.o
        50          0          0          0          0         68   ffixi.o
        40          0          0          0          0         68   ffixui.o
        10          0          0          0          0         68   ffltui.o
       100          0          0          0          0         76   fmul.o

    ----------------------------------------------------------------------
      1824         50          0         12          0       2116   Library Totals
         6          0          0          0          0          0   (incl. Padding)

    ----------------------------------------------------------------------

      Code (inc. data)   RO Data    RW Data    ZI Data      Debug   Library Name

       116          0          0          0          0        168   cpprt_w.l
       490         50          0         12          0        796   mc_w.l
      1212          0          0          0          0       1152   mf_w.l

    ----------------------------------------------------------------------
      1824         50          0         12          0       2116   Library Totals

    ----------------------------------------------------------------------

==============================================================================


      Code (inc. data)   RO Data    RW Data    ZI Data      Debug   

      9602        724        310        112       3784     559507   Grand Totals
      9602        724        310        112       3784     559507   ELF Image Totals
      9602        724        310        112          0          0   ROM Totals

==============================================================================

    Total RO  Size (Code + RO Data)                 9912 (   9.68kB)
    Total RW  Size (RW Data + ZI Data)              3896 (   3.80kB)
    Total ROM Size (Code + RO Data + RW Data)      10024 (   9.79kB)

==============================================================================

