<!doctype html public "-//w3c//dtd html 4.0 transitional//en">
<html><head>
<title>Static Call Graph - [.\Objects\demo.axf]</title></head>
<body><HR>
<H1>Static Call Graph for image .\Objects\demo.axf</H1><HR>
<BR><P>#&#060CALLGRAPH&#062# ARM Linker, 5050106: Last Updated: Thu Aug 18 09:41:29 2016
<BR><P>
<H3>Maximum Stack Usage =        328 bytes + Unknown(Cycles, Untraceable Function Pointers)</H3><H3>
Call chain for Maximum Stack Depth:</H3>
main &rArr; esp8266::ConnectNetwork_client(char*, char*, char*, short) &rArr; esp8266::CreateConnectMode(char*, short, signed char) &rArr; esp8266::RecvFind(const char*, const char*, unsigned char) &rArr; esp8266::ReceiveAndWait(const char*, const char*, unsigned char) &rArr; TaskManager::Time() &rArr; __aeabi_dsub &rArr; __aeabi_dadd &rArr; _double_epilogue &rArr; _double_round
<P>
<H3>
Mutually Recursive functions
</H3> <LI><a href="#[1]">NMI_Handler</a>&nbsp;&nbsp;&nbsp;&rArr;&nbsp;&nbsp;&nbsp;<a href="#[1]">NMI_Handler</a><BR>
 <LI><a href="#[2]">HardFault_Handler</a>&nbsp;&nbsp;&nbsp;&rArr;&nbsp;&nbsp;&nbsp;<a href="#[2]">HardFault_Handler</a><BR>
 <LI><a href="#[3]">MemManage_Handler</a>&nbsp;&nbsp;&nbsp;&rArr;&nbsp;&nbsp;&nbsp;<a href="#[3]">MemManage_Handler</a><BR>
 <LI><a href="#[4]">BusFault_Handler</a>&nbsp;&nbsp;&nbsp;&rArr;&nbsp;&nbsp;&nbsp;<a href="#[4]">BusFault_Handler</a><BR>
 <LI><a href="#[5]">UsageFault_Handler</a>&nbsp;&nbsp;&nbsp;&rArr;&nbsp;&nbsp;&nbsp;<a href="#[5]">UsageFault_Handler</a><BR>
 <LI><a href="#[6]">SVC_Handler</a>&nbsp;&nbsp;&nbsp;&rArr;&nbsp;&nbsp;&nbsp;<a href="#[6]">SVC_Handler</a><BR>
 <LI><a href="#[7]">DebugMon_Handler</a>&nbsp;&nbsp;&nbsp;&rArr;&nbsp;&nbsp;&nbsp;<a href="#[7]">DebugMon_Handler</a><BR>
 <LI><a href="#[8]">PendSV_Handler</a>&nbsp;&nbsp;&nbsp;&rArr;&nbsp;&nbsp;&nbsp;<a href="#[8]">PendSV_Handler</a><BR>
 <LI><a href="#[1c]">ADC1_2_IRQHandler</a>&nbsp;&nbsp;&nbsp;&rArr;&nbsp;&nbsp;&nbsp;<a href="#[1c]">ADC1_2_IRQHandler</a><BR>
</UL>
<P>
<H3>
Function Pointers
</H3><UL>
 <LI><a href="#[1c]">ADC1_2_IRQHandler</a> from startup_stm32f10x_md.o(.text) referenced from startup_stm32f10x_md.o(RESET)
 <LI><a href="#[4]">BusFault_Handler</a> from startup_stm32f10x_md.o(.text) referenced from startup_stm32f10x_md.o(RESET)
 <LI><a href="#[1f]">CAN1_RX1_IRQHandler</a> from startup_stm32f10x_md.o(.text) referenced from startup_stm32f10x_md.o(RESET)
 <LI><a href="#[20]">CAN1_SCE_IRQHandler</a> from startup_stm32f10x_md.o(.text) referenced from startup_stm32f10x_md.o(RESET)
 <LI><a href="#[15]">DMA1_Channel1_IRQHandler</a> from startup_stm32f10x_md.o(.text) referenced from startup_stm32f10x_md.o(RESET)
 <LI><a href="#[16]">DMA1_Channel2_IRQHandler</a> from interrupt.o(i.DMA1_Channel2_IRQHandler) referenced from startup_stm32f10x_md.o(RESET)
 <LI><a href="#[17]">DMA1_Channel3_IRQHandler</a> from startup_stm32f10x_md.o(.text) referenced from startup_stm32f10x_md.o(RESET)
 <LI><a href="#[18]">DMA1_Channel4_IRQHandler</a> from interrupt.o(i.DMA1_Channel4_IRQHandler) referenced from startup_stm32f10x_md.o(RESET)
 <LI><a href="#[19]">DMA1_Channel5_IRQHandler</a> from startup_stm32f10x_md.o(.text) referenced from startup_stm32f10x_md.o(RESET)
 <LI><a href="#[1a]">DMA1_Channel6_IRQHandler</a> from startup_stm32f10x_md.o(.text) referenced from startup_stm32f10x_md.o(RESET)
 <LI><a href="#[1b]">DMA1_Channel7_IRQHandler</a> from interrupt.o(i.DMA1_Channel7_IRQHandler) referenced from startup_stm32f10x_md.o(RESET)
 <LI><a href="#[7]">DebugMon_Handler</a> from startup_stm32f10x_md.o(.text) referenced from startup_stm32f10x_md.o(RESET)
 <LI><a href="#[10]">EXTI0_IRQHandler</a> from startup_stm32f10x_md.o(.text) referenced from startup_stm32f10x_md.o(RESET)
 <LI><a href="#[32]">EXTI15_10_IRQHandler</a> from startup_stm32f10x_md.o(.text) referenced from startup_stm32f10x_md.o(RESET)
 <LI><a href="#[11]">EXTI1_IRQHandler</a> from startup_stm32f10x_md.o(.text) referenced from startup_stm32f10x_md.o(RESET)
 <LI><a href="#[12]">EXTI2_IRQHandler</a> from startup_stm32f10x_md.o(.text) referenced from startup_stm32f10x_md.o(RESET)
 <LI><a href="#[13]">EXTI3_IRQHandler</a> from startup_stm32f10x_md.o(.text) referenced from startup_stm32f10x_md.o(RESET)
 <LI><a href="#[14]">EXTI4_IRQHandler</a> from startup_stm32f10x_md.o(.text) referenced from startup_stm32f10x_md.o(RESET)
 <LI><a href="#[21]">EXTI9_5_IRQHandler</a> from startup_stm32f10x_md.o(.text) referenced from startup_stm32f10x_md.o(RESET)
 <LI><a href="#[e]">FLASH_IRQHandler</a> from startup_stm32f10x_md.o(.text) referenced from startup_stm32f10x_md.o(RESET)
 <LI><a href="#[2]">HardFault_Handler</a> from startup_stm32f10x_md.o(.text) referenced from startup_stm32f10x_md.o(RESET)
 <LI><a href="#[2a]">I2C1_ER_IRQHandler</a> from startup_stm32f10x_md.o(.text) referenced from startup_stm32f10x_md.o(RESET)
 <LI><a href="#[29]">I2C1_EV_IRQHandler</a> from startup_stm32f10x_md.o(.text) referenced from startup_stm32f10x_md.o(RESET)
 <LI><a href="#[2c]">I2C2_ER_IRQHandler</a> from startup_stm32f10x_md.o(.text) referenced from startup_stm32f10x_md.o(RESET)
 <LI><a href="#[2b]">I2C2_EV_IRQHandler</a> from startup_stm32f10x_md.o(.text) referenced from startup_stm32f10x_md.o(RESET)
 <LI><a href="#[3]">MemManage_Handler</a> from startup_stm32f10x_md.o(.text) referenced from startup_stm32f10x_md.o(RESET)
 <LI><a href="#[1]">NMI_Handler</a> from startup_stm32f10x_md.o(.text) referenced from startup_stm32f10x_md.o(RESET)
 <LI><a href="#[b]">PVD_IRQHandler</a> from startup_stm32f10x_md.o(.text) referenced from startup_stm32f10x_md.o(RESET)
 <LI><a href="#[8]">PendSV_Handler</a> from startup_stm32f10x_md.o(.text) referenced from startup_stm32f10x_md.o(RESET)
 <LI><a href="#[f]">RCC_IRQHandler</a> from startup_stm32f10x_md.o(.text) referenced from startup_stm32f10x_md.o(RESET)
 <LI><a href="#[33]">RTCAlarm_IRQHandler</a> from startup_stm32f10x_md.o(.text) referenced from startup_stm32f10x_md.o(RESET)
 <LI><a href="#[d]">RTC_IRQHandler</a> from startup_stm32f10x_md.o(.text) referenced from startup_stm32f10x_md.o(RESET)
 <LI><a href="#[0]">Reset_Handler</a> from startup_stm32f10x_md.o(.text) referenced from startup_stm32f10x_md.o(RESET)
 <LI><a href="#[2d]">SPI1_IRQHandler</a> from startup_stm32f10x_md.o(.text) referenced from startup_stm32f10x_md.o(RESET)
 <LI><a href="#[2e]">SPI2_IRQHandler</a> from startup_stm32f10x_md.o(.text) referenced from startup_stm32f10x_md.o(RESET)
 <LI><a href="#[6]">SVC_Handler</a> from startup_stm32f10x_md.o(.text) referenced from startup_stm32f10x_md.o(RESET)
 <LI><a href="#[9]">SysTick_Handler</a> from taskmanager.o(i.SysTick_Handler) referenced from startup_stm32f10x_md.o(RESET)
 <LI><a href="#[36]">SystemInit</a> from system_stm32f10x.o(i.SystemInit) referenced from startup_stm32f10x_md.o(.text)
 <LI><a href="#[c]">TAMPER_IRQHandler</a> from startup_stm32f10x_md.o(.text) referenced from startup_stm32f10x_md.o(RESET)
 <LI><a href="#[22]">TIM1_BRK_IRQHandler</a> from startup_stm32f10x_md.o(.text) referenced from startup_stm32f10x_md.o(RESET)
 <LI><a href="#[25]">TIM1_CC_IRQHandler</a> from startup_stm32f10x_md.o(.text) referenced from startup_stm32f10x_md.o(RESET)
 <LI><a href="#[24]">TIM1_TRG_COM_IRQHandler</a> from startup_stm32f10x_md.o(.text) referenced from startup_stm32f10x_md.o(RESET)
 <LI><a href="#[23]">TIM1_UP_IRQHandler</a> from startup_stm32f10x_md.o(.text) referenced from startup_stm32f10x_md.o(RESET)
 <LI><a href="#[26]">TIM2_IRQHandler</a> from startup_stm32f10x_md.o(.text) referenced from startup_stm32f10x_md.o(RESET)
 <LI><a href="#[27]">TIM3_IRQHandler</a> from startup_stm32f10x_md.o(.text) referenced from startup_stm32f10x_md.o(RESET)
 <LI><a href="#[28]">TIM4_IRQHandler</a> from startup_stm32f10x_md.o(.text) referenced from startup_stm32f10x_md.o(RESET)
 <LI><a href="#[2f]">USART1_IRQHandler</a> from interrupt.o(i.USART1_IRQHandler) referenced from startup_stm32f10x_md.o(RESET)
 <LI><a href="#[30]">USART2_IRQHandler</a> from interrupt.o(i.USART2_IRQHandler) referenced from startup_stm32f10x_md.o(RESET)
 <LI><a href="#[31]">USART3_IRQHandler</a> from interrupt.o(i.USART3_IRQHandler) referenced from startup_stm32f10x_md.o(RESET)
 <LI><a href="#[34]">USBWakeUp_IRQHandler</a> from startup_stm32f10x_md.o(.text) referenced from startup_stm32f10x_md.o(RESET)
 <LI><a href="#[1d]">USB_HP_CAN1_TX_IRQHandler</a> from startup_stm32f10x_md.o(.text) referenced from startup_stm32f10x_md.o(RESET)
 <LI><a href="#[1e]">USB_LP_CAN1_RX0_IRQHandler</a> from startup_stm32f10x_md.o(.text) referenced from startup_stm32f10x_md.o(RESET)
 <LI><a href="#[5]">UsageFault_Handler</a> from startup_stm32f10x_md.o(.text) referenced from startup_stm32f10x_md.o(RESET)
 <LI><a href="#[a]">WWDG_IRQHandler</a> from startup_stm32f10x_md.o(.text) referenced from startup_stm32f10x_md.o(RESET)
 <LI><a href="#[39]">HCHO::~HCHO()</a> from hcho.o(i._ZN4HCHOD1Ev) referenced from main.o(i.__sti___8_main_cpp_com)
 <LI><a href="#[38]">USART::~USART()</a> from usart.o(i._ZN5USARTD1Ev) referenced from main.o(i.__sti___8_main_cpp_com)
 <LI><a href="#[37]">__main</a> from entry.o(.ARM.Collect$$$$00000000) referenced from startup_stm32f10x_md.o(.text)
 <LI><a href="#[3c]">__sti___15_TaskManager_cpp_tskmgr</a> from taskmanager.o(i.__sti___15_TaskManager_cpp_tskmgr) referenced from taskmanager.o(.init_array)
 <LI><a href="#[3b]">__sti___16_transmission_cpp_4ab4cfbc</a> from transmission.o(i.__sti___16_transmission_cpp_4ab4cfbc) referenced from transmission.o(.init_array)
 <LI><a href="#[3a]">__sti___8_main_cpp_com</a> from main.o(i.__sti___8_main_cpp_com) referenced from main.o(.init_array)
 <LI><a href="#[35]">main</a> from main.o(i.main) referenced from entry9a.o(.ARM.Collect$$$$0000000B)
</UL>
<P>
<H3>
Global Symbols
</H3>
<P><STRONG><a name="[37]"></a>__main</STRONG> (Thumb, 0 bytes, Stack size unknown bytes, entry.o(.ARM.Collect$$$$00000000))
<BR>[Address Reference Count : 1]<UL><LI> startup_stm32f10x_md.o(.text)
</UL>
<P><STRONG><a name="[bc]"></a>_main_stk</STRONG> (Thumb, 0 bytes, Stack size unknown bytes, entry2.o(.ARM.Collect$$$$00000001))

<P><STRONG><a name="[3e]"></a>_main_scatterload</STRONG> (Thumb, 0 bytes, Stack size unknown bytes, entry5.o(.ARM.Collect$$$$00000004))
<BR><BR>[Calls]<UL><LI><a href="#[3f]">&gt;&gt;</a>&nbsp;&nbsp;&nbsp;__scatterload
</UL>

<P><STRONG><a name="[4f]"></a>__main_after_scatterload</STRONG> (Thumb, 0 bytes, Stack size unknown bytes, entry5.o(.ARM.Collect$$$$00000004))
<BR><BR>[Called By]<UL><LI><a href="#[3f]">&gt;&gt;</a>&nbsp;&nbsp;&nbsp;__scatterload
</UL>

<P><STRONG><a name="[bd]"></a>_main_clock</STRONG> (Thumb, 0 bytes, Stack size unknown bytes, entry7b.o(.ARM.Collect$$$$00000008))

<P><STRONG><a name="[40]"></a>_main_cpp_init$empty</STRONG> (Thumb, 0 bytes, Stack size unknown bytes, entry8a.o(.ARM.Collect$$$$00000009))
<BR><BR>[Stack]<UL><LI>Max Depth = 16 + Unknown Stack Size
<LI>Call Chain = _main_cpp_init$empty &rArr; __cpp_initialize__aeabi_
</UL>
<BR>[Calls]<UL><LI><a href="#[3d]">&gt;&gt;</a>&nbsp;&nbsp;&nbsp;__cpp_initialize__aeabi_
</UL>

<P><STRONG><a name="[be]"></a>_main_cpp_init</STRONG> (Thumb, 0 bytes, Stack size unknown bytes, entry8b.o(.ARM.Collect$$$$0000000A))

<P><STRONG><a name="[bf]"></a>_main_init</STRONG> (Thumb, 0 bytes, Stack size unknown bytes, entry9a.o(.ARM.Collect$$$$0000000B))

<P><STRONG><a name="[c0]"></a>__rt_final_cpp</STRONG> (Thumb, 0 bytes, Stack size unknown bytes, entry10a.o(.ARM.Collect$$$$0000000D))

<P><STRONG><a name="[c1]"></a>__rt_final_exit</STRONG> (Thumb, 0 bytes, Stack size unknown bytes, entry11a.o(.ARM.Collect$$$$0000000F))

<P><STRONG><a name="[0]"></a>Reset_Handler</STRONG> (Thumb, 8 bytes, Stack size 0 bytes, startup_stm32f10x_md.o(.text))
<BR>[Address Reference Count : 1]<UL><LI> startup_stm32f10x_md.o(RESET)
</UL>
<P><STRONG><a name="[1]"></a>NMI_Handler</STRONG> (Thumb, 2 bytes, Stack size 0 bytes, startup_stm32f10x_md.o(.text))
<BR><BR>[Calls]<UL><LI><a href="#[1]">&gt;&gt;</a>&nbsp;&nbsp;&nbsp;NMI_Handler
</UL>
<BR>[Called By]<UL><LI><a href="#[1]">&gt;&gt;</a>&nbsp;&nbsp;&nbsp;NMI_Handler
</UL>
<BR>[Address Reference Count : 1]<UL><LI> startup_stm32f10x_md.o(RESET)
</UL>
<P><STRONG><a name="[2]"></a>HardFault_Handler</STRONG> (Thumb, 2 bytes, Stack size 0 bytes, startup_stm32f10x_md.o(.text))
<BR><BR>[Calls]<UL><LI><a href="#[2]">&gt;&gt;</a>&nbsp;&nbsp;&nbsp;HardFault_Handler
</UL>
<BR>[Called By]<UL><LI><a href="#[2]">&gt;&gt;</a>&nbsp;&nbsp;&nbsp;HardFault_Handler
</UL>
<BR>[Address Reference Count : 1]<UL><LI> startup_stm32f10x_md.o(RESET)
</UL>
<P><STRONG><a name="[3]"></a>MemManage_Handler</STRONG> (Thumb, 2 bytes, Stack size 0 bytes, startup_stm32f10x_md.o(.text))
<BR><BR>[Calls]<UL><LI><a href="#[3]">&gt;&gt;</a>&nbsp;&nbsp;&nbsp;MemManage_Handler
</UL>
<BR>[Called By]<UL><LI><a href="#[3]">&gt;&gt;</a>&nbsp;&nbsp;&nbsp;MemManage_Handler
</UL>
<BR>[Address Reference Count : 1]<UL><LI> startup_stm32f10x_md.o(RESET)
</UL>
<P><STRONG><a name="[4]"></a>BusFault_Handler</STRONG> (Thumb, 2 bytes, Stack size 0 bytes, startup_stm32f10x_md.o(.text))
<BR><BR>[Calls]<UL><LI><a href="#[4]">&gt;&gt;</a>&nbsp;&nbsp;&nbsp;BusFault_Handler
</UL>
<BR>[Called By]<UL><LI><a href="#[4]">&gt;&gt;</a>&nbsp;&nbsp;&nbsp;BusFault_Handler
</UL>
<BR>[Address Reference Count : 1]<UL><LI> startup_stm32f10x_md.o(RESET)
</UL>
<P><STRONG><a name="[5]"></a>UsageFault_Handler</STRONG> (Thumb, 2 bytes, Stack size 0 bytes, startup_stm32f10x_md.o(.text))
<BR><BR>[Calls]<UL><LI><a href="#[5]">&gt;&gt;</a>&nbsp;&nbsp;&nbsp;UsageFault_Handler
</UL>
<BR>[Called By]<UL><LI><a href="#[5]">&gt;&gt;</a>&nbsp;&nbsp;&nbsp;UsageFault_Handler
</UL>
<BR>[Address Reference Count : 1]<UL><LI> startup_stm32f10x_md.o(RESET)
</UL>
<P><STRONG><a name="[6]"></a>SVC_Handler</STRONG> (Thumb, 2 bytes, Stack size 0 bytes, startup_stm32f10x_md.o(.text))
<BR><BR>[Calls]<UL><LI><a href="#[6]">&gt;&gt;</a>&nbsp;&nbsp;&nbsp;SVC_Handler
</UL>
<BR>[Called By]<UL><LI><a href="#[6]">&gt;&gt;</a>&nbsp;&nbsp;&nbsp;SVC_Handler
</UL>
<BR>[Address Reference Count : 1]<UL><LI> startup_stm32f10x_md.o(RESET)
</UL>
<P><STRONG><a name="[7]"></a>DebugMon_Handler</STRONG> (Thumb, 2 bytes, Stack size 0 bytes, startup_stm32f10x_md.o(.text))
<BR><BR>[Calls]<UL><LI><a href="#[7]">&gt;&gt;</a>&nbsp;&nbsp;&nbsp;DebugMon_Handler
</UL>
<BR>[Called By]<UL><LI><a href="#[7]">&gt;&gt;</a>&nbsp;&nbsp;&nbsp;DebugMon_Handler
</UL>
<BR>[Address Reference Count : 1]<UL><LI> startup_stm32f10x_md.o(RESET)
</UL>
<P><STRONG><a name="[8]"></a>PendSV_Handler</STRONG> (Thumb, 2 bytes, Stack size 0 bytes, startup_stm32f10x_md.o(.text))
<BR><BR>[Calls]<UL><LI><a href="#[8]">&gt;&gt;</a>&nbsp;&nbsp;&nbsp;PendSV_Handler
</UL>
<BR>[Called By]<UL><LI><a href="#[8]">&gt;&gt;</a>&nbsp;&nbsp;&nbsp;PendSV_Handler
</UL>
<BR>[Address Reference Count : 1]<UL><LI> startup_stm32f10x_md.o(RESET)
</UL>
<P><STRONG><a name="[1c]"></a>ADC1_2_IRQHandler</STRONG> (Thumb, 0 bytes, Stack size 0 bytes, startup_stm32f10x_md.o(.text))
<BR><BR>[Calls]<UL><LI><a href="#[1c]">&gt;&gt;</a>&nbsp;&nbsp;&nbsp;ADC1_2_IRQHandler
</UL>
<BR>[Called By]<UL><LI><a href="#[1c]">&gt;&gt;</a>&nbsp;&nbsp;&nbsp;ADC1_2_IRQHandler
</UL>
<BR>[Address Reference Count : 1]<UL><LI> startup_stm32f10x_md.o(RESET)
</UL>
<P><STRONG><a name="[1f]"></a>CAN1_RX1_IRQHandler</STRONG> (Thumb, 0 bytes, Stack size 0 bytes, startup_stm32f10x_md.o(.text))
<BR>[Address Reference Count : 1]<UL><LI> startup_stm32f10x_md.o(RESET)
</UL>
<P><STRONG><a name="[20]"></a>CAN1_SCE_IRQHandler</STRONG> (Thumb, 0 bytes, Stack size 0 bytes, startup_stm32f10x_md.o(.text))
<BR>[Address Reference Count : 1]<UL><LI> startup_stm32f10x_md.o(RESET)
</UL>
<P><STRONG><a name="[15]"></a>DMA1_Channel1_IRQHandler</STRONG> (Thumb, 0 bytes, Stack size 0 bytes, startup_stm32f10x_md.o(.text))
<BR>[Address Reference Count : 1]<UL><LI> startup_stm32f10x_md.o(RESET)
</UL>
<P><STRONG><a name="[17]"></a>DMA1_Channel3_IRQHandler</STRONG> (Thumb, 0 bytes, Stack size 0 bytes, startup_stm32f10x_md.o(.text))
<BR>[Address Reference Count : 1]<UL><LI> startup_stm32f10x_md.o(RESET)
</UL>
<P><STRONG><a name="[19]"></a>DMA1_Channel5_IRQHandler</STRONG> (Thumb, 0 bytes, Stack size 0 bytes, startup_stm32f10x_md.o(.text))
<BR>[Address Reference Count : 1]<UL><LI> startup_stm32f10x_md.o(RESET)
</UL>
<P><STRONG><a name="[1a]"></a>DMA1_Channel6_IRQHandler</STRONG> (Thumb, 0 bytes, Stack size 0 bytes, startup_stm32f10x_md.o(.text))
<BR>[Address Reference Count : 1]<UL><LI> startup_stm32f10x_md.o(RESET)
</UL>
<P><STRONG><a name="[10]"></a>EXTI0_IRQHandler</STRONG> (Thumb, 0 bytes, Stack size 0 bytes, startup_stm32f10x_md.o(.text))
<BR>[Address Reference Count : 1]<UL><LI> startup_stm32f10x_md.o(RESET)
</UL>
<P><STRONG><a name="[32]"></a>EXTI15_10_IRQHandler</STRONG> (Thumb, 0 bytes, Stack size 0 bytes, startup_stm32f10x_md.o(.text))
<BR>[Address Reference Count : 1]<UL><LI> startup_stm32f10x_md.o(RESET)
</UL>
<P><STRONG><a name="[11]"></a>EXTI1_IRQHandler</STRONG> (Thumb, 0 bytes, Stack size 0 bytes, startup_stm32f10x_md.o(.text))
<BR>[Address Reference Count : 1]<UL><LI> startup_stm32f10x_md.o(RESET)
</UL>
<P><STRONG><a name="[12]"></a>EXTI2_IRQHandler</STRONG> (Thumb, 0 bytes, Stack size 0 bytes, startup_stm32f10x_md.o(.text))
<BR>[Address Reference Count : 1]<UL><LI> startup_stm32f10x_md.o(RESET)
</UL>
<P><STRONG><a name="[13]"></a>EXTI3_IRQHandler</STRONG> (Thumb, 0 bytes, Stack size 0 bytes, startup_stm32f10x_md.o(.text))
<BR>[Address Reference Count : 1]<UL><LI> startup_stm32f10x_md.o(RESET)
</UL>
<P><STRONG><a name="[14]"></a>EXTI4_IRQHandler</STRONG> (Thumb, 0 bytes, Stack size 0 bytes, startup_stm32f10x_md.o(.text))
<BR>[Address Reference Count : 1]<UL><LI> startup_stm32f10x_md.o(RESET)
</UL>
<P><STRONG><a name="[21]"></a>EXTI9_5_IRQHandler</STRONG> (Thumb, 0 bytes, Stack size 0 bytes, startup_stm32f10x_md.o(.text))
<BR>[Address Reference Count : 1]<UL><LI> startup_stm32f10x_md.o(RESET)
</UL>
<P><STRONG><a name="[e]"></a>FLASH_IRQHandler</STRONG> (Thumb, 0 bytes, Stack size 0 bytes, startup_stm32f10x_md.o(.text))
<BR>[Address Reference Count : 1]<UL><LI> startup_stm32f10x_md.o(RESET)
</UL>
<P><STRONG><a name="[2a]"></a>I2C1_ER_IRQHandler</STRONG> (Thumb, 0 bytes, Stack size 0 bytes, startup_stm32f10x_md.o(.text))
<BR>[Address Reference Count : 1]<UL><LI> startup_stm32f10x_md.o(RESET)
</UL>
<P><STRONG><a name="[29]"></a>I2C1_EV_IRQHandler</STRONG> (Thumb, 0 bytes, Stack size 0 bytes, startup_stm32f10x_md.o(.text))
<BR>[Address Reference Count : 1]<UL><LI> startup_stm32f10x_md.o(RESET)
</UL>
<P><STRONG><a name="[2c]"></a>I2C2_ER_IRQHandler</STRONG> (Thumb, 0 bytes, Stack size 0 bytes, startup_stm32f10x_md.o(.text))
<BR>[Address Reference Count : 1]<UL><LI> startup_stm32f10x_md.o(RESET)
</UL>
<P><STRONG><a name="[2b]"></a>I2C2_EV_IRQHandler</STRONG> (Thumb, 0 bytes, Stack size 0 bytes, startup_stm32f10x_md.o(.text))
<BR>[Address Reference Count : 1]<UL><LI> startup_stm32f10x_md.o(RESET)
</UL>
<P><STRONG><a name="[b]"></a>PVD_IRQHandler</STRONG> (Thumb, 0 bytes, Stack size 0 bytes, startup_stm32f10x_md.o(.text))
<BR>[Address Reference Count : 1]<UL><LI> startup_stm32f10x_md.o(RESET)
</UL>
<P><STRONG><a name="[f]"></a>RCC_IRQHandler</STRONG> (Thumb, 0 bytes, Stack size 0 bytes, startup_stm32f10x_md.o(.text))
<BR>[Address Reference Count : 1]<UL><LI> startup_stm32f10x_md.o(RESET)
</UL>
<P><STRONG><a name="[33]"></a>RTCAlarm_IRQHandler</STRONG> (Thumb, 0 bytes, Stack size 0 bytes, startup_stm32f10x_md.o(.text))
<BR>[Address Reference Count : 1]<UL><LI> startup_stm32f10x_md.o(RESET)
</UL>
<P><STRONG><a name="[d]"></a>RTC_IRQHandler</STRONG> (Thumb, 0 bytes, Stack size 0 bytes, startup_stm32f10x_md.o(.text))
<BR>[Address Reference Count : 1]<UL><LI> startup_stm32f10x_md.o(RESET)
</UL>
<P><STRONG><a name="[2d]"></a>SPI1_IRQHandler</STRONG> (Thumb, 0 bytes, Stack size 0 bytes, startup_stm32f10x_md.o(.text))
<BR>[Address Reference Count : 1]<UL><LI> startup_stm32f10x_md.o(RESET)
</UL>
<P><STRONG><a name="[2e]"></a>SPI2_IRQHandler</STRONG> (Thumb, 0 bytes, Stack size 0 bytes, startup_stm32f10x_md.o(.text))
<BR>[Address Reference Count : 1]<UL><LI> startup_stm32f10x_md.o(RESET)
</UL>
<P><STRONG><a name="[c]"></a>TAMPER_IRQHandler</STRONG> (Thumb, 0 bytes, Stack size 0 bytes, startup_stm32f10x_md.o(.text))
<BR>[Address Reference Count : 1]<UL><LI> startup_stm32f10x_md.o(RESET)
</UL>
<P><STRONG><a name="[22]"></a>TIM1_BRK_IRQHandler</STRONG> (Thumb, 0 bytes, Stack size 0 bytes, startup_stm32f10x_md.o(.text))
<BR>[Address Reference Count : 1]<UL><LI> startup_stm32f10x_md.o(RESET)
</UL>
<P><STRONG><a name="[25]"></a>TIM1_CC_IRQHandler</STRONG> (Thumb, 0 bytes, Stack size 0 bytes, startup_stm32f10x_md.o(.text))
<BR>[Address Reference Count : 1]<UL><LI> startup_stm32f10x_md.o(RESET)
</UL>
<P><STRONG><a name="[24]"></a>TIM1_TRG_COM_IRQHandler</STRONG> (Thumb, 0 bytes, Stack size 0 bytes, startup_stm32f10x_md.o(.text))
<BR>[Address Reference Count : 1]<UL><LI> startup_stm32f10x_md.o(RESET)
</UL>
<P><STRONG><a name="[23]"></a>TIM1_UP_IRQHandler</STRONG> (Thumb, 0 bytes, Stack size 0 bytes, startup_stm32f10x_md.o(.text))
<BR>[Address Reference Count : 1]<UL><LI> startup_stm32f10x_md.o(RESET)
</UL>
<P><STRONG><a name="[26]"></a>TIM2_IRQHandler</STRONG> (Thumb, 0 bytes, Stack size 0 bytes, startup_stm32f10x_md.o(.text))
<BR>[Address Reference Count : 1]<UL><LI> startup_stm32f10x_md.o(RESET)
</UL>
<P><STRONG><a name="[27]"></a>TIM3_IRQHandler</STRONG> (Thumb, 0 bytes, Stack size 0 bytes, startup_stm32f10x_md.o(.text))
<BR>[Address Reference Count : 1]<UL><LI> startup_stm32f10x_md.o(RESET)
</UL>
<P><STRONG><a name="[28]"></a>TIM4_IRQHandler</STRONG> (Thumb, 0 bytes, Stack size 0 bytes, startup_stm32f10x_md.o(.text))
<BR>[Address Reference Count : 1]<UL><LI> startup_stm32f10x_md.o(RESET)
</UL>
<P><STRONG><a name="[34]"></a>USBWakeUp_IRQHandler</STRONG> (Thumb, 0 bytes, Stack size 0 bytes, startup_stm32f10x_md.o(.text))
<BR>[Address Reference Count : 1]<UL><LI> startup_stm32f10x_md.o(RESET)
</UL>
<P><STRONG><a name="[1d]"></a>USB_HP_CAN1_TX_IRQHandler</STRONG> (Thumb, 0 bytes, Stack size 0 bytes, startup_stm32f10x_md.o(.text))
<BR>[Address Reference Count : 1]<UL><LI> startup_stm32f10x_md.o(RESET)
</UL>
<P><STRONG><a name="[1e]"></a>USB_LP_CAN1_RX0_IRQHandler</STRONG> (Thumb, 0 bytes, Stack size 0 bytes, startup_stm32f10x_md.o(.text))
<BR>[Address Reference Count : 1]<UL><LI> startup_stm32f10x_md.o(RESET)
</UL>
<P><STRONG><a name="[a]"></a>WWDG_IRQHandler</STRONG> (Thumb, 0 bytes, Stack size 0 bytes, startup_stm32f10x_md.o(.text))
<BR>[Address Reference Count : 1]<UL><LI> startup_stm32f10x_md.o(RESET)
</UL>
<P><STRONG><a name="[b1]"></a>strstr</STRONG> (Thumb, 36 bytes, Stack size 12 bytes, strstr.o(.text))
<BR><BR>[Stack]<UL><LI>Max Depth = 12<LI>Call Chain = strstr
</UL>
<BR>[Called By]<UL><LI><a href="#[a5]">&gt;&gt;</a>&nbsp;&nbsp;&nbsp;std::strstr(char*, const char*)
</UL>

<P><STRONG><a name="[41]"></a>calloc</STRONG> (Thumb, 28 bytes, Stack size 8 bytes, calloc.o(.text))
<BR><BR>[Stack]<UL><LI>Max Depth = 28<LI>Call Chain = calloc &rArr; malloc
</UL>
<BR>[Calls]<UL><LI><a href="#[42]">&gt;&gt;</a>&nbsp;&nbsp;&nbsp;malloc
</UL>
<BR>[Called By]<UL><LI><a href="#[35]">&gt;&gt;</a>&nbsp;&nbsp;&nbsp;main
</UL>

<P><STRONG><a name="[3d]"></a>__cpp_initialize__aeabi_</STRONG> (Thumb, 22 bytes, Stack size 16 bytes, cpp_init.o(.text))
<BR><BR>[Stack]<UL><LI>Max Depth = 16<LI>Call Chain = __cpp_initialize__aeabi_
</UL>
<BR>[Called By]<UL><LI><a href="#[40]">&gt;&gt;</a>&nbsp;&nbsp;&nbsp;_main_cpp_init$empty
</UL>

<P><STRONG><a name="[7f]"></a>__aeabi_fmul</STRONG> (Thumb, 100 bytes, Stack size 8 bytes, fmul.o(.text))
<BR><BR>[Stack]<UL><LI>Max Depth = 8<LI>Call Chain = __aeabi_fmul
</UL>
<BR>[Called By]<UL><LI><a href="#[7c]">&gt;&gt;</a>&nbsp;&nbsp;&nbsp;HCHO::Updata()
</UL>

<P><STRONG><a name="[43]"></a>__aeabi_dadd</STRONG> (Thumb, 322 bytes, Stack size 48 bytes, dadd.o(.text))
<BR><BR>[Stack]<UL><LI>Max Depth = 88<LI>Call Chain = __aeabi_dadd &rArr; _double_epilogue &rArr; _double_round
</UL>
<BR>[Calls]<UL><LI><a href="#[45]">&gt;&gt;</a>&nbsp;&nbsp;&nbsp;__aeabi_lasr
<LI><a href="#[44]">&gt;&gt;</a>&nbsp;&nbsp;&nbsp;__aeabi_llsl
<LI><a href="#[47]">&gt;&gt;</a>&nbsp;&nbsp;&nbsp;_double_round
<LI><a href="#[46]">&gt;&gt;</a>&nbsp;&nbsp;&nbsp;_double_epilogue
</UL>
<BR>[Called By]<UL><LI><a href="#[48]">&gt;&gt;</a>&nbsp;&nbsp;&nbsp;__aeabi_dsub
<LI><a href="#[64]">&gt;&gt;</a>&nbsp;&nbsp;&nbsp;TaskManager::Time()
<LI><a href="#[9]">&gt;&gt;</a>&nbsp;&nbsp;&nbsp;SysTick_Handler
<LI><a href="#[49]">&gt;&gt;</a>&nbsp;&nbsp;&nbsp;__aeabi_drsub
</UL>

<P><STRONG><a name="[48]"></a>__aeabi_dsub</STRONG> (Thumb, 6 bytes, Stack size 0 bytes, dadd.o(.text))
<BR><BR>[Stack]<UL><LI>Max Depth = 88<LI>Call Chain = __aeabi_dsub &rArr; __aeabi_dadd &rArr; _double_epilogue &rArr; _double_round
</UL>
<BR>[Calls]<UL><LI><a href="#[43]">&gt;&gt;</a>&nbsp;&nbsp;&nbsp;__aeabi_dadd
</UL>
<BR>[Called By]<UL><LI><a href="#[a6]">&gt;&gt;</a>&nbsp;&nbsp;&nbsp;esp8266::ReceiveAndWait(const char*, unsigned char)
<LI><a href="#[a3]">&gt;&gt;</a>&nbsp;&nbsp;&nbsp;esp8266::ReceiveAndWait(const char*, const char*, unsigned char)
<LI><a href="#[68]">&gt;&gt;</a>&nbsp;&nbsp;&nbsp;TaskManager::DelayMs(unsigned short)
<LI><a href="#[69]">&gt;&gt;</a>&nbsp;&nbsp;&nbsp;TaskManager::ClockTool(double&, double)
<LI><a href="#[66]">&gt;&gt;</a>&nbsp;&nbsp;&nbsp;TaskManager::DelayS(unsigned short)
<LI><a href="#[64]">&gt;&gt;</a>&nbsp;&nbsp;&nbsp;TaskManager::Time()
</UL>

<P><STRONG><a name="[49]"></a>__aeabi_drsub</STRONG> (Thumb, 6 bytes, Stack size 0 bytes, dadd.o(.text), UNUSED)
<BR><BR>[Calls]<UL><LI><a href="#[43]">&gt;&gt;</a>&nbsp;&nbsp;&nbsp;__aeabi_dadd
</UL>

<P><STRONG><a name="[4a]"></a>__aeabi_ddiv</STRONG> (Thumb, 222 bytes, Stack size 32 bytes, ddiv.o(.text))
<BR><BR>[Stack]<UL><LI>Max Depth = 40<LI>Call Chain = __aeabi_ddiv &rArr; _double_round
</UL>
<BR>[Calls]<UL><LI><a href="#[47]">&gt;&gt;</a>&nbsp;&nbsp;&nbsp;_double_round
</UL>
<BR>[Called By]<UL><LI><a href="#[68]">&gt;&gt;</a>&nbsp;&nbsp;&nbsp;TaskManager::DelayMs(unsigned short)
<LI><a href="#[7c]">&gt;&gt;</a>&nbsp;&nbsp;&nbsp;HCHO::Updata()
<LI><a href="#[64]">&gt;&gt;</a>&nbsp;&nbsp;&nbsp;TaskManager::Time()
</UL>

<P><STRONG><a name="[4b]"></a>__aeabi_ui2d</STRONG> (Thumb, 26 bytes, Stack size 16 bytes, dfltui.o(.text))
<BR><BR>[Stack]<UL><LI>Max Depth = 56<LI>Call Chain = __aeabi_ui2d &rArr; _double_epilogue &rArr; _double_round
</UL>
<BR>[Calls]<UL><LI><a href="#[46]">&gt;&gt;</a>&nbsp;&nbsp;&nbsp;_double_epilogue
</UL>
<BR>[Called By]<UL><LI><a href="#[a6]">&gt;&gt;</a>&nbsp;&nbsp;&nbsp;esp8266::ReceiveAndWait(const char*, unsigned char)
<LI><a href="#[a3]">&gt;&gt;</a>&nbsp;&nbsp;&nbsp;esp8266::ReceiveAndWait(const char*, const char*, unsigned char)
<LI><a href="#[68]">&gt;&gt;</a>&nbsp;&nbsp;&nbsp;TaskManager::DelayMs(unsigned short)
<LI><a href="#[7c]">&gt;&gt;</a>&nbsp;&nbsp;&nbsp;HCHO::Updata()
<LI><a href="#[66]">&gt;&gt;</a>&nbsp;&nbsp;&nbsp;TaskManager::DelayS(unsigned short)
<LI><a href="#[64]">&gt;&gt;</a>&nbsp;&nbsp;&nbsp;TaskManager::Time()
</UL>

<P><STRONG><a name="[7e]"></a>__aeabi_f2uiz</STRONG> (Thumb, 40 bytes, Stack size 0 bytes, ffixui.o(.text))
<BR><BR>[Called By]<UL><LI><a href="#[7c]">&gt;&gt;</a>&nbsp;&nbsp;&nbsp;HCHO::Updata()
</UL>

<P><STRONG><a name="[c2]"></a>__aeabi_cdcmpeq</STRONG> (Thumb, 0 bytes, Stack size 0 bytes, cdcmple.o(.text), UNUSED)

<P><STRONG><a name="[67]"></a>__aeabi_cdcmple</STRONG> (Thumb, 48 bytes, Stack size 0 bytes, cdcmple.o(.text))
<BR><BR>[Called By]<UL><LI><a href="#[a6]">&gt;&gt;</a>&nbsp;&nbsp;&nbsp;esp8266::ReceiveAndWait(const char*, unsigned char)
<LI><a href="#[a3]">&gt;&gt;</a>&nbsp;&nbsp;&nbsp;esp8266::ReceiveAndWait(const char*, const char*, unsigned char)
<LI><a href="#[68]">&gt;&gt;</a>&nbsp;&nbsp;&nbsp;TaskManager::DelayMs(unsigned short)
<LI><a href="#[66]">&gt;&gt;</a>&nbsp;&nbsp;&nbsp;TaskManager::DelayS(unsigned short)
</UL>

<P><STRONG><a name="[65]"></a>__aeabi_cdrcmple</STRONG> (Thumb, 48 bytes, Stack size 0 bytes, cdrcmple.o(.text))
<BR><BR>[Called By]<UL><LI><a href="#[69]">&gt;&gt;</a>&nbsp;&nbsp;&nbsp;TaskManager::ClockTool(double&, double)
<LI><a href="#[64]">&gt;&gt;</a>&nbsp;&nbsp;&nbsp;TaskManager::Time()
</UL>

<P><STRONG><a name="[4c]"></a>__aeabi_d2f</STRONG> (Thumb, 56 bytes, Stack size 8 bytes, d2f.o(.text))
<BR><BR>[Stack]<UL><LI>Max Depth = 8<LI>Call Chain = __aeabi_d2f
</UL>
<BR>[Calls]<UL><LI><a href="#[4d]">&gt;&gt;</a>&nbsp;&nbsp;&nbsp;_float_round
</UL>
<BR>[Called By]<UL><LI><a href="#[7c]">&gt;&gt;</a>&nbsp;&nbsp;&nbsp;HCHO::Updata()
</UL>

<P><STRONG><a name="[44]"></a>__aeabi_llsl</STRONG> (Thumb, 30 bytes, Stack size 0 bytes, llshl.o(.text))
<BR><BR>[Called By]<UL><LI><a href="#[43]">&gt;&gt;</a>&nbsp;&nbsp;&nbsp;__aeabi_dadd
<LI><a href="#[46]">&gt;&gt;</a>&nbsp;&nbsp;&nbsp;_double_epilogue
</UL>

<P><STRONG><a name="[c3]"></a>_ll_shift_l</STRONG> (Thumb, 0 bytes, Stack size 0 bytes, llshl.o(.text), UNUSED)

<P><STRONG><a name="[4e]"></a>__aeabi_llsr</STRONG> (Thumb, 32 bytes, Stack size 0 bytes, llushr.o(.text))
<BR><BR>[Called By]<UL><LI><a href="#[46]">&gt;&gt;</a>&nbsp;&nbsp;&nbsp;_double_epilogue
</UL>

<P><STRONG><a name="[c4]"></a>_ll_ushift_r</STRONG> (Thumb, 0 bytes, Stack size 0 bytes, llushr.o(.text), UNUSED)

<P><STRONG><a name="[45]"></a>__aeabi_lasr</STRONG> (Thumb, 36 bytes, Stack size 0 bytes, llsshr.o(.text))
<BR><BR>[Called By]<UL><LI><a href="#[43]">&gt;&gt;</a>&nbsp;&nbsp;&nbsp;__aeabi_dadd
</UL>

<P><STRONG><a name="[c5]"></a>_ll_sshift_r</STRONG> (Thumb, 0 bytes, Stack size 0 bytes, llsshr.o(.text), UNUSED)

<P><STRONG><a name="[c6]"></a>__I$use$fp</STRONG> (Thumb, 0 bytes, Stack size unknown bytes, iusefp.o(.text), UNUSED)

<P><STRONG><a name="[b3]"></a>__rt_ddtor_pointer_addr</STRONG> (Thumb, 4 bytes, Stack size 0 bytes, cpp_dtor.o(.text))
<BR><BR>[Called By]<UL><LI><a href="#[b4]">&gt;&gt;</a>&nbsp;&nbsp;&nbsp;__cxa_finalize
<LI><a href="#[b2]">&gt;&gt;</a>&nbsp;&nbsp;&nbsp;__aeabi_atexit
</UL>

<P><STRONG><a name="[c7]"></a>__rt_lib_shutdown_cpp_1</STRONG> (Thumb, 2 bytes, Stack size 0 bytes, cpp_final.o(.text), UNUSED)

<P><STRONG><a name="[4d]"></a>_float_round</STRONG> (Thumb, 18 bytes, Stack size 0 bytes, fepilogue.o(.text))
<BR><BR>[Called By]<UL><LI><a href="#[4c]">&gt;&gt;</a>&nbsp;&nbsp;&nbsp;__aeabi_d2f
</UL>

<P><STRONG><a name="[c8]"></a>_float_epilogue</STRONG> (Thumb, 92 bytes, Stack size 4 bytes, fepilogue.o(.text), UNUSED)

<P><STRONG><a name="[47]"></a>_double_round</STRONG> (Thumb, 30 bytes, Stack size 8 bytes, depilogue.o(.text))
<BR><BR>[Stack]<UL><LI>Max Depth = 8<LI>Call Chain = _double_round
</UL>
<BR>[Called By]<UL><LI><a href="#[4a]">&gt;&gt;</a>&nbsp;&nbsp;&nbsp;__aeabi_ddiv
<LI><a href="#[43]">&gt;&gt;</a>&nbsp;&nbsp;&nbsp;__aeabi_dadd
<LI><a href="#[46]">&gt;&gt;</a>&nbsp;&nbsp;&nbsp;_double_epilogue
</UL>

<P><STRONG><a name="[46]"></a>_double_epilogue</STRONG> (Thumb, 156 bytes, Stack size 32 bytes, depilogue.o(.text))
<BR><BR>[Stack]<UL><LI>Max Depth = 40<LI>Call Chain = _double_epilogue &rArr; _double_round
</UL>
<BR>[Calls]<UL><LI><a href="#[4e]">&gt;&gt;</a>&nbsp;&nbsp;&nbsp;__aeabi_llsr
<LI><a href="#[44]">&gt;&gt;</a>&nbsp;&nbsp;&nbsp;__aeabi_llsl
<LI><a href="#[47]">&gt;&gt;</a>&nbsp;&nbsp;&nbsp;_double_round
</UL>
<BR>[Called By]<UL><LI><a href="#[4b]">&gt;&gt;</a>&nbsp;&nbsp;&nbsp;__aeabi_ui2d
<LI><a href="#[43]">&gt;&gt;</a>&nbsp;&nbsp;&nbsp;__aeabi_dadd
</UL>

<P><STRONG><a name="[3f]"></a>__scatterload</STRONG> (Thumb, 28 bytes, Stack size 0 bytes, init.o(.text))
<BR><BR>[Calls]<UL><LI><a href="#[4f]">&gt;&gt;</a>&nbsp;&nbsp;&nbsp;__main_after_scatterload
</UL>
<BR>[Called By]<UL><LI><a href="#[3e]">&gt;&gt;</a>&nbsp;&nbsp;&nbsp;_main_scatterload
</UL>

<P><STRONG><a name="[c9]"></a>__scatterload_rt2</STRONG> (Thumb, 0 bytes, Stack size 0 bytes, init.o(.text), UNUSED)

<P><STRONG><a name="[16]"></a>DMA1_Channel2_IRQHandler</STRONG> (Thumb, 18 bytes, Stack size 8 bytes, interrupt.o(i.DMA1_Channel2_IRQHandler))
<BR><BR>[Stack]<UL><LI>Max Depth = 36<LI>Call Chain = DMA1_Channel2_IRQHandler &rArr; USART::DmaIrq() &rArr; FIFOBuffer&lang;unsigned char, (unsigned short)50&rang;::Gets(unsigned char*, unsigned short)
</UL>
<BR>[Calls]<UL><LI><a href="#[50]">&gt;&gt;</a>&nbsp;&nbsp;&nbsp;USART::DmaIrq()
</UL>
<BR>[Address Reference Count : 1]<UL><LI> startup_stm32f10x_md.o(RESET)
</UL>
<P><STRONG><a name="[18]"></a>DMA1_Channel4_IRQHandler</STRONG> (Thumb, 18 bytes, Stack size 8 bytes, interrupt.o(i.DMA1_Channel4_IRQHandler))
<BR><BR>[Stack]<UL><LI>Max Depth = 36<LI>Call Chain = DMA1_Channel4_IRQHandler &rArr; USART::DmaIrq() &rArr; FIFOBuffer&lang;unsigned char, (unsigned short)50&rang;::Gets(unsigned char*, unsigned short)
</UL>
<BR>[Calls]<UL><LI><a href="#[50]">&gt;&gt;</a>&nbsp;&nbsp;&nbsp;USART::DmaIrq()
</UL>
<BR>[Address Reference Count : 1]<UL><LI> startup_stm32f10x_md.o(RESET)
</UL>
<P><STRONG><a name="[1b]"></a>DMA1_Channel7_IRQHandler</STRONG> (Thumb, 18 bytes, Stack size 8 bytes, interrupt.o(i.DMA1_Channel7_IRQHandler))
<BR><BR>[Stack]<UL><LI>Max Depth = 36<LI>Call Chain = DMA1_Channel7_IRQHandler &rArr; USART::DmaIrq() &rArr; FIFOBuffer&lang;unsigned char, (unsigned short)50&rang;::Gets(unsigned char*, unsigned short)
</UL>
<BR>[Calls]<UL><LI><a href="#[50]">&gt;&gt;</a>&nbsp;&nbsp;&nbsp;USART::DmaIrq()
</UL>
<BR>[Address Reference Count : 1]<UL><LI> startup_stm32f10x_md.o(RESET)
</UL>
<P><STRONG><a name="[8d]"></a>DMA_ClearFlag</STRONG> (Thumb, 18 bytes, Stack size 0 bytes, stm32f10x_dma.o(i.DMA_ClearFlag))
<BR><BR>[Called By]<UL><LI><a href="#[50]">&gt;&gt;</a>&nbsp;&nbsp;&nbsp;USART::DmaIrq()
</UL>

<P><STRONG><a name="[8c]"></a>DMA_ClearITPendingBit</STRONG> (Thumb, 18 bytes, Stack size 0 bytes, stm32f10x_dma.o(i.DMA_ClearITPendingBit))
<BR><BR>[Called By]<UL><LI><a href="#[50]">&gt;&gt;</a>&nbsp;&nbsp;&nbsp;USART::DmaIrq()
</UL>

<P><STRONG><a name="[8e]"></a>DMA_Cmd</STRONG> (Thumb, 24 bytes, Stack size 0 bytes, stm32f10x_dma.o(i.DMA_Cmd))
<BR><BR>[Called By]<UL><LI><a href="#[50]">&gt;&gt;</a>&nbsp;&nbsp;&nbsp;USART::DmaIrq()
<LI><a href="#[7d]">&gt;&gt;</a>&nbsp;&nbsp;&nbsp;USART::SendData(unsigned char*, unsigned)
<LI><a href="#[91]">&gt;&gt;</a>&nbsp;&nbsp;&nbsp;USART::USART(unsigned char, unsigned, bool, unsigned char, unsigned char, unsigned char, unsigned char, unsigned char, unsigned short, unsigned short, unsigned short)
</UL>

<P><STRONG><a name="[8b]"></a>DMA_GetFlagStatus</STRONG> (Thumb, 36 bytes, Stack size 0 bytes, stm32f10x_dma.o(i.DMA_GetFlagStatus))
<BR><BR>[Called By]<UL><LI><a href="#[50]">&gt;&gt;</a>&nbsp;&nbsp;&nbsp;USART::DmaIrq()
</UL>

<P><STRONG><a name="[98]"></a>DMA_Init</STRONG> (Thumb, 60 bytes, Stack size 8 bytes, stm32f10x_dma.o(i.DMA_Init))
<BR><BR>[Stack]<UL><LI>Max Depth = 8<LI>Call Chain = DMA_Init
</UL>
<BR>[Called By]<UL><LI><a href="#[91]">&gt;&gt;</a>&nbsp;&nbsp;&nbsp;USART::USART(unsigned char, unsigned, bool, unsigned char, unsigned char, unsigned char, unsigned char, unsigned char, unsigned short, unsigned short, unsigned short)
</UL>

<P><STRONG><a name="[9f]"></a>FLASH_ClearFlag</STRONG> (Thumb, 6 bytes, Stack size 0 bytes, stm32f10x_flash.o(i.FLASH_ClearFlag))
<BR><BR>[Called By]<UL><LI><a href="#[60]">&gt;&gt;</a>&nbsp;&nbsp;&nbsp;Memory::Write(unsigned short, unsigned short, unsigned short*, unsigned short)
<LI><a href="#[62]">&gt;&gt;</a>&nbsp;&nbsp;&nbsp;Memory::Write(unsigned short, unsigned short, char*)
<LI><a href="#[5d]">&gt;&gt;</a>&nbsp;&nbsp;&nbsp;Memory::Clear(unsigned short)
</UL>

<P><STRONG><a name="[51]"></a>FLASH_ErasePage</STRONG> (Thumb, 72 bytes, Stack size 12 bytes, stm32f10x_flash.o(i.FLASH_ErasePage))
<BR><BR>[Stack]<UL><LI>Max Depth = 16<LI>Call Chain = FLASH_ErasePage &rArr; FLASH_WaitForLastOperation
</UL>
<BR>[Calls]<UL><LI><a href="#[52]">&gt;&gt;</a>&nbsp;&nbsp;&nbsp;FLASH_WaitForLastOperation
</UL>
<BR>[Called By]<UL><LI><a href="#[60]">&gt;&gt;</a>&nbsp;&nbsp;&nbsp;Memory::Write(unsigned short, unsigned short, unsigned short*, unsigned short)
<LI><a href="#[62]">&gt;&gt;</a>&nbsp;&nbsp;&nbsp;Memory::Write(unsigned short, unsigned short, char*)
<LI><a href="#[5d]">&gt;&gt;</a>&nbsp;&nbsp;&nbsp;Memory::Clear(unsigned short)
</UL>

<P><STRONG><a name="[55]"></a>FLASH_GetBank1Status</STRONG> (Thumb, 48 bytes, Stack size 0 bytes, stm32f10x_flash.o(i.FLASH_GetBank1Status))
<BR><BR>[Called By]<UL><LI><a href="#[52]">&gt;&gt;</a>&nbsp;&nbsp;&nbsp;FLASH_WaitForLastOperation
</UL>

<P><STRONG><a name="[a0]"></a>FLASH_Lock</STRONG> (Thumb, 14 bytes, Stack size 0 bytes, stm32f10x_flash.o(i.FLASH_Lock))
<BR><BR>[Called By]<UL><LI><a href="#[60]">&gt;&gt;</a>&nbsp;&nbsp;&nbsp;Memory::Write(unsigned short, unsigned short, unsigned short*, unsigned short)
<LI><a href="#[62]">&gt;&gt;</a>&nbsp;&nbsp;&nbsp;Memory::Write(unsigned short, unsigned short, char*)
<LI><a href="#[5d]">&gt;&gt;</a>&nbsp;&nbsp;&nbsp;Memory::Clear(unsigned short)
</UL>

<P><STRONG><a name="[53]"></a>FLASH_ProgramHalfWord</STRONG> (Thumb, 60 bytes, Stack size 16 bytes, stm32f10x_flash.o(i.FLASH_ProgramHalfWord))
<BR><BR>[Stack]<UL><LI>Max Depth = 20<LI>Call Chain = FLASH_ProgramHalfWord &rArr; FLASH_WaitForLastOperation
</UL>
<BR>[Calls]<UL><LI><a href="#[52]">&gt;&gt;</a>&nbsp;&nbsp;&nbsp;FLASH_WaitForLastOperation
</UL>
<BR>[Called By]<UL><LI><a href="#[60]">&gt;&gt;</a>&nbsp;&nbsp;&nbsp;Memory::Write(unsigned short, unsigned short, unsigned short*, unsigned short)
<LI><a href="#[62]">&gt;&gt;</a>&nbsp;&nbsp;&nbsp;Memory::Write(unsigned short, unsigned short, char*)
</UL>

<P><STRONG><a name="[54]"></a>FLASH_ProgramWord</STRONG> (Thumb, 102 bytes, Stack size 20 bytes, stm32f10x_flash.o(i.FLASH_ProgramWord))
<BR><BR>[Stack]<UL><LI>Max Depth = 24<LI>Call Chain = FLASH_ProgramWord &rArr; FLASH_WaitForLastOperation
</UL>
<BR>[Calls]<UL><LI><a href="#[52]">&gt;&gt;</a>&nbsp;&nbsp;&nbsp;FLASH_WaitForLastOperation
</UL>
<BR>[Called By]<UL><LI><a href="#[60]">&gt;&gt;</a>&nbsp;&nbsp;&nbsp;Memory::Write(unsigned short, unsigned short, unsigned short*, unsigned short)
</UL>

<P><STRONG><a name="[9e]"></a>FLASH_Unlock</STRONG> (Thumb, 12 bytes, Stack size 0 bytes, stm32f10x_flash.o(i.FLASH_Unlock))
<BR><BR>[Called By]<UL><LI><a href="#[60]">&gt;&gt;</a>&nbsp;&nbsp;&nbsp;Memory::Write(unsigned short, unsigned short, unsigned short*, unsigned short)
<LI><a href="#[62]">&gt;&gt;</a>&nbsp;&nbsp;&nbsp;Memory::Write(unsigned short, unsigned short, char*)
<LI><a href="#[5d]">&gt;&gt;</a>&nbsp;&nbsp;&nbsp;Memory::Clear(unsigned short)
</UL>

<P><STRONG><a name="[52]"></a>FLASH_WaitForLastOperation</STRONG> (Thumb, 38 bytes, Stack size 4 bytes, stm32f10x_flash.o(i.FLASH_WaitForLastOperation))
<BR><BR>[Stack]<UL><LI>Max Depth = 4<LI>Call Chain = FLASH_WaitForLastOperation
</UL>
<BR>[Calls]<UL><LI><a href="#[55]">&gt;&gt;</a>&nbsp;&nbsp;&nbsp;FLASH_GetBank1Status
</UL>
<BR>[Called By]<UL><LI><a href="#[54]">&gt;&gt;</a>&nbsp;&nbsp;&nbsp;FLASH_ProgramWord
<LI><a href="#[53]">&gt;&gt;</a>&nbsp;&nbsp;&nbsp;FLASH_ProgramHalfWord
<LI><a href="#[51]">&gt;&gt;</a>&nbsp;&nbsp;&nbsp;FLASH_ErasePage
</UL>

<P><STRONG><a name="[7b]"></a>GPIO_Init</STRONG> (Thumb, 278 bytes, Stack size 24 bytes, stm32f10x_gpio.o(i.GPIO_Init))
<BR><BR>[Stack]<UL><LI>Max Depth = 24<LI>Call Chain = GPIO_Init
</UL>
<BR>[Called By]<UL><LI><a href="#[91]">&gt;&gt;</a>&nbsp;&nbsp;&nbsp;USART::USART(unsigned char, unsigned, bool, unsigned char, unsigned char, unsigned char, unsigned char, unsigned char, unsigned short, unsigned short, unsigned short)
<LI><a href="#[7a]">&gt;&gt;</a>&nbsp;&nbsp;&nbsp;GPIO::GPIO(GPIO_TypeDef*, unsigned short, GPIOMode_TypeDef, GPIOSpeed_TypeDef)
</UL>

<P><STRONG><a name="[93]"></a>GPIO_PinRemapConfig</STRONG> (Thumb, 138 bytes, Stack size 20 bytes, stm32f10x_gpio.o(i.GPIO_PinRemapConfig))
<BR><BR>[Stack]<UL><LI>Max Depth = 20<LI>Call Chain = GPIO_PinRemapConfig
</UL>
<BR>[Called By]<UL><LI><a href="#[91]">&gt;&gt;</a>&nbsp;&nbsp;&nbsp;USART::USART(unsigned char, unsigned, bool, unsigned char, unsigned char, unsigned char, unsigned char, unsigned char, unsigned short, unsigned short, unsigned short)
</UL>

<P><STRONG><a name="[79]"></a>GPIO_ResetBits</STRONG> (Thumb, 4 bytes, Stack size 0 bytes, stm32f10x_gpio.o(i.GPIO_ResetBits))
<BR><BR>[Called By]<UL><LI><a href="#[77]">&gt;&gt;</a>&nbsp;&nbsp;&nbsp;GPIO::SetLevel(unsigned char)
</UL>

<P><STRONG><a name="[78]"></a>GPIO_SetBits</STRONG> (Thumb, 4 bytes, Stack size 0 bytes, stm32f10x_gpio.o(i.GPIO_SetBits))
<BR><BR>[Called By]<UL><LI><a href="#[77]">&gt;&gt;</a>&nbsp;&nbsp;&nbsp;GPIO::SetLevel(unsigned char)
</UL>

<P><STRONG><a name="[9a]"></a>NVIC_Init</STRONG> (Thumb, 100 bytes, Stack size 16 bytes, misc.o(i.NVIC_Init))
<BR><BR>[Stack]<UL><LI>Max Depth = 16<LI>Call Chain = NVIC_Init
</UL>
<BR>[Called By]<UL><LI><a href="#[91]">&gt;&gt;</a>&nbsp;&nbsp;&nbsp;USART::USART(unsigned char, unsigned, bool, unsigned char, unsigned char, unsigned char, unsigned char, unsigned char, unsigned short, unsigned short, unsigned short)
</UL>

<P><STRONG><a name="[99]"></a>NVIC_PriorityGroupConfig</STRONG> (Thumb, 10 bytes, Stack size 0 bytes, misc.o(i.NVIC_PriorityGroupConfig))
<BR><BR>[Called By]<UL><LI><a href="#[91]">&gt;&gt;</a>&nbsp;&nbsp;&nbsp;USART::USART(unsigned char, unsigned, bool, unsigned char, unsigned char, unsigned char, unsigned char, unsigned char, unsigned short, unsigned short, unsigned short)
</UL>

<P><STRONG><a name="[97]"></a>RCC_AHBPeriphClockCmd</STRONG> (Thumb, 26 bytes, Stack size 0 bytes, stm32f10x_rcc.o(i.RCC_AHBPeriphClockCmd))
<BR><BR>[Called By]<UL><LI><a href="#[91]">&gt;&gt;</a>&nbsp;&nbsp;&nbsp;USART::USART(unsigned char, unsigned, bool, unsigned char, unsigned char, unsigned char, unsigned char, unsigned char, unsigned short, unsigned short, unsigned short)
</UL>

<P><STRONG><a name="[94]"></a>RCC_APB1PeriphClockCmd</STRONG> (Thumb, 26 bytes, Stack size 0 bytes, stm32f10x_rcc.o(i.RCC_APB1PeriphClockCmd))
<BR><BR>[Called By]<UL><LI><a href="#[91]">&gt;&gt;</a>&nbsp;&nbsp;&nbsp;USART::USART(unsigned char, unsigned, bool, unsigned char, unsigned char, unsigned char, unsigned char, unsigned char, unsigned short, unsigned short, unsigned short)
</UL>

<P><STRONG><a name="[76]"></a>RCC_APB2PeriphClockCmd</STRONG> (Thumb, 26 bytes, Stack size 0 bytes, stm32f10x_rcc.o(i.RCC_APB2PeriphClockCmd))
<BR><BR>[Called By]<UL><LI><a href="#[75]">&gt;&gt;</a>&nbsp;&nbsp;&nbsp;GPIO::RCC_Configuration()
<LI><a href="#[91]">&gt;&gt;</a>&nbsp;&nbsp;&nbsp;USART::USART(unsigned char, unsigned, bool, unsigned char, unsigned char, unsigned char, unsigned char, unsigned char, unsigned short, unsigned short, unsigned short)
</UL>

<P><STRONG><a name="[5a]"></a>RCC_GetClocksFreq</STRONG> (Thumb, 192 bytes, Stack size 12 bytes, stm32f10x_rcc.o(i.RCC_GetClocksFreq))
<BR><BR>[Stack]<UL><LI>Max Depth = 12<LI>Call Chain = RCC_GetClocksFreq
</UL>
<BR>[Called By]<UL><LI><a href="#[59]">&gt;&gt;</a>&nbsp;&nbsp;&nbsp;USART_Init
</UL>

<P><STRONG><a name="[9]"></a>SysTick_Handler</STRONG> (Thumb, 20 bytes, Stack size 8 bytes, taskmanager.o(i.SysTick_Handler))
<BR><BR>[Stack]<UL><LI>Max Depth = 96<LI>Call Chain = SysTick_Handler &rArr; __aeabi_dadd &rArr; _double_epilogue &rArr; _double_round
</UL>
<BR>[Calls]<UL><LI><a href="#[43]">&gt;&gt;</a>&nbsp;&nbsp;&nbsp;__aeabi_dadd
</UL>
<BR>[Address Reference Count : 1]<UL><LI> startup_stm32f10x_md.o(RESET)
</UL>
<P><STRONG><a name="[36]"></a>SystemInit</STRONG> (Thumb, 78 bytes, Stack size 8 bytes, system_stm32f10x.o(i.SystemInit))
<BR><BR>[Stack]<UL><LI>Max Depth = 28<LI>Call Chain = SystemInit &rArr; SetSysClock &rArr; SetSysClockTo72
</UL>
<BR>[Calls]<UL><LI><a href="#[56]">&gt;&gt;</a>&nbsp;&nbsp;&nbsp;SetSysClock
</UL>
<BR>[Address Reference Count : 1]<UL><LI> startup_stm32f10x_md.o(.text)
</UL>
<P><STRONG><a name="[2f]"></a>USART1_IRQHandler</STRONG> (Thumb, 18 bytes, Stack size 8 bytes, interrupt.o(i.USART1_IRQHandler))
<BR><BR>[Stack]<UL><LI>Max Depth = 44<LI>Call Chain = USART1_IRQHandler &rArr; USART::Irq() &rArr; USART_ITConfig
</UL>
<BR>[Calls]<UL><LI><a href="#[58]">&gt;&gt;</a>&nbsp;&nbsp;&nbsp;USART::Irq()
</UL>
<BR>[Address Reference Count : 1]<UL><LI> startup_stm32f10x_md.o(RESET)
</UL>
<P><STRONG><a name="[30]"></a>USART2_IRQHandler</STRONG> (Thumb, 18 bytes, Stack size 8 bytes, interrupt.o(i.USART2_IRQHandler))
<BR><BR>[Stack]<UL><LI>Max Depth = 44<LI>Call Chain = USART2_IRQHandler &rArr; USART::Irq() &rArr; USART_ITConfig
</UL>
<BR>[Calls]<UL><LI><a href="#[58]">&gt;&gt;</a>&nbsp;&nbsp;&nbsp;USART::Irq()
</UL>
<BR>[Address Reference Count : 1]<UL><LI> startup_stm32f10x_md.o(RESET)
</UL>
<P><STRONG><a name="[31]"></a>USART3_IRQHandler</STRONG> (Thumb, 18 bytes, Stack size 8 bytes, interrupt.o(i.USART3_IRQHandler))
<BR><BR>[Stack]<UL><LI>Max Depth = 44<LI>Call Chain = USART3_IRQHandler &rArr; USART::Irq() &rArr; USART_ITConfig
</UL>
<BR>[Calls]<UL><LI><a href="#[58]">&gt;&gt;</a>&nbsp;&nbsp;&nbsp;USART::Irq()
</UL>
<BR>[Address Reference Count : 1]<UL><LI> startup_stm32f10x_md.o(RESET)
</UL>
<P><STRONG><a name="[87]"></a>USART_ClearITPendingBit</STRONG> (Thumb, 30 bytes, Stack size 8 bytes, stm32f10x_usart.o(i.USART_ClearITPendingBit))
<BR><BR>[Stack]<UL><LI>Max Depth = 8<LI>Call Chain = USART_ClearITPendingBit
</UL>
<BR>[Called By]<UL><LI><a href="#[58]">&gt;&gt;</a>&nbsp;&nbsp;&nbsp;USART::Irq()
<LI><a href="#[7d]">&gt;&gt;</a>&nbsp;&nbsp;&nbsp;USART::SendData(unsigned char*, unsigned)
</UL>

<P><STRONG><a name="[95]"></a>USART_Cmd</STRONG> (Thumb, 24 bytes, Stack size 0 bytes, stm32f10x_usart.o(i.USART_Cmd))
<BR><BR>[Called By]<UL><LI><a href="#[91]">&gt;&gt;</a>&nbsp;&nbsp;&nbsp;USART::USART(unsigned char, unsigned, bool, unsigned char, unsigned char, unsigned char, unsigned char, unsigned char, unsigned short, unsigned short, unsigned short)
</UL>

<P><STRONG><a name="[96]"></a>USART_DMACmd</STRONG> (Thumb, 18 bytes, Stack size 0 bytes, stm32f10x_usart.o(i.USART_DMACmd))
<BR><BR>[Called By]<UL><LI><a href="#[91]">&gt;&gt;</a>&nbsp;&nbsp;&nbsp;USART::USART(unsigned char, unsigned, bool, unsigned char, unsigned char, unsigned char, unsigned char, unsigned char, unsigned short, unsigned short, unsigned short)
</UL>

<P><STRONG><a name="[90]"></a>USART_GetFlagStatus</STRONG> (Thumb, 26 bytes, Stack size 0 bytes, stm32f10x_usart.o(i.USART_GetFlagStatus))
<BR><BR>[Called By]<UL><LI><a href="#[7d]">&gt;&gt;</a>&nbsp;&nbsp;&nbsp;USART::SendData(unsigned char*, unsigned)
</UL>

<P><STRONG><a name="[84]"></a>USART_GetITStatus</STRONG> (Thumb, 84 bytes, Stack size 16 bytes, stm32f10x_usart.o(i.USART_GetITStatus))
<BR><BR>[Stack]<UL><LI>Max Depth = 16<LI>Call Chain = USART_GetITStatus
</UL>
<BR>[Called By]<UL><LI><a href="#[58]">&gt;&gt;</a>&nbsp;&nbsp;&nbsp;USART::Irq()
</UL>

<P><STRONG><a name="[8a]"></a>USART_ITConfig</STRONG> (Thumb, 74 bytes, Stack size 20 bytes, stm32f10x_usart.o(i.USART_ITConfig))
<BR><BR>[Stack]<UL><LI>Max Depth = 20<LI>Call Chain = USART_ITConfig
</UL>
<BR>[Called By]<UL><LI><a href="#[58]">&gt;&gt;</a>&nbsp;&nbsp;&nbsp;USART::Irq()
<LI><a href="#[7d]">&gt;&gt;</a>&nbsp;&nbsp;&nbsp;USART::SendData(unsigned char*, unsigned)
<LI><a href="#[91]">&gt;&gt;</a>&nbsp;&nbsp;&nbsp;USART::USART(unsigned char, unsigned, bool, unsigned char, unsigned char, unsigned char, unsigned char, unsigned char, unsigned short, unsigned short, unsigned short)
</UL>

<P><STRONG><a name="[59]"></a>USART_Init</STRONG> (Thumb, 210 bytes, Stack size 56 bytes, stm32f10x_usart.o(i.USART_Init))
<BR><BR>[Stack]<UL><LI>Max Depth = 68<LI>Call Chain = USART_Init &rArr; RCC_GetClocksFreq
</UL>
<BR>[Calls]<UL><LI><a href="#[5a]">&gt;&gt;</a>&nbsp;&nbsp;&nbsp;RCC_GetClocksFreq
</UL>
<BR>[Called By]<UL><LI><a href="#[91]">&gt;&gt;</a>&nbsp;&nbsp;&nbsp;USART::USART(unsigned char, unsigned, bool, unsigned char, unsigned char, unsigned char, unsigned char, unsigned char, unsigned short, unsigned short, unsigned short)
</UL>

<P><STRONG><a name="[85]"></a>USART_ReceiveData</STRONG> (Thumb, 10 bytes, Stack size 0 bytes, stm32f10x_usart.o(i.USART_ReceiveData))
<BR><BR>[Called By]<UL><LI><a href="#[58]">&gt;&gt;</a>&nbsp;&nbsp;&nbsp;USART::Irq()
</UL>

<P><STRONG><a name="[89]"></a>USART_SendData</STRONG> (Thumb, 8 bytes, Stack size 0 bytes, stm32f10x_usart.o(i.USART_SendData))
<BR><BR>[Called By]<UL><LI><a href="#[58]">&gt;&gt;</a>&nbsp;&nbsp;&nbsp;USART::Irq()
<LI><a href="#[7d]">&gt;&gt;</a>&nbsp;&nbsp;&nbsp;USART::SendData(unsigned char*, unsigned)
</UL>

<P><STRONG><a name="[5b]"></a>WifiMemory::ClearAllData()</STRONG> (Thumb, 68 bytes, Stack size 16 bytes, wifi_memory.o(i._ZN10WifiMemory12ClearAllDataEv))
<BR><BR>[Stack]<UL><LI>Max Depth = 104<LI>Call Chain = WifiMemory::ClearAllData() &rArr; WifiMemory::LoadSaveInfo() &rArr; WifiMemory::UpdataSaveInfo() &rArr; Memory::Write(unsigned short, unsigned short, unsigned short*, unsigned short) &rArr; FLASH_ProgramWord &rArr; FLASH_WaitForLastOperation
</UL>
<BR>[Calls]<UL><LI><a href="#[5d]">&gt;&gt;</a>&nbsp;&nbsp;&nbsp;Memory::Clear(unsigned short)
<LI><a href="#[5c]">&gt;&gt;</a>&nbsp;&nbsp;&nbsp;Memory::Read(unsigned short, unsigned short, unsigned short*, unsigned short)
<LI><a href="#[5f]">&gt;&gt;</a>&nbsp;&nbsp;&nbsp;WifiMemory::UpdataSaveInfo()
<LI><a href="#[5e]">&gt;&gt;</a>&nbsp;&nbsp;&nbsp;WifiMemory::LoadSaveInfo()
</UL>
<BR>[Called By]<UL><LI><a href="#[35]">&gt;&gt;</a>&nbsp;&nbsp;&nbsp;main
</UL>

<P><STRONG><a name="[5e]"></a>WifiMemory::LoadSaveInfo()</STRONG> (Thumb, 100 bytes, Stack size 16 bytes, wifi_memory.o(i._ZN10WifiMemory12LoadSaveInfoEv))
<BR><BR>[Stack]<UL><LI>Max Depth = 88<LI>Call Chain = WifiMemory::LoadSaveInfo() &rArr; WifiMemory::UpdataSaveInfo() &rArr; Memory::Write(unsigned short, unsigned short, unsigned short*, unsigned short) &rArr; FLASH_ProgramWord &rArr; FLASH_WaitForLastOperation
</UL>
<BR>[Calls]<UL><LI><a href="#[5c]">&gt;&gt;</a>&nbsp;&nbsp;&nbsp;Memory::Read(unsigned short, unsigned short, unsigned short*, unsigned short)
<LI><a href="#[5f]">&gt;&gt;</a>&nbsp;&nbsp;&nbsp;WifiMemory::UpdataSaveInfo()
</UL>
<BR>[Called By]<UL><LI><a href="#[63]">&gt;&gt;</a>&nbsp;&nbsp;&nbsp;WifiMemory::WifiMemory(Memory&)
<LI><a href="#[5b]">&gt;&gt;</a>&nbsp;&nbsp;&nbsp;WifiMemory::ClearAllData()
</UL>

<P><STRONG><a name="[5f]"></a>WifiMemory::UpdataSaveInfo()</STRONG> (Thumb, 64 bytes, Stack size 16 bytes, wifi_memory.o(i._ZN10WifiMemory14UpdataSaveInfoEv))
<BR><BR>[Stack]<UL><LI>Max Depth = 72<LI>Call Chain = WifiMemory::UpdataSaveInfo() &rArr; Memory::Write(unsigned short, unsigned short, unsigned short*, unsigned short) &rArr; FLASH_ProgramWord &rArr; FLASH_WaitForLastOperation
</UL>
<BR>[Calls]<UL><LI><a href="#[60]">&gt;&gt;</a>&nbsp;&nbsp;&nbsp;Memory::Write(unsigned short, unsigned short, unsigned short*, unsigned short)
</UL>
<BR>[Called By]<UL><LI><a href="#[5e]">&gt;&gt;</a>&nbsp;&nbsp;&nbsp;WifiMemory::LoadSaveInfo()
<LI><a href="#[61]">&gt;&gt;</a>&nbsp;&nbsp;&nbsp;WifiMemory::Save(char*, char*)
<LI><a href="#[5b]">&gt;&gt;</a>&nbsp;&nbsp;&nbsp;WifiMemory::ClearAllData()
</UL>

<P><STRONG><a name="[61]"></a>WifiMemory::Save(char*, char*)</STRONG> (Thumb, 264 bytes, Stack size 32 bytes, wifi_memory.o(i._ZN10WifiMemory4SaveEPcS0_))
<BR><BR>[Stack]<UL><LI>Max Depth = 104<LI>Call Chain = WifiMemory::Save(char*, char*) &rArr; WifiMemory::UpdataSaveInfo() &rArr; Memory::Write(unsigned short, unsigned short, unsigned short*, unsigned short) &rArr; FLASH_ProgramWord &rArr; FLASH_WaitForLastOperation
</UL>
<BR>[Calls]<UL><LI><a href="#[62]">&gt;&gt;</a>&nbsp;&nbsp;&nbsp;Memory::Write(unsigned short, unsigned short, char*)
<LI><a href="#[5f]">&gt;&gt;</a>&nbsp;&nbsp;&nbsp;WifiMemory::UpdataSaveInfo()
</UL>
<BR>[Called By]<UL><LI><a href="#[35]">&gt;&gt;</a>&nbsp;&nbsp;&nbsp;main
</UL>

<P><STRONG><a name="[63]"></a>WifiMemory::WifiMemory(Memory&)</STRONG> (Thumb, 18 bytes, Stack size 16 bytes, wifi_memory.o(i._ZN10WifiMemoryC1ER6Memory))
<BR><BR>[Stack]<UL><LI>Max Depth = 104<LI>Call Chain = WifiMemory::WifiMemory(Memory&) &rArr; WifiMemory::LoadSaveInfo() &rArr; WifiMemory::UpdataSaveInfo() &rArr; Memory::Write(unsigned short, unsigned short, unsigned short*, unsigned short) &rArr; FLASH_ProgramWord &rArr; FLASH_WaitForLastOperation
</UL>
<BR>[Calls]<UL><LI><a href="#[5e]">&gt;&gt;</a>&nbsp;&nbsp;&nbsp;WifiMemory::LoadSaveInfo()
</UL>
<BR>[Called By]<UL><LI><a href="#[3a]">&gt;&gt;</a>&nbsp;&nbsp;&nbsp;__sti___8_main_cpp_com
</UL>

<P><STRONG><a name="[ca]"></a>WifiMemory::WifiMemory__sub_object(Memory&)</STRONG> (Thumb, 0 bytes, Stack size 16 bytes, wifi_memory.o(i._ZN10WifiMemoryC1ER6Memory), UNUSED)

<P><STRONG><a name="[64]"></a>TaskManager::Time()</STRONG> (Thumb, 110 bytes, Stack size 32 bytes, taskmanager.o(i._ZN11TaskManager4TimeEv))
<BR><BR>[Stack]<UL><LI>Max Depth = 120<LI>Call Chain = TaskManager::Time() &rArr; __aeabi_dsub &rArr; __aeabi_dadd &rArr; _double_epilogue &rArr; _double_round
</UL>
<BR>[Calls]<UL><LI><a href="#[48]">&gt;&gt;</a>&nbsp;&nbsp;&nbsp;__aeabi_dsub
<LI><a href="#[4b]">&gt;&gt;</a>&nbsp;&nbsp;&nbsp;__aeabi_ui2d
<LI><a href="#[4a]">&gt;&gt;</a>&nbsp;&nbsp;&nbsp;__aeabi_ddiv
<LI><a href="#[43]">&gt;&gt;</a>&nbsp;&nbsp;&nbsp;__aeabi_dadd
<LI><a href="#[65]">&gt;&gt;</a>&nbsp;&nbsp;&nbsp;__aeabi_cdrcmple
</UL>
<BR>[Called By]<UL><LI><a href="#[a6]">&gt;&gt;</a>&nbsp;&nbsp;&nbsp;esp8266::ReceiveAndWait(const char*, unsigned char)
<LI><a href="#[a3]">&gt;&gt;</a>&nbsp;&nbsp;&nbsp;esp8266::ReceiveAndWait(const char*, const char*, unsigned char)
<LI><a href="#[68]">&gt;&gt;</a>&nbsp;&nbsp;&nbsp;TaskManager::DelayMs(unsigned short)
<LI><a href="#[69]">&gt;&gt;</a>&nbsp;&nbsp;&nbsp;TaskManager::ClockTool(double&, double)
<LI><a href="#[66]">&gt;&gt;</a>&nbsp;&nbsp;&nbsp;TaskManager::DelayS(unsigned short)
<LI><a href="#[35]">&gt;&gt;</a>&nbsp;&nbsp;&nbsp;main
</UL>

<P><STRONG><a name="[66]"></a>TaskManager::DelayS(unsigned short)</STRONG> (Thumb, 60 bytes, Stack size 48 bytes, taskmanager.o(i._ZN11TaskManager6DelaySEt))
<BR><BR>[Stack]<UL><LI>Max Depth = 168<LI>Call Chain = TaskManager::DelayS(unsigned short) &rArr; TaskManager::Time() &rArr; __aeabi_dsub &rArr; __aeabi_dadd &rArr; _double_epilogue &rArr; _double_round
</UL>
<BR>[Calls]<UL><LI><a href="#[48]">&gt;&gt;</a>&nbsp;&nbsp;&nbsp;__aeabi_dsub
<LI><a href="#[67]">&gt;&gt;</a>&nbsp;&nbsp;&nbsp;__aeabi_cdcmple
<LI><a href="#[4b]">&gt;&gt;</a>&nbsp;&nbsp;&nbsp;__aeabi_ui2d
<LI><a href="#[64]">&gt;&gt;</a>&nbsp;&nbsp;&nbsp;TaskManager::Time()
</UL>
<BR>[Called By]<UL><LI><a href="#[af]">&gt;&gt;</a>&nbsp;&nbsp;&nbsp;esp8266::ConnectNetwork_server(short)
<LI><a href="#[aa]">&gt;&gt;</a>&nbsp;&nbsp;&nbsp;esp8266::ConnectNetwork_client(char*, char*, char*, short)
<LI><a href="#[35]">&gt;&gt;</a>&nbsp;&nbsp;&nbsp;main
</UL>

<P><STRONG><a name="[68]"></a>TaskManager::DelayMs(unsigned short)</STRONG> (Thumb, 70 bytes, Stack size 48 bytes, taskmanager.o(i._ZN11TaskManager7DelayMsEt))
<BR><BR>[Stack]<UL><LI>Max Depth = 168<LI>Call Chain = TaskManager::DelayMs(unsigned short) &rArr; TaskManager::Time() &rArr; __aeabi_dsub &rArr; __aeabi_dadd &rArr; _double_epilogue &rArr; _double_round
</UL>
<BR>[Calls]<UL><LI><a href="#[48]">&gt;&gt;</a>&nbsp;&nbsp;&nbsp;__aeabi_dsub
<LI><a href="#[67]">&gt;&gt;</a>&nbsp;&nbsp;&nbsp;__aeabi_cdcmple
<LI><a href="#[4b]">&gt;&gt;</a>&nbsp;&nbsp;&nbsp;__aeabi_ui2d
<LI><a href="#[4a]">&gt;&gt;</a>&nbsp;&nbsp;&nbsp;__aeabi_ddiv
<LI><a href="#[64]">&gt;&gt;</a>&nbsp;&nbsp;&nbsp;TaskManager::Time()
</UL>
<BR>[Called By]<UL><LI><a href="#[72]">&gt;&gt;</a>&nbsp;&nbsp;&nbsp;esp8266::Send(int, unsigned char*)
<LI><a href="#[74]">&gt;&gt;</a>&nbsp;&nbsp;&nbsp;esp8266::Send(char, int, unsigned char*)
<LI><a href="#[80]">&gt;&gt;</a>&nbsp;&nbsp;&nbsp;hint::ledFlicker_2s()
<LI><a href="#[6f]">&gt;&gt;</a>&nbsp;&nbsp;&nbsp;Transmission::GetWifiNameAndPassword(char*, char*, USART&)
</UL>

<P><STRONG><a name="[69]"></a>TaskManager::ClockTool(double&, double)</STRONG> (Thumb, 62 bytes, Stack size 48 bytes, taskmanager.o(i._ZN11TaskManager9ClockToolERdd))
<BR><BR>[Stack]<UL><LI>Max Depth = 168<LI>Call Chain = TaskManager::ClockTool(double&, double) &rArr; TaskManager::Time() &rArr; __aeabi_dsub &rArr; __aeabi_dadd &rArr; _double_epilogue &rArr; _double_round
</UL>
<BR>[Calls]<UL><LI><a href="#[48]">&gt;&gt;</a>&nbsp;&nbsp;&nbsp;__aeabi_dsub
<LI><a href="#[64]">&gt;&gt;</a>&nbsp;&nbsp;&nbsp;TaskManager::Time()
<LI><a href="#[65]">&gt;&gt;</a>&nbsp;&nbsp;&nbsp;__aeabi_cdrcmple
</UL>
<BR>[Called By]<UL><LI><a href="#[35]">&gt;&gt;</a>&nbsp;&nbsp;&nbsp;main
</UL>

<P><STRONG><a name="[b6]"></a>TaskManager::TaskManager()</STRONG> (Thumb, 32 bytes, Stack size 0 bytes, taskmanager.o(i._ZN11TaskManagerC1Ev))
<BR><BR>[Called By]<UL><LI><a href="#[3c]">&gt;&gt;</a>&nbsp;&nbsp;&nbsp;__sti___15_TaskManager_cpp_tskmgr
</UL>

<P><STRONG><a name="[cb]"></a>TaskManager::TaskManager__sub_object()</STRONG> (Thumb, 0 bytes, Stack size 0 bytes, taskmanager.o(i._ZN11TaskManagerC1Ev), UNUSED)

<P><STRONG><a name="[73]"></a>Transmission::ToClientPack(unsigned char, unsigned char, unsigned char, unsigned char)</STRONG> (Thumb, 58 bytes, Stack size 20 bytes, transmission.o(i._ZN12Transmission12ToClientPackEhhhh))
<BR><BR>[Stack]<UL><LI>Max Depth = 20<LI>Call Chain = Transmission::ToClientPack(unsigned char, unsigned char, unsigned char, unsigned char)
</UL>
<BR>[Called By]<UL><LI><a href="#[70]">&gt;&gt;</a>&nbsp;&nbsp;&nbsp;Transmission::SendAlive(esp8266&, unsigned char, bool)
<LI><a href="#[35]">&gt;&gt;</a>&nbsp;&nbsp;&nbsp;main
</UL>

<P><STRONG><a name="[71]"></a>Transmission::ToServerPack(unsigned char, unsigned char, unsigned char, unsigned char)</STRONG> (Thumb, 72 bytes, Stack size 20 bytes, transmission.o(i._ZN12Transmission12ToServerPackEhhhh))
<BR><BR>[Stack]<UL><LI>Max Depth = 20<LI>Call Chain = Transmission::ToServerPack(unsigned char, unsigned char, unsigned char, unsigned char)
</UL>
<BR>[Called By]<UL><LI><a href="#[70]">&gt;&gt;</a>&nbsp;&nbsp;&nbsp;Transmission::SendAlive(esp8266&, unsigned char, bool)
<LI><a href="#[35]">&gt;&gt;</a>&nbsp;&nbsp;&nbsp;main
</UL>

<P><STRONG><a name="[6a]"></a>Transmission::GetStateOrder(USART&)</STRONG> (Thumb, 126 bytes, Stack size 32 bytes, transmission.o(i._ZN12Transmission13GetStateOrderER5USART))
<BR><BR>[Stack]<UL><LI>Max Depth = 60<LI>Call Chain = Transmission::GetStateOrder(USART&) &rArr; USART::GetReceivedData(unsigned char*, unsigned short) &rArr; FIFOBuffer&lang;unsigned char, (unsigned short)50&rang;::Gets(unsigned char*, unsigned short)
</UL>
<BR>[Calls]<UL><LI><a href="#[6e]">&gt;&gt;</a>&nbsp;&nbsp;&nbsp;Transmission::CommandParsing(unsigned char*)
<LI><a href="#[6b]">&gt;&gt;</a>&nbsp;&nbsp;&nbsp;USART::ReceiveBufferSize()
<LI><a href="#[6c]">&gt;&gt;</a>&nbsp;&nbsp;&nbsp;USART::GetReceivedData(unsigned char*, unsigned short)
<LI><a href="#[6d]">&gt;&gt;</a>&nbsp;&nbsp;&nbsp;USART::ClearReceiveBuffer()
</UL>
<BR>[Called By]<UL><LI><a href="#[35]">&gt;&gt;</a>&nbsp;&nbsp;&nbsp;main
</UL>

<P><STRONG><a name="[6e]"></a>Transmission::CommandParsing(unsigned char*)</STRONG> (Thumb, 78 bytes, Stack size 12 bytes, transmission.o(i._ZN12Transmission14CommandParsingEPh))
<BR><BR>[Stack]<UL><LI>Max Depth = 12<LI>Call Chain = Transmission::CommandParsing(unsigned char*)
</UL>
<BR>[Called By]<UL><LI><a href="#[6a]">&gt;&gt;</a>&nbsp;&nbsp;&nbsp;Transmission::GetStateOrder(USART&)
</UL>

<P><STRONG><a name="[6f]"></a>Transmission::GetWifiNameAndPassword(char*, char*, USART&)</STRONG> (Thumb, 166 bytes, Stack size 32 bytes, transmission.o(i._ZN12Transmission22GetWifiNameAndPasswordEPcS0_R5USART))
<BR><BR>[Stack]<UL><LI>Max Depth = 200<LI>Call Chain = Transmission::GetWifiNameAndPassword(char*, char*, USART&) &rArr; TaskManager::DelayMs(unsigned short) &rArr; TaskManager::Time() &rArr; __aeabi_dsub &rArr; __aeabi_dadd &rArr; _double_epilogue &rArr; _double_round
</UL>
<BR>[Calls]<UL><LI><a href="#[68]">&gt;&gt;</a>&nbsp;&nbsp;&nbsp;TaskManager::DelayMs(unsigned short)
<LI><a href="#[6c]">&gt;&gt;</a>&nbsp;&nbsp;&nbsp;USART::GetReceivedData(unsigned char*, unsigned short)
</UL>
<BR>[Called By]<UL><LI><a href="#[35]">&gt;&gt;</a>&nbsp;&nbsp;&nbsp;main
</UL>

<P><STRONG><a name="[70]"></a>Transmission::SendAlive(esp8266&, unsigned char, bool)</STRONG> (Thumb, 78 bytes, Stack size 32 bytes, transmission.o(i._ZN12Transmission9SendAliveER7esp8266hb))
<BR><BR>[Stack]<UL><LI>Max Depth = 232<LI>Call Chain = Transmission::SendAlive(esp8266&, unsigned char, bool) &rArr; esp8266::Send(char, int, unsigned char*) &rArr; TaskManager::DelayMs(unsigned short) &rArr; TaskManager::Time() &rArr; __aeabi_dsub &rArr; __aeabi_dadd &rArr; _double_epilogue &rArr; _double_round
</UL>
<BR>[Calls]<UL><LI><a href="#[72]">&gt;&gt;</a>&nbsp;&nbsp;&nbsp;esp8266::Send(int, unsigned char*)
<LI><a href="#[74]">&gt;&gt;</a>&nbsp;&nbsp;&nbsp;esp8266::Send(char, int, unsigned char*)
<LI><a href="#[71]">&gt;&gt;</a>&nbsp;&nbsp;&nbsp;Transmission::ToServerPack(unsigned char, unsigned char, unsigned char, unsigned char)
<LI><a href="#[73]">&gt;&gt;</a>&nbsp;&nbsp;&nbsp;Transmission::ToClientPack(unsigned char, unsigned char, unsigned char, unsigned char)
</UL>
<BR>[Called By]<UL><LI><a href="#[35]">&gt;&gt;</a>&nbsp;&nbsp;&nbsp;main
</UL>

<P><STRONG><a name="[b7]"></a>Transmission::Transmission()</STRONG> (Thumb, 28 bytes, Stack size 0 bytes, transmission.o(i._ZN12TransmissionC1Ev))
<BR><BR>[Called By]<UL><LI><a href="#[3b]">&gt;&gt;</a>&nbsp;&nbsp;&nbsp;__sti___16_transmission_cpp_4ab4cfbc
</UL>

<P><STRONG><a name="[cc]"></a>Transmission::Transmission__sub_object()</STRONG> (Thumb, 0 bytes, Stack size 0 bytes, transmission.o(i._ZN12TransmissionC1Ev), UNUSED)

<P><STRONG><a name="[75]"></a>GPIO::RCC_Configuration()</STRONG> (Thumb, 130 bytes, Stack size 8 bytes, gpio.o(i._ZN4GPIO17RCC_ConfigurationEv))
<BR><BR>[Stack]<UL><LI>Max Depth = 8<LI>Call Chain = GPIO::RCC_Configuration()
</UL>
<BR>[Calls]<UL><LI><a href="#[76]">&gt;&gt;</a>&nbsp;&nbsp;&nbsp;RCC_APB2PeriphClockCmd
</UL>
<BR>[Called By]<UL><LI><a href="#[7a]">&gt;&gt;</a>&nbsp;&nbsp;&nbsp;GPIO::GPIO(GPIO_TypeDef*, unsigned short, GPIOMode_TypeDef, GPIOSpeed_TypeDef)
</UL>

<P><STRONG><a name="[77]"></a>GPIO::SetLevel(unsigned char)</STRONG> (Thumb, 42 bytes, Stack size 16 bytes, gpio.o(i._ZN4GPIO8SetLevelEh))
<BR><BR>[Stack]<UL><LI>Max Depth = 16<LI>Call Chain = GPIO::SetLevel(unsigned char)
</UL>
<BR>[Calls]<UL><LI><a href="#[78]">&gt;&gt;</a>&nbsp;&nbsp;&nbsp;GPIO_SetBits
<LI><a href="#[79]">&gt;&gt;</a>&nbsp;&nbsp;&nbsp;GPIO_ResetBits
</UL>
<BR>[Called By]<UL><LI><a href="#[80]">&gt;&gt;</a>&nbsp;&nbsp;&nbsp;hint::ledFlicker_2s()
<LI><a href="#[35]">&gt;&gt;</a>&nbsp;&nbsp;&nbsp;main
</UL>

<P><STRONG><a name="[7a]"></a>GPIO::GPIO(GPIO_TypeDef*, unsigned short, GPIOMode_TypeDef, GPIOSpeed_TypeDef)</STRONG> (Thumb, 64 bytes, Stack size 32 bytes, gpio.o(i._ZN4GPIOC1EP12GPIO_TypeDeft16GPIOMode_TypeDef17GPIOSpeed_TypeDef))
<BR><BR>[Stack]<UL><LI>Max Depth = 56<LI>Call Chain = GPIO::GPIO(GPIO_TypeDef*, unsigned short, GPIOMode_TypeDef, GPIOSpeed_TypeDef) &rArr; GPIO_Init
</UL>
<BR>[Calls]<UL><LI><a href="#[75]">&gt;&gt;</a>&nbsp;&nbsp;&nbsp;GPIO::RCC_Configuration()
<LI><a href="#[7b]">&gt;&gt;</a>&nbsp;&nbsp;&nbsp;GPIO_Init
</UL>
<BR>[Called By]<UL><LI><a href="#[3a]">&gt;&gt;</a>&nbsp;&nbsp;&nbsp;__sti___8_main_cpp_com
</UL>

<P><STRONG><a name="[cd]"></a>GPIO::GPIO__sub_object(GPIO_TypeDef*, unsigned short, GPIOMode_TypeDef, GPIOSpeed_TypeDef)</STRONG> (Thumb, 0 bytes, Stack size 32 bytes, gpio.o(i._ZN4GPIOC1EP12GPIO_TypeDeft16GPIOMode_TypeDef17GPIOSpeed_TypeDef), UNUSED)

<P><STRONG><a name="[7c]"></a>HCHO::Updata()</STRONG> (Thumb, 280 bytes, Stack size 40 bytes, hcho.o(i._ZN4HCHO6UpdataEv))
<BR><BR>[Stack]<UL><LI>Max Depth = 96<LI>Call Chain = HCHO::Updata() &rArr; __aeabi_ui2d &rArr; _double_epilogue &rArr; _double_round
</UL>
<BR>[Calls]<UL><LI><a href="#[4b]">&gt;&gt;</a>&nbsp;&nbsp;&nbsp;__aeabi_ui2d
<LI><a href="#[7f]">&gt;&gt;</a>&nbsp;&nbsp;&nbsp;__aeabi_fmul
<LI><a href="#[7e]">&gt;&gt;</a>&nbsp;&nbsp;&nbsp;__aeabi_f2uiz
<LI><a href="#[4a]">&gt;&gt;</a>&nbsp;&nbsp;&nbsp;__aeabi_ddiv
<LI><a href="#[4c]">&gt;&gt;</a>&nbsp;&nbsp;&nbsp;__aeabi_d2f
<LI><a href="#[7d]">&gt;&gt;</a>&nbsp;&nbsp;&nbsp;USART::SendData(unsigned char*, unsigned)
<LI><a href="#[6b]">&gt;&gt;</a>&nbsp;&nbsp;&nbsp;USART::ReceiveBufferSize()
<LI><a href="#[6c]">&gt;&gt;</a>&nbsp;&nbsp;&nbsp;USART::GetReceivedData(unsigned char*, unsigned short)
<LI><a href="#[6d]">&gt;&gt;</a>&nbsp;&nbsp;&nbsp;USART::ClearReceiveBuffer()
</UL>
<BR>[Called By]<UL><LI><a href="#[35]">&gt;&gt;</a>&nbsp;&nbsp;&nbsp;main
</UL>

<P><STRONG><a name="[b9]"></a>HCHO::HCHO(USART&)</STRONG> (Thumb, 4 bytes, Stack size 0 bytes, hcho.o(i._ZN4HCHOC1ER5USART))
<BR><BR>[Called By]<UL><LI><a href="#[3a]">&gt;&gt;</a>&nbsp;&nbsp;&nbsp;__sti___8_main_cpp_com
</UL>

<P><STRONG><a name="[ce]"></a>HCHO::HCHO__sub_object(USART&)</STRONG> (Thumb, 0 bytes, Stack size 0 bytes, hcho.o(i._ZN4HCHOC1ER5USART), UNUSED)

<P><STRONG><a name="[39]"></a>HCHO::~HCHO()</STRONG> (Thumb, 2 bytes, Stack size 0 bytes, hcho.o(i._ZN4HCHOD1Ev))
<BR>[Address Reference Count : 1]<UL><LI> main.o(i.__sti___8_main_cpp_com)
</UL>
<P><STRONG><a name="[cf]"></a>HCHO::~HCHO__sub_object()</STRONG> (Thumb, 0 bytes, Stack size 0 bytes, hcho.o(i._ZN4HCHOD1Ev), UNUSED)

<P><STRONG><a name="[80]"></a>hint::ledFlicker_2s()</STRONG> (Thumb, 52 bytes, Stack size 16 bytes, hint.o(i._ZN4hint13ledFlicker_2sEv))
<BR><BR>[Stack]<UL><LI>Max Depth = 184<LI>Call Chain = hint::ledFlicker_2s() &rArr; TaskManager::DelayMs(unsigned short) &rArr; TaskManager::Time() &rArr; __aeabi_dsub &rArr; __aeabi_dadd &rArr; _double_epilogue &rArr; _double_round
</UL>
<BR>[Calls]<UL><LI><a href="#[68]">&gt;&gt;</a>&nbsp;&nbsp;&nbsp;TaskManager::DelayMs(unsigned short)
<LI><a href="#[77]">&gt;&gt;</a>&nbsp;&nbsp;&nbsp;GPIO::SetLevel(unsigned char)
</UL>
<BR>[Called By]<UL><LI><a href="#[35]">&gt;&gt;</a>&nbsp;&nbsp;&nbsp;main
</UL>

<P><STRONG><a name="[bb]"></a>hint::hint(GPIO, GPIO)</STRONG> (Thumb, 24 bytes, Stack size 20 bytes, hint.o(i._ZN4hintC1E4GPIOS0_))
<BR><BR>[Stack]<UL><LI>Max Depth = 20<LI>Call Chain = hint::hint(GPIO, GPIO)
</UL>
<BR>[Called By]<UL><LI><a href="#[3a]">&gt;&gt;</a>&nbsp;&nbsp;&nbsp;__sti___8_main_cpp_com
</UL>

<P><STRONG><a name="[d0]"></a>hint::hint__sub_object(GPIO, GPIO)</STRONG> (Thumb, 0 bytes, Stack size 20 bytes, hint.o(i._ZN4hintC1E4GPIOS0_), UNUSED)

<P><STRONG><a name="[6c]"></a>USART::GetReceivedData(unsigned char*, unsigned short)</STRONG> (Thumb, 40 bytes, Stack size 16 bytes, usart.o(i._ZN5USART15GetReceivedDataEPht))
<BR><BR>[Stack]<UL><LI>Max Depth = 28<LI>Call Chain = USART::GetReceivedData(unsigned char*, unsigned short) &rArr; FIFOBuffer&lang;unsigned char, (unsigned short)50&rang;::Gets(unsigned char*, unsigned short)
</UL>
<BR>[Calls]<UL><LI><a href="#[81]">&gt;&gt;</a>&nbsp;&nbsp;&nbsp;FIFOBuffer&lang;unsigned char, (unsigned short)50&rang;::Size()
<LI><a href="#[82]">&gt;&gt;</a>&nbsp;&nbsp;&nbsp;FIFOBuffer&lang;unsigned char, (unsigned short)50&rang;::Gets(unsigned char*, unsigned short)
</UL>
<BR>[Called By]<UL><LI><a href="#[a6]">&gt;&gt;</a>&nbsp;&nbsp;&nbsp;esp8266::ReceiveAndWait(const char*, unsigned char)
<LI><a href="#[a3]">&gt;&gt;</a>&nbsp;&nbsp;&nbsp;esp8266::ReceiveAndWait(const char*, const char*, unsigned char)
<LI><a href="#[7c]">&gt;&gt;</a>&nbsp;&nbsp;&nbsp;HCHO::Updata()
<LI><a href="#[6f]">&gt;&gt;</a>&nbsp;&nbsp;&nbsp;Transmission::GetWifiNameAndPassword(char*, char*, USART&)
<LI><a href="#[6a]">&gt;&gt;</a>&nbsp;&nbsp;&nbsp;Transmission::GetStateOrder(USART&)
</UL>

<P><STRONG><a name="[6b]"></a>USART::ReceiveBufferSize()</STRONG> (Thumb, 14 bytes, Stack size 8 bytes, usart.o(i._ZN5USART17ReceiveBufferSizeEv))
<BR><BR>[Stack]<UL><LI>Max Depth = 8<LI>Call Chain = USART::ReceiveBufferSize()
</UL>
<BR>[Calls]<UL><LI><a href="#[81]">&gt;&gt;</a>&nbsp;&nbsp;&nbsp;FIFOBuffer&lang;unsigned char, (unsigned short)50&rang;::Size()
</UL>
<BR>[Called By]<UL><LI><a href="#[a6]">&gt;&gt;</a>&nbsp;&nbsp;&nbsp;esp8266::ReceiveAndWait(const char*, unsigned char)
<LI><a href="#[a3]">&gt;&gt;</a>&nbsp;&nbsp;&nbsp;esp8266::ReceiveAndWait(const char*, const char*, unsigned char)
<LI><a href="#[7c]">&gt;&gt;</a>&nbsp;&nbsp;&nbsp;HCHO::Updata()
<LI><a href="#[6a]">&gt;&gt;</a>&nbsp;&nbsp;&nbsp;Transmission::GetStateOrder(USART&)
</UL>

<P><STRONG><a name="[6d]"></a>USART::ClearReceiveBuffer()</STRONG> (Thumb, 14 bytes, Stack size 8 bytes, usart.o(i._ZN5USART18ClearReceiveBufferEv))
<BR><BR>[Stack]<UL><LI>Max Depth = 8<LI>Call Chain = USART::ClearReceiveBuffer()
</UL>
<BR>[Calls]<UL><LI><a href="#[83]">&gt;&gt;</a>&nbsp;&nbsp;&nbsp;FIFOBuffer&lang;unsigned char, (unsigned short)50&rang;::Clear()
</UL>
<BR>[Called By]<UL><LI><a href="#[7c]">&gt;&gt;</a>&nbsp;&nbsp;&nbsp;HCHO::Updata()
<LI><a href="#[6a]">&gt;&gt;</a>&nbsp;&nbsp;&nbsp;Transmission::GetStateOrder(USART&)
<LI><a href="#[35]">&gt;&gt;</a>&nbsp;&nbsp;&nbsp;main
</UL>

<P><STRONG><a name="[58]"></a>USART::Irq()</STRONG> (Thumb, 200 bytes, Stack size 16 bytes, usart.o(i._ZN5USART3IrqEv))
<BR><BR>[Stack]<UL><LI>Max Depth = 36<LI>Call Chain = USART::Irq() &rArr; USART_ITConfig
</UL>
<BR>[Calls]<UL><LI><a href="#[89]">&gt;&gt;</a>&nbsp;&nbsp;&nbsp;USART_SendData
<LI><a href="#[85]">&gt;&gt;</a>&nbsp;&nbsp;&nbsp;USART_ReceiveData
<LI><a href="#[8a]">&gt;&gt;</a>&nbsp;&nbsp;&nbsp;USART_ITConfig
<LI><a href="#[84]">&gt;&gt;</a>&nbsp;&nbsp;&nbsp;USART_GetITStatus
<LI><a href="#[87]">&gt;&gt;</a>&nbsp;&nbsp;&nbsp;USART_ClearITPendingBit
<LI><a href="#[81]">&gt;&gt;</a>&nbsp;&nbsp;&nbsp;FIFOBuffer&lang;unsigned char, (unsigned short)50&rang;::Size()
<LI><a href="#[86]">&gt;&gt;</a>&nbsp;&nbsp;&nbsp;FIFOBuffer&lang;unsigned char, (unsigned short)50&rang;::Put(const unsigned char&)
<LI><a href="#[88]">&gt;&gt;</a>&nbsp;&nbsp;&nbsp;FIFOBuffer&lang;unsigned char, (unsigned short)50&rang;::Get(unsigned char&)
</UL>
<BR>[Called By]<UL><LI><a href="#[31]">&gt;&gt;</a>&nbsp;&nbsp;&nbsp;USART3_IRQHandler
<LI><a href="#[30]">&gt;&gt;</a>&nbsp;&nbsp;&nbsp;USART2_IRQHandler
<LI><a href="#[2f]">&gt;&gt;</a>&nbsp;&nbsp;&nbsp;USART1_IRQHandler
</UL>

<P><STRONG><a name="[50]"></a>USART::DmaIrq()</STRONG> (Thumb, 134 bytes, Stack size 16 bytes, usart.o(i._ZN5USART6DmaIrqEv))
<BR><BR>[Stack]<UL><LI>Max Depth = 28<LI>Call Chain = USART::DmaIrq() &rArr; FIFOBuffer&lang;unsigned char, (unsigned short)50&rang;::Gets(unsigned char*, unsigned short)
</UL>
<BR>[Calls]<UL><LI><a href="#[8e]">&gt;&gt;</a>&nbsp;&nbsp;&nbsp;DMA_Cmd
<LI><a href="#[8b]">&gt;&gt;</a>&nbsp;&nbsp;&nbsp;DMA_GetFlagStatus
<LI><a href="#[8c]">&gt;&gt;</a>&nbsp;&nbsp;&nbsp;DMA_ClearITPendingBit
<LI><a href="#[8d]">&gt;&gt;</a>&nbsp;&nbsp;&nbsp;DMA_ClearFlag
<LI><a href="#[81]">&gt;&gt;</a>&nbsp;&nbsp;&nbsp;FIFOBuffer&lang;unsigned char, (unsigned short)50&rang;::Size()
<LI><a href="#[82]">&gt;&gt;</a>&nbsp;&nbsp;&nbsp;FIFOBuffer&lang;unsigned char, (unsigned short)50&rang;::Gets(unsigned char*, unsigned short)
</UL>
<BR>[Called By]<UL><LI><a href="#[1b]">&gt;&gt;</a>&nbsp;&nbsp;&nbsp;DMA1_Channel7_IRQHandler
<LI><a href="#[18]">&gt;&gt;</a>&nbsp;&nbsp;&nbsp;DMA1_Channel4_IRQHandler
<LI><a href="#[16]">&gt;&gt;</a>&nbsp;&nbsp;&nbsp;DMA1_Channel2_IRQHandler
</UL>

<P><STRONG><a name="[7d]"></a>USART::SendData(unsigned char*, unsigned)</STRONG> (Thumb, 208 bytes, Stack size 24 bytes, usart.o(i._ZN5USART8SendDataEPhj))
<BR><BR>[Stack]<UL><LI>Max Depth = 44<LI>Call Chain = USART::SendData(unsigned char*, unsigned) &rArr; USART_ITConfig
</UL>
<BR>[Calls]<UL><LI><a href="#[8e]">&gt;&gt;</a>&nbsp;&nbsp;&nbsp;DMA_Cmd
<LI><a href="#[89]">&gt;&gt;</a>&nbsp;&nbsp;&nbsp;USART_SendData
<LI><a href="#[8a]">&gt;&gt;</a>&nbsp;&nbsp;&nbsp;USART_ITConfig
<LI><a href="#[90]">&gt;&gt;</a>&nbsp;&nbsp;&nbsp;USART_GetFlagStatus
<LI><a href="#[87]">&gt;&gt;</a>&nbsp;&nbsp;&nbsp;USART_ClearITPendingBit
<LI><a href="#[81]">&gt;&gt;</a>&nbsp;&nbsp;&nbsp;FIFOBuffer&lang;unsigned char, (unsigned short)50&rang;::Size()
<LI><a href="#[8f]">&gt;&gt;</a>&nbsp;&nbsp;&nbsp;FIFOBuffer&lang;unsigned char, (unsigned short)50&rang;::Puts(unsigned char*, unsigned short)
<LI><a href="#[82]">&gt;&gt;</a>&nbsp;&nbsp;&nbsp;FIFOBuffer&lang;unsigned char, (unsigned short)50&rang;::Gets(unsigned char*, unsigned short)
<LI><a href="#[88]">&gt;&gt;</a>&nbsp;&nbsp;&nbsp;FIFOBuffer&lang;unsigned char, (unsigned short)50&rang;::Get(unsigned char&)
</UL>
<BR>[Called By]<UL><LI><a href="#[9c]">&gt;&gt;</a>&nbsp;&nbsp;&nbsp;USART::operator &lang;&lang;(char)
<LI><a href="#[72]">&gt;&gt;</a>&nbsp;&nbsp;&nbsp;esp8266::Send(int, unsigned char*)
<LI><a href="#[74]">&gt;&gt;</a>&nbsp;&nbsp;&nbsp;esp8266::Send(char, int, unsigned char*)
<LI><a href="#[9d]">&gt;&gt;</a>&nbsp;&nbsp;&nbsp;USART::operator &lang;&lang;(int)
<LI><a href="#[9b]">&gt;&gt;</a>&nbsp;&nbsp;&nbsp;USART::operator &lang;&lang;(const char*)
<LI><a href="#[7c]">&gt;&gt;</a>&nbsp;&nbsp;&nbsp;HCHO::Updata()
</UL>

<P><STRONG><a name="[91]"></a>USART::USART(unsigned char, unsigned, bool, unsigned char, unsigned char, unsigned char, unsigned char, unsigned char, unsigned short, unsigned short, unsigned short)</STRONG> (Thumb, 870 bytes, Stack size 112 bytes, usart.o(i._ZN5USARTC1Ehjbhhhhhttt))
<BR><BR>[Stack]<UL><LI>Max Depth = 180<LI>Call Chain = USART::USART(unsigned char, unsigned, bool, unsigned char, unsigned char, unsigned char, unsigned char, unsigned char, unsigned short, unsigned short, unsigned short) &rArr; USART_Init &rArr; RCC_GetClocksFreq
</UL>
<BR>[Calls]<UL><LI><a href="#[76]">&gt;&gt;</a>&nbsp;&nbsp;&nbsp;RCC_APB2PeriphClockCmd
<LI><a href="#[97]">&gt;&gt;</a>&nbsp;&nbsp;&nbsp;RCC_AHBPeriphClockCmd
<LI><a href="#[7b]">&gt;&gt;</a>&nbsp;&nbsp;&nbsp;GPIO_Init
<LI><a href="#[98]">&gt;&gt;</a>&nbsp;&nbsp;&nbsp;DMA_Init
<LI><a href="#[8e]">&gt;&gt;</a>&nbsp;&nbsp;&nbsp;DMA_Cmd
<LI><a href="#[59]">&gt;&gt;</a>&nbsp;&nbsp;&nbsp;USART_Init
<LI><a href="#[8a]">&gt;&gt;</a>&nbsp;&nbsp;&nbsp;USART_ITConfig
<LI><a href="#[96]">&gt;&gt;</a>&nbsp;&nbsp;&nbsp;USART_DMACmd
<LI><a href="#[95]">&gt;&gt;</a>&nbsp;&nbsp;&nbsp;USART_Cmd
<LI><a href="#[94]">&gt;&gt;</a>&nbsp;&nbsp;&nbsp;RCC_APB1PeriphClockCmd
<LI><a href="#[99]">&gt;&gt;</a>&nbsp;&nbsp;&nbsp;NVIC_PriorityGroupConfig
<LI><a href="#[9a]">&gt;&gt;</a>&nbsp;&nbsp;&nbsp;NVIC_Init
<LI><a href="#[93]">&gt;&gt;</a>&nbsp;&nbsp;&nbsp;GPIO_PinRemapConfig
<LI><a href="#[92]">&gt;&gt;</a>&nbsp;&nbsp;&nbsp;FIFOBuffer&lang;unsigned char, (unsigned short)50&rang;::FIFOBuffer()
</UL>
<BR>[Called By]<UL><LI><a href="#[3a]">&gt;&gt;</a>&nbsp;&nbsp;&nbsp;__sti___8_main_cpp_com
</UL>

<P><STRONG><a name="[d1]"></a>USART::USART__sub_object(unsigned char, unsigned, bool, unsigned char, unsigned char, unsigned char, unsigned char, unsigned char, unsigned short, unsigned short, unsigned short)</STRONG> (Thumb, 0 bytes, Stack size 112 bytes, usart.o(i._ZN5USARTC1Ehjbhhhhhttt), UNUSED)

<P><STRONG><a name="[38]"></a>USART::~USART()</STRONG> (Thumb, 54 bytes, Stack size 0 bytes, usart.o(i._ZN5USARTD1Ev))
<BR>[Address Reference Count : 1]<UL><LI> main.o(i.__sti___8_main_cpp_com)
</UL>
<P><STRONG><a name="[d2]"></a>USART::~USART__sub_object()</STRONG> (Thumb, 0 bytes, Stack size 0 bytes, usart.o(i._ZN5USARTD1Ev), UNUSED)

<P><STRONG><a name="[9b]"></a>USART::operator &lang;&lang;(const char*)</STRONG> (Thumb, 36 bytes, Stack size 16 bytes, usart.o(i._ZN5USARTlsEPKc))
<BR><BR>[Stack]<UL><LI>Max Depth = 60<LI>Call Chain = USART::operator &lang;&lang;(const char*) &rArr; USART::SendData(unsigned char*, unsigned) &rArr; USART_ITConfig
</UL>
<BR>[Calls]<UL><LI><a href="#[7d]">&gt;&gt;</a>&nbsp;&nbsp;&nbsp;USART::SendData(unsigned char*, unsigned)
</UL>
<BR>[Called By]<UL><LI><a href="#[ad]">&gt;&gt;</a>&nbsp;&nbsp;&nbsp;esp8266::restart()
<LI><a href="#[ac]">&gt;&gt;</a>&nbsp;&nbsp;&nbsp;esp8266::SetMode(int)
<LI><a href="#[b0]">&gt;&gt;</a>&nbsp;&nbsp;&nbsp;esp8266::SetMUX(bool)
<LI><a href="#[ae]">&gt;&gt;</a>&nbsp;&nbsp;&nbsp;esp8266::JoinAP(char*, char*)
<LI><a href="#[ab]">&gt;&gt;</a>&nbsp;&nbsp;&nbsp;esp8266::kick()
<LI><a href="#[a8]">&gt;&gt;</a>&nbsp;&nbsp;&nbsp;esp8266::CreateConnectMode(char*, short, signed char)
<LI><a href="#[a7]">&gt;&gt;</a>&nbsp;&nbsp;&nbsp;esp8266::CreateServerMode(short)
<LI><a href="#[a1]">&gt;&gt;</a>&nbsp;&nbsp;&nbsp;esp8266::SetTimeout(int)
<LI><a href="#[72]">&gt;&gt;</a>&nbsp;&nbsp;&nbsp;esp8266::Send(int, unsigned char*)
<LI><a href="#[74]">&gt;&gt;</a>&nbsp;&nbsp;&nbsp;esp8266::Send(char, int, unsigned char*)
<LI><a href="#[35]">&gt;&gt;</a>&nbsp;&nbsp;&nbsp;main
</UL>

<P><STRONG><a name="[9c]"></a>USART::operator &lang;&lang;(char)</STRONG> (Thumb, 18 bytes, Stack size 16 bytes, usart.o(i._ZN5USARTlsEc))
<BR><BR>[Stack]<UL><LI>Max Depth = 60<LI>Call Chain = USART::operator &lang;&lang;(char) &rArr; USART::SendData(unsigned char*, unsigned) &rArr; USART_ITConfig
</UL>
<BR>[Calls]<UL><LI><a href="#[7d]">&gt;&gt;</a>&nbsp;&nbsp;&nbsp;USART::SendData(unsigned char*, unsigned)
</UL>
<BR>[Called By]<UL><LI><a href="#[74]">&gt;&gt;</a>&nbsp;&nbsp;&nbsp;esp8266::Send(char, int, unsigned char*)
</UL>

<P><STRONG><a name="[9d]"></a>USART::operator &lang;&lang;(int)</STRONG> (Thumb, 94 bytes, Stack size 32 bytes, usart.o(i._ZN5USARTlsEi))
<BR><BR>[Stack]<UL><LI>Max Depth = 76<LI>Call Chain = USART::operator &lang;&lang;(int) &rArr; USART::SendData(unsigned char*, unsigned) &rArr; USART_ITConfig
</UL>
<BR>[Calls]<UL><LI><a href="#[7d]">&gt;&gt;</a>&nbsp;&nbsp;&nbsp;USART::SendData(unsigned char*, unsigned)
</UL>
<BR>[Called By]<UL><LI><a href="#[ac]">&gt;&gt;</a>&nbsp;&nbsp;&nbsp;esp8266::SetMode(int)
<LI><a href="#[b0]">&gt;&gt;</a>&nbsp;&nbsp;&nbsp;esp8266::SetMUX(bool)
<LI><a href="#[a8]">&gt;&gt;</a>&nbsp;&nbsp;&nbsp;esp8266::CreateConnectMode(char*, short, signed char)
<LI><a href="#[a7]">&gt;&gt;</a>&nbsp;&nbsp;&nbsp;esp8266::CreateServerMode(short)
<LI><a href="#[a1]">&gt;&gt;</a>&nbsp;&nbsp;&nbsp;esp8266::SetTimeout(int)
<LI><a href="#[72]">&gt;&gt;</a>&nbsp;&nbsp;&nbsp;esp8266::Send(int, unsigned char*)
<LI><a href="#[74]">&gt;&gt;</a>&nbsp;&nbsp;&nbsp;esp8266::Send(char, int, unsigned char*)
<LI><a href="#[35]">&gt;&gt;</a>&nbsp;&nbsp;&nbsp;main
</UL>

<P><STRONG><a name="[5c]"></a>Memory::Read(unsigned short, unsigned short, unsigned short*, unsigned short)</STRONG> (Thumb, 76 bytes, Stack size 20 bytes, memory.o(i._ZN6Memory4ReadEttPtt))
<BR><BR>[Stack]<UL><LI>Max Depth = 20<LI>Call Chain = Memory::Read(unsigned short, unsigned short, unsigned short*, unsigned short)
</UL>
<BR>[Called By]<UL><LI><a href="#[5e]">&gt;&gt;</a>&nbsp;&nbsp;&nbsp;WifiMemory::LoadSaveInfo()
<LI><a href="#[5b]">&gt;&gt;</a>&nbsp;&nbsp;&nbsp;WifiMemory::ClearAllData()
</UL>

<P><STRONG><a name="[5d]"></a>Memory::Clear(unsigned short)</STRONG> (Thumb, 40 bytes, Stack size 16 bytes, memory.o(i._ZN6Memory5ClearEt))
<BR><BR>[Stack]<UL><LI>Max Depth = 32<LI>Call Chain = Memory::Clear(unsigned short) &rArr; FLASH_ErasePage &rArr; FLASH_WaitForLastOperation
</UL>
<BR>[Calls]<UL><LI><a href="#[9e]">&gt;&gt;</a>&nbsp;&nbsp;&nbsp;FLASH_Unlock
<LI><a href="#[a0]">&gt;&gt;</a>&nbsp;&nbsp;&nbsp;FLASH_Lock
<LI><a href="#[51]">&gt;&gt;</a>&nbsp;&nbsp;&nbsp;FLASH_ErasePage
<LI><a href="#[9f]">&gt;&gt;</a>&nbsp;&nbsp;&nbsp;FLASH_ClearFlag
</UL>
<BR>[Called By]<UL><LI><a href="#[5b]">&gt;&gt;</a>&nbsp;&nbsp;&nbsp;WifiMemory::ClearAllData()
</UL>

<P><STRONG><a name="[62]"></a>Memory::Write(unsigned short, unsigned short, char*)</STRONG> (Thumb, 190 bytes, Stack size 32 bytes, memory.o(i._ZN6Memory5WriteEttPc))
<BR><BR>[Stack]<UL><LI>Max Depth = 52<LI>Call Chain = Memory::Write(unsigned short, unsigned short, char*) &rArr; FLASH_ProgramHalfWord &rArr; FLASH_WaitForLastOperation
</UL>
<BR>[Calls]<UL><LI><a href="#[9e]">&gt;&gt;</a>&nbsp;&nbsp;&nbsp;FLASH_Unlock
<LI><a href="#[53]">&gt;&gt;</a>&nbsp;&nbsp;&nbsp;FLASH_ProgramHalfWord
<LI><a href="#[a0]">&gt;&gt;</a>&nbsp;&nbsp;&nbsp;FLASH_Lock
<LI><a href="#[51]">&gt;&gt;</a>&nbsp;&nbsp;&nbsp;FLASH_ErasePage
<LI><a href="#[9f]">&gt;&gt;</a>&nbsp;&nbsp;&nbsp;FLASH_ClearFlag
</UL>
<BR>[Called By]<UL><LI><a href="#[61]">&gt;&gt;</a>&nbsp;&nbsp;&nbsp;WifiMemory::Save(char*, char*)
</UL>

[...]
<BR><BR>[Stack]<UL><LI>Max Depth = 200<LI>Call Chain = esp8266::Send(char, int, unsigned char*) &rArr; TaskManager::DelayMs(unsigned short) &rArr; TaskManager::Time() &rArr; __aeabi_dsub &rArr; __aeabi_dadd &rArr; _double_epilogue &rArr; _double_round
</UL>
<BR>[Calls]<UL><LI><a href="#[9c]">&gt;&gt;</a>&nbsp;&nbsp;&nbsp;USART::operator &lang;&lang;(char)
<LI><a href="#[68]">&gt;&gt;</a>&nbsp;&nbsp;&nbsp;TaskManager::DelayMs(unsigned short)
<LI><a href="#[7d]">&gt;&gt;</a>&nbsp;&nbsp;&nbsp;USART::SendData(unsigned char*, unsigned)
<LI><a href="#[9d]">&gt;&gt;</a>&nbsp;&nbsp;&nbsp;USART::operator &lang;&lang;(int)
<LI><a href="#[9b]">&gt;&gt;</a>&nbsp;&nbsp;&nbsp;USART::operator &lang;&lang;(const char*)
</UL>
<BR>[Called By]<UL><LI><a href="#[70]">&gt;&gt;</a>&nbsp;&nbsp;&nbsp;Transmission::SendAlive(esp8266&, unsigned char, bool)
<LI><a href="#[35]">&gt;&gt;</a>&nbsp;&nbsp;&nbsp;main
</UL>

<P><STRONG><a name="[72]"></a>esp8266::Send(int, unsigned char*)</STRONG> (Thumb, 56 bytes, Stack size 24 bytes, esp8266.o(i._ZN7esp82664SendEiPh))
<BR><BR>[Stack]<UL><LI>Max Depth = 192<LI>Call Chain = esp8266::Send(int, unsigned char*) &rArr; TaskManager::DelayMs(unsigned short) &rArr; TaskManager::Time() &rArr; __aeabi_dsub &rArr; __aeabi_dadd &rArr; _double_epilogue &rArr; _double_round
</UL>
<BR>[Calls]<UL><LI><a href="#[68]">&gt;&gt;</a>&nbsp;&nbsp;&nbsp;TaskManager::DelayMs(unsigned short)
<LI><a href="#[7d]">&gt;&gt;</a>&nbsp;&nbsp;&nbsp;USART::SendData(unsigned char*, unsigned)
<LI><a href="#[9d]">&gt;&gt;</a>&nbsp;&nbsp;&nbsp;USART::operator &lang;&lang;(int)
<LI><a href="#[9b]">&gt;&gt;</a>&nbsp;&nbsp;&nbsp;USART::operator &lang;&lang;(const char*)
</UL>
<BR>[Called By]<UL><LI><a href="#[70]">&gt;&gt;</a>&nbsp;&nbsp;&nbsp;Transmission::SendAlive(esp8266&, unsigned char, bool)
<LI><a href="#[35]">&gt;&gt;</a>&nbsp;&nbsp;&nbsp;main
</UL>

<P><STRONG><a name="[ab]"></a>esp8266::kick()</STRONG> (Thumb, 24 bytes, Stack size 8 bytes, esp8266.o(i._ZN7esp82664kickEv))
<BR><BR>[Stack]<UL><LI>Max Depth = 208<LI>Call Chain = esp8266::kick() &rArr; esp8266::RecvFind(const char*, unsigned char) &rArr; esp8266::ReceiveAndWait(const char*, unsigned char) &rArr; TaskManager::Time() &rArr; __aeabi_dsub &rArr; __aeabi_dadd &rArr; _double_epilogue &rArr; _double_round
</UL>
<BR>[Calls]<UL><LI><a href="#[a2]">&gt;&gt;</a>&nbsp;&nbsp;&nbsp;esp8266::RecvFind(const char*, unsigned char)
<LI><a href="#[9b]">&gt;&gt;</a>&nbsp;&nbsp;&nbsp;USART::operator &lang;&lang;(const char*)
</UL>
<BR>[Called By]<UL><LI><a href="#[af]">&gt;&gt;</a>&nbsp;&nbsp;&nbsp;esp8266::ConnectNetwork_server(short)
<LI><a href="#[aa]">&gt;&gt;</a>&nbsp;&nbsp;&nbsp;esp8266::ConnectNetwork_client(char*, char*, char*, short)
</UL>

<P><STRONG><a name="[ae]"></a>esp8266::JoinAP(char*, char*)</STRONG> (Thumb, 98 bytes, Stack size 32 bytes, esp8266.o(i._ZN7esp82666JoinAPEPcS0_))
<BR><BR>[Stack]<UL><LI>Max Depth = 208<LI>Call Chain = esp8266::JoinAP(char*, char*) &rArr; esp8266::ReceiveAndWait(const char*, const char*, unsigned char) &rArr; TaskManager::Time() &rArr; __aeabi_dsub &rArr; __aeabi_dadd &rArr; _double_epilogue &rArr; _double_round
</UL>
<BR>[Calls]<UL><LI><a href="#[a5]">&gt;&gt;</a>&nbsp;&nbsp;&nbsp;std::strstr(char*, const char*)
<LI><a href="#[a3]">&gt;&gt;</a>&nbsp;&nbsp;&nbsp;esp8266::ReceiveAndWait(const char*, const char*, unsigned char)
<LI><a href="#[9b]">&gt;&gt;</a>&nbsp;&nbsp;&nbsp;USART::operator &lang;&lang;(const char*)
</UL>
<BR>[Called By]<UL><LI><a href="#[aa]">&gt;&gt;</a>&nbsp;&nbsp;&nbsp;esp8266::ConnectNetwork_client(char*, char*, char*, short)
</UL>

<P><STRONG><a name="[b0]"></a>esp8266::SetMUX(bool)</STRONG> (Thumb, 46 bytes, Stack size 24 bytes, esp8266.o(i._ZN7esp82666SetMUXEb))
<BR><BR>[Stack]<UL><LI>Max Depth = 224<LI>Call Chain = esp8266::SetMUX(bool) &rArr; esp8266::RecvFind(const char*, unsigned char) &rArr; esp8266::ReceiveAndWait(const char*, unsigned char) &rArr; TaskManager::Time() &rArr; __aeabi_dsub &rArr; __aeabi_dadd &rArr; _double_epilogue &rArr; _double_round
</UL>
<BR>[Calls]<UL><LI><a href="#[a2]">&gt;&gt;</a>&nbsp;&nbsp;&nbsp;esp8266::RecvFind(const char*, unsigned char)
<LI><a href="#[9d]">&gt;&gt;</a>&nbsp;&nbsp;&nbsp;USART::operator &lang;&lang;(int)
<LI><a href="#[9b]">&gt;&gt;</a>&nbsp;&nbsp;&nbsp;USART::operator &lang;&lang;(const char*)
</UL>
<BR>[Called By]<UL><LI><a href="#[af]">&gt;&gt;</a>&nbsp;&nbsp;&nbsp;esp8266::ConnectNetwork_server(short)
</UL>

<P><STRONG><a name="[ac]"></a>esp8266::SetMode(int)</STRONG> (Thumb, 68 bytes, Stack size 16 bytes, esp8266.o(i._ZN7esp82667SetModeEi))
<BR><BR>[Stack]<UL><LI>Max Depth = 192<LI>Call Chain = esp8266::SetMode(int) &rArr; esp8266::ReceiveAndWait(const char*, const char*, unsigned char) &rArr; TaskManager::Time() &rArr; __aeabi_dsub &rArr; __aeabi_dadd &rArr; _double_epilogue &rArr; _double_round
</UL>
<BR>[Calls]<UL><LI><a href="#[a5]">&gt;&gt;</a>&nbsp;&nbsp;&nbsp;std::strstr(char*, const char*)
<LI><a href="#[a3]">&gt;&gt;</a>&nbsp;&nbsp;&nbsp;esp8266::ReceiveAndWait(const char*, const char*, unsigned char)
<LI><a href="#[9d]">&gt;&gt;</a>&nbsp;&nbsp;&nbsp;USART::operator &lang;&lang;(int)
<LI><a href="#[9b]">&gt;&gt;</a>&nbsp;&nbsp;&nbsp;USART::operator &lang;&lang;(const char*)
</UL>
<BR>[Called By]<UL><LI><a href="#[af]">&gt;&gt;</a>&nbsp;&nbsp;&nbsp;esp8266::ConnectNetwork_server(short)
<LI><a href="#[aa]">&gt;&gt;</a>&nbsp;&nbsp;&nbsp;esp8266::ConnectNetwork_client(char*, char*, char*, short)
</UL>

<P><STRONG><a name="[ad]"></a>esp8266::restart()</STRONG> (Thumb, 24 bytes, Stack size 8 bytes, esp8266.o(i._ZN7esp82667restartEv))
<BR><BR>[Stack]<UL><LI>Max Depth = 208<LI>Call Chain = esp8266::restart() &rArr; esp8266::RecvFind(const char*, unsigned char) &rArr; esp8266::ReceiveAndWait(const char*, unsigned char) &rArr; TaskManager::Time() &rArr; __aeabi_dsub &rArr; __aeabi_dadd &rArr; _double_epilogue &rArr; _double_round
</UL>
<BR>[Calls]<UL><LI><a href="#[a2]">&gt;&gt;</a>&nbsp;&nbsp;&nbsp;esp8266::RecvFind(const char*, unsigned char)
<LI><a href="#[9b]">&gt;&gt;</a>&nbsp;&nbsp;&nbsp;USART::operator &lang;&lang;(const char*)
</UL>
<BR>[Called By]<UL><LI><a href="#[af]">&gt;&gt;</a>&nbsp;&nbsp;&nbsp;esp8266::ConnectNetwork_server(short)
<LI><a href="#[aa]">&gt;&gt;</a>&nbsp;&nbsp;&nbsp;esp8266::ConnectNetwork_client(char*, char*, char*, short)
</UL>

<P><STRONG><a name="[a9]"></a>esp8266::RecvFind(const char*, const char*, unsigned char)</STRONG> (Thumb, 36 bytes, Stack size 24 bytes, esp8266.o(i._ZN7esp82668RecvFindEPKcS1_h))
<BR><BR>[Stack]<UL><LI>Max Depth = 200<LI>Call Chain = esp8266::RecvFind(const char*, const char*, unsigned char) &rArr; esp8266::ReceiveAndWait(const char*, const char*, unsigned char) &rArr; TaskManager::Time() &rArr; __aeabi_dsub &rArr; __aeabi_dadd &rArr; _double_epilogue &rArr; _double_round
</UL>
<BR>[Calls]<UL><LI><a href="#[a3]">&gt;&gt;</a>&nbsp;&nbsp;&nbsp;esp8266::ReceiveAndWait(const char*, const char*, unsigned char)
</UL>
<BR>[Called By]<UL><LI><a href="#[a8]">&gt;&gt;</a>&nbsp;&nbsp;&nbsp;esp8266::CreateConnectMode(char*, short, signed char)
</UL>

<P><STRONG><a name="[a2]"></a>esp8266::RecvFind(const char*, unsigned char)</STRONG> (Thumb, 28 bytes, Stack size 16 bytes, esp8266.o(i._ZN7esp82668RecvFindEPKch))
<BR><BR>[Stack]<UL><LI>Max Depth = 200<LI>Call Chain = esp8266::RecvFind(const char*, unsigned char) &rArr; esp8266::ReceiveAndWait(const char*, unsigned char) &rArr; TaskManager::Time() &rArr; __aeabi_dsub &rArr; __aeabi_dadd &rArr; _double_epilogue &rArr; _double_round
</UL>
<BR>[Calls]<UL><LI><a href="#[a6]">&gt;&gt;</a>&nbsp;&nbsp;&nbsp;esp8266::ReceiveAndWait(const char*, unsigned char)
</UL>
<BR>[Called By]<UL><LI><a href="#[ad]">&gt;&gt;</a>&nbsp;&nbsp;&nbsp;esp8266::restart()
<LI><a href="#[b0]">&gt;&gt;</a>&nbsp;&nbsp;&nbsp;esp8266::SetMUX(bool)
<LI><a href="#[ab]">&gt;&gt;</a>&nbsp;&nbsp;&nbsp;esp8266::kick()
<LI><a href="#[a7]">&gt;&gt;</a>&nbsp;&nbsp;&nbsp;esp8266::CreateServerMode(short)
<LI><a href="#[a1]">&gt;&gt;</a>&nbsp;&nbsp;&nbsp;esp8266::SetTimeout(int)
</UL>

<P><STRONG><a name="[ba]"></a>esp8266::esp8266(USART&)</STRONG> (Thumb, 4 bytes, Stack size 0 bytes, esp8266.o(i._ZN7esp8266C1ER5USART))
<BR><BR>[Called By]<UL><LI><a href="#[3a]">&gt;&gt;</a>&nbsp;&nbsp;&nbsp;__sti___8_main_cpp_com
</UL>

<P><STRONG><a name="[d4]"></a>esp8266::esp8266__sub_object(USART&)</STRONG> (Thumb, 0 bytes, Stack size 0 bytes, esp8266.o(i._ZN7esp8266C1ER5USART), UNUSED)

<P><STRONG><a name="[a5]"></a>std::strstr(char*, const char*)</STRONG> (Thumb, 16 bytes, Stack size 16 bytes, esp8266.o(i._ZSt6strstrPcPKc))
<BR><BR>[Stack]<UL><LI>Max Depth = 28<LI>Call Chain = std::strstr(char*, const char*) &rArr; strstr
</UL>
<BR>[Calls]<UL><LI><a href="#[b1]">&gt;&gt;</a>&nbsp;&nbsp;&nbsp;strstr
</UL>
<BR>[Called By]<UL><LI><a href="#[ac]">&gt;&gt;</a>&nbsp;&nbsp;&nbsp;esp8266::SetMode(int)
<LI><a href="#[ae]">&gt;&gt;</a>&nbsp;&nbsp;&nbsp;esp8266::JoinAP(char*, char*)
<LI><a href="#[a6]">&gt;&gt;</a>&nbsp;&nbsp;&nbsp;esp8266::ReceiveAndWait(const char*, unsigned char)
<LI><a href="#[a3]">&gt;&gt;</a>&nbsp;&nbsp;&nbsp;esp8266::ReceiveAndWait(const char*, const char*, unsigned char)
</UL>

<P><STRONG><a name="[b2]"></a>__aeabi_atexit</STRONG> (Thumb, 50 bytes, Stack size 24 bytes, aeabi_atexit.o(i.__aeabi_atexit))
<BR><BR>[Stack]<UL><LI>Max Depth = 44<LI>Call Chain = __aeabi_atexit &rArr; malloc
</UL>
<BR>[Calls]<UL><LI><a href="#[b3]">&gt;&gt;</a>&nbsp;&nbsp;&nbsp;__rt_ddtor_pointer_addr
<LI><a href="#[42]">&gt;&gt;</a>&nbsp;&nbsp;&nbsp;malloc
</UL>
<BR>[Called By]<UL><LI><a href="#[3a]">&gt;&gt;</a>&nbsp;&nbsp;&nbsp;__sti___8_main_cpp_com
</UL>

<P><STRONG><a name="[b4]"></a>__cxa_finalize</STRONG> (Thumb, 66 bytes, Stack size 24 bytes, cxa_finalize.o(i.__cxa_finalize), UNUSED)
<BR><BR>[Calls]<UL><LI><a href="#[b3]">&gt;&gt;</a>&nbsp;&nbsp;&nbsp;__rt_ddtor_pointer_addr
<LI><a href="#[b5]">&gt;&gt;</a>&nbsp;&nbsp;&nbsp;free
</UL>

<P><STRONG><a name="[d5]"></a>__scatterload_copy</STRONG> (Thumb, 14 bytes, Stack size unknown bytes, handlers.o(i.__scatterload_copy), UNUSED)

<P><STRONG><a name="[d6]"></a>__scatterload_null</STRONG> (Thumb, 2 bytes, Stack size unknown bytes, handlers.o(i.__scatterload_null), UNUSED)

<P><STRONG><a name="[d7]"></a>__scatterload_zeroinit</STRONG> (Thumb, 14 bytes, Stack size unknown bytes, handlers.o(i.__scatterload_zeroinit), UNUSED)

<P><STRONG><a name="[b5]"></a>free</STRONG> (Thumb, 76 bytes, Stack size 8 bytes, malloc.o(i.free), UNUSED)
<BR><BR>[Called By]<UL><LI><a href="#[b4]">&gt;&gt;</a>&nbsp;&nbsp;&nbsp;__cxa_finalize
</UL>

<P><STRONG><a name="[35]"></a>main</STRONG> (Thumb, 696 bytes, Stack size 32 bytes, main.o(i.main))
<BR><BR>[Stack]<UL><LI>Max Depth = 328<LI>Call Chain = main &rArr; esp8266::ConnectNetwork_client(char*, char*, char*, short) &rArr; esp8266::CreateConnectMode(char*, short, signed char) &rArr; esp8266::RecvFind(const char*, const char*, unsigned char) &rArr; esp8266::ReceiveAndWait(const char*, const char*, unsigned char) &rArr; TaskManager::Time() &rArr; __aeabi_dsub &rArr; __aeabi_dadd &rArr; _double_epilogue &rArr; _double_round
</UL>
<BR>[Calls]<UL><LI><a href="#[72]">&gt;&gt;</a>&nbsp;&nbsp;&nbsp;esp8266::Send(int, unsigned char*)
<LI><a href="#[74]">&gt;&gt;</a>&nbsp;&nbsp;&nbsp;esp8266::Send(char, int, unsigned char*)
<LI><a href="#[af]">&gt;&gt;</a>&nbsp;&nbsp;&nbsp;esp8266::ConnectNetwork_server(short)
<LI><a href="#[aa]">&gt;&gt;</a>&nbsp;&nbsp;&nbsp;esp8266::ConnectNetwork_client(char*, char*, char*, short)
<LI><a href="#[9d]">&gt;&gt;</a>&nbsp;&nbsp;&nbsp;USART::operator &lang;&lang;(int)
<LI><a href="#[9b]">&gt;&gt;</a>&nbsp;&nbsp;&nbsp;USART::operator &lang;&lang;(const char*)
<LI><a href="#[6d]">&gt;&gt;</a>&nbsp;&nbsp;&nbsp;USART::ClearReceiveBuffer()
<LI><a href="#[80]">&gt;&gt;</a>&nbsp;&nbsp;&nbsp;hint::ledFlicker_2s()
<LI><a href="#[7c]">&gt;&gt;</a>&nbsp;&nbsp;&nbsp;HCHO::Updata()
<LI><a href="#[77]">&gt;&gt;</a>&nbsp;&nbsp;&nbsp;GPIO::SetLevel(unsigned char)
<LI><a href="#[70]">&gt;&gt;</a>&nbsp;&nbsp;&nbsp;Transmission::SendAlive(esp8266&, unsigned char, bool)
<LI><a href="#[6f]">&gt;&gt;</a>&nbsp;&nbsp;&nbsp;Transmission::GetWifiNameAndPassword(char*, char*, USART&)
<LI><a href="#[6a]">&gt;&gt;</a>&nbsp;&nbsp;&nbsp;Transmission::GetStateOrder(USART&)
<LI><a href="#[71]">&gt;&gt;</a>&nbsp;&nbsp;&nbsp;Transmission::ToServerPack(unsigned char, unsigned char, unsigned char, unsigned char)
<LI><a href="#[73]">&gt;&gt;</a>&nbsp;&nbsp;&nbsp;Transmission::ToClientPack(unsigned char, unsigned char, unsigned char, unsigned char)
<LI><a href="#[69]">&gt;&gt;</a>&nbsp;&nbsp;&nbsp;TaskManager::ClockTool(double&, double)
<LI><a href="#[66]">&gt;&gt;</a>&nbsp;&nbsp;&nbsp;TaskManager::DelayS(unsigned short)
<LI><a href="#[64]">&gt;&gt;</a>&nbsp;&nbsp;&nbsp;TaskManager::Time()
<LI><a href="#[61]">&gt;&gt;</a>&nbsp;&nbsp;&nbsp;WifiMemory::Save(char*, char*)
<LI><a href="#[5b]">&gt;&gt;</a>&nbsp;&nbsp;&nbsp;WifiMemory::ClearAllData()
<LI><a href="#[41]">&gt;&gt;</a>&nbsp;&nbsp;&nbsp;calloc
</UL>
<BR>[Address Reference Count : 1]<UL><LI> entry9a.o(.ARM.Collect$$$$0000000B)
</UL>
<P><STRONG><a name="[42]"></a>malloc</STRONG> (Thumb, 92 bytes, Stack size 20 bytes, malloc.o(i.malloc))
<BR><BR>[Stack]<UL><LI>Max Depth = 20<LI>Call Chain = malloc
</UL>
<BR>[Called By]<UL><LI><a href="#[41]">&gt;&gt;</a>&nbsp;&nbsp;&nbsp;calloc
<LI><a href="#[b2]">&gt;&gt;</a>&nbsp;&nbsp;&nbsp;__aeabi_atexit
</UL>

<P><STRONG><a name="[88]"></a>FIFOBuffer&lang;unsigned char, (unsigned short)50&rang;::Get(unsigned char&)</STRONG> (Thumb, 48 bytes, Stack size 0 bytes, usart.o(t._ZN10FIFOBufferIhLt50EE3GetERh))
<BR><BR>[Called By]<UL><LI><a href="#[58]">&gt;&gt;</a>&nbsp;&nbsp;&nbsp;USART::Irq()
<LI><a href="#[7d]">&gt;&gt;</a>&nbsp;&nbsp;&nbsp;USART::SendData(unsigned char*, unsigned)
</UL>

<P><STRONG><a name="[86]"></a>FIFOBuffer&lang;unsigned char, (unsigned short)50&rang;::Put(const unsigned char&)</STRONG> (Thumb, 52 bytes, Stack size 8 bytes, usart.o(t._ZN10FIFOBufferIhLt50EE3PutERKh))
<BR><BR>[Stack]<UL><LI>Max Depth = 8<LI>Call Chain = FIFOBuffer&lang;unsigned char, (unsigned short)50&rang;::Put(const unsigned char&)
</UL>
<BR>[Called By]<UL><LI><a href="#[58]">&gt;&gt;</a>&nbsp;&nbsp;&nbsp;USART::Irq()
</UL>

<P><STRONG><a name="[82]"></a>FIFOBuffer&lang;unsigned char, (unsigned short)50&rang;::Gets(unsigned char*, unsigned short)</STRONG> (Thumb, 62 bytes, Stack size 12 bytes, usart.o(t._ZN10FIFOBufferIhLt50EE4GetsEPht))
<BR><BR>[Stack]<UL><LI>Max Depth = 12<LI>Call Chain = FIFOBuffer&lang;unsigned char, (unsigned short)50&rang;::Gets(unsigned char*, unsigned short)
</UL>
<BR>[Called By]<UL><LI><a href="#[50]">&gt;&gt;</a>&nbsp;&nbsp;&nbsp;USART::DmaIrq()
<LI><a href="#[7d]">&gt;&gt;</a>&nbsp;&nbsp;&nbsp;USART::SendData(unsigned char*, unsigned)
<LI><a href="#[6c]">&gt;&gt;</a>&nbsp;&nbsp;&nbsp;USART::GetReceivedData(unsigned char*, unsigned short)
</UL>

<P><STRONG><a name="[8f]"></a>FIFOBuffer&lang;unsigned char, (unsigned short)50&rang;::Puts(unsigned char*, unsigned short)</STRONG> (Thumb, 66 bytes, Stack size 16 bytes, usart.o(t._ZN10FIFOBufferIhLt50EE4PutsEPht))
<BR><BR>[Stack]<UL><LI>Max Depth = 16<LI>Call Chain = FIFOBuffer&lang;unsigned char, (unsigned short)50&rang;::Puts(unsigned char*, unsigned short)
</UL>
<BR>[Called By]<UL><LI><a href="#[7d]">&gt;&gt;</a>&nbsp;&nbsp;&nbsp;USART::SendData(unsigned char*, unsigned)
</UL>

<P><STRONG><a name="[81]"></a>FIFOBuffer&lang;unsigned char, (unsigned short)50&rang;::Size()</STRONG> (Thumb, 6 bytes, Stack size 0 bytes, usart.o(t._ZN10FIFOBufferIhLt50EE4SizeEv))
<BR><BR>[Called By]<UL><LI><a href="#[50]">&gt;&gt;</a>&nbsp;&nbsp;&nbsp;USART::DmaIrq()
<LI><a href="#[58]">&gt;&gt;</a>&nbsp;&nbsp;&nbsp;USART::Irq()
<LI><a href="#[7d]">&gt;&gt;</a>&nbsp;&nbsp;&nbsp;USART::SendData(unsigned char*, unsigned)
<LI><a href="#[6b]">&gt;&gt;</a>&nbsp;&nbsp;&nbsp;USART::ReceiveBufferSize()
<LI><a href="#[6c]">&gt;&gt;</a>&nbsp;&nbsp;&nbsp;USART::GetReceivedData(unsigned char*, unsigned short)
</UL>

<P><STRONG><a name="[83]"></a>FIFOBuffer&lang;unsigned char, (unsigned short)50&rang;::Clear()</STRONG> (Thumb, 10 bytes, Stack size 0 bytes, usart.o(t._ZN10FIFOBufferIhLt50EE5ClearEv))
<BR><BR>[Called By]<UL><LI><a href="#[6d]">&gt;&gt;</a>&nbsp;&nbsp;&nbsp;USART::ClearReceiveBuffer()
</UL>

<P><STRONG><a name="[92]"></a>FIFOBuffer&lang;unsigned char, (unsigned short)50&rang;::FIFOBuffer()</STRONG> (Thumb, 14 bytes, Stack size 0 bytes, usart.o(t._ZN10FIFOBufferIhLt50EEC1Ev))
<BR><BR>[Called By]<UL><LI><a href="#[91]">&gt;&gt;</a>&nbsp;&nbsp;&nbsp;USART::USART(unsigned char, unsigned, bool, unsigned char, unsigned char, unsigned char, unsigned char, unsigned char, unsigned short, unsigned short, unsigned short)
</UL>

<P><STRONG><a name="[d8]"></a>FIFOBuffer&lang;unsigned char, (unsigned short)50&rang;::FIFOBuffer__sub_object()</STRONG> (Thumb, 0 bytes, Stack size 0 bytes, usart.o(t._ZN10FIFOBufferIhLt50EEC1Ev), UNUSED)
<P>
<H3>
Local Symbols
</H3>
<P><STRONG><a name="[3a]"></a>__sti___8_main_cpp_com</STRONG> (Thumb, 258 bytes, Stack size 40 bytes, main.o(i.__sti___8_main_cpp_com))
<BR><BR>[Stack]<UL><LI>Max Depth = 220<LI>Call Chain = __sti___8_main_cpp_com &rArr; USART::USART(unsigned char, unsigned, bool, unsigned char, unsigned char, unsigned char, unsigned char, unsigned char, unsigned short, unsigned short, unsigned short) &rArr; USART_Init &rArr; RCC_GetClocksFreq
</UL>
<BR>[Calls]<UL><LI><a href="#[ba]">&gt;&gt;</a>&nbsp;&nbsp;&nbsp;esp8266::esp8266(USART&)
<LI><a href="#[b8]">&gt;&gt;</a>&nbsp;&nbsp;&nbsp;Memory::Memory(unsigned, bool)
<LI><a href="#[91]">&gt;&gt;</a>&nbsp;&nbsp;&nbsp;USART::USART(unsigned char, unsigned, bool, unsigned char, unsigned char, unsigned char, unsigned char, unsigned char, unsigned short, unsigned short, unsigned short)
<LI><a href="#[bb]">&gt;&gt;</a>&nbsp;&nbsp;&nbsp;hint::hint(GPIO, GPIO)
<LI><a href="#[b9]">&gt;&gt;</a>&nbsp;&nbsp;&nbsp;HCHO::HCHO(USART&)
<LI><a href="#[7a]">&gt;&gt;</a>&nbsp;&nbsp;&nbsp;GPIO::GPIO(GPIO_TypeDef*, unsigned short, GPIOMode_TypeDef, GPIOSpeed_TypeDef)
<LI><a href="#[63]">&gt;&gt;</a>&nbsp;&nbsp;&nbsp;WifiMemory::WifiMemory(Memory&)
<LI><a href="#[b2]">&gt;&gt;</a>&nbsp;&nbsp;&nbsp;__aeabi_atexit
</UL>
<BR>[Address Reference Count : 1]<UL><LI> main.o(.init_array)
</UL>
<P><STRONG><a name="[3b]"></a>__sti___16_transmission_cpp_4ab4cfbc</STRONG> (Thumb, 10 bytes, Stack size 4 bytes, transmission.o(i.__sti___16_transmission_cpp_4ab4cfbc))
<BR><BR>[Stack]<UL><LI>Max Depth = 4<LI>Call Chain = __sti___16_transmission_cpp_4ab4cfbc
</UL>
<BR>[Calls]<UL><LI><a href="#[b7]">&gt;&gt;</a>&nbsp;&nbsp;&nbsp;Transmission::Transmission()
</UL>
<BR>[Address Reference Count : 1]<UL><LI> transmission.o(.init_array)
</UL>
<P><STRONG><a name="[3c]"></a>__sti___15_TaskManager_cpp_tskmgr</STRONG> (Thumb, 10 bytes, Stack size 4 bytes, taskmanager.o(i.__sti___15_TaskManager_cpp_tskmgr))
<BR><BR>[Stack]<UL><LI>Max Depth = 4<LI>Call Chain = __sti___15_TaskManager_cpp_tskmgr
</UL>
<BR>[Calls]<UL><LI><a href="#[b6]">&gt;&gt;</a>&nbsp;&nbsp;&nbsp;TaskManager::TaskManager()
</UL>
<BR>[Address Reference Count : 1]<UL><LI> taskmanager.o(.init_array)
</UL>
<P><STRONG><a name="[56]"></a>SetSysClock</STRONG> (Thumb, 8 bytes, Stack size 8 bytes, system_stm32f10x.o(i.SetSysClock))
<BR><BR>[Stack]<UL><LI>Max Depth = 20<LI>Call Chain = SetSysClock &rArr; SetSysClockTo72
</UL>
<BR>[Calls]<UL><LI><a href="#[57]">&gt;&gt;</a>&nbsp;&nbsp;&nbsp;SetSysClockTo72
</UL>
<BR>[Called By]<UL><LI><a href="#[36]">&gt;&gt;</a>&nbsp;&nbsp;&nbsp;SystemInit
</UL>

<P><STRONG><a name="[57]"></a>SetSysClockTo72</STRONG> (Thumb, 214 bytes, Stack size 12 bytes, system_stm32f10x.o(i.SetSysClockTo72))
<BR><BR>[Stack]<UL><LI>Max Depth = 12<LI>Call Chain = SetSysClockTo72
</UL>
<BR>[Called By]<UL><LI><a href="#[56]">&gt;&gt;</a>&nbsp;&nbsp;&nbsp;SetSysClock
</UL>
<P>
<H3>
Undefined Global Symbols
</H3><HR></body></html>
